Archive member included to satisfy reference by file (symbol)

c:/program files (x86)/microchip/xc32/v2.15/bin/bin/../../lib/gcc/pic32c/6.2.1/../../../../pic32c/lib/v7e-m/fpv5/hard\libpic32c.a(data_init.o)
                              build/sam_e70_xult_freertos/debug/_ext/1552905064/startup_xc32.o (__pic32c_data_initialization)
c:/program files (x86)/microchip/xc32/v2.15/bin/bin/../../lib/gcc/pic32c/6.2.1/v7e-m/fpv5/hard\libgcc.a(_aeabi_uldivmod.o)
                              build/sam_e70_xult_freertos/debug/_ext/1607428259/drv_ethphy.o (__aeabi_uldivmod)
c:/program files (x86)/microchip/xc32/v2.15/bin/bin/../../lib/gcc/pic32c/6.2.1/v7e-m/fpv5/hard\libgcc.a(_udivmoddi4.o)
                              c:/program files (x86)/microchip/xc32/v2.15/bin/bin/../../lib/gcc/pic32c/6.2.1/v7e-m/fpv5/hard\libgcc.a(_aeabi_uldivmod.o) (__udivmoddi4)
c:/program files (x86)/microchip/xc32/v2.15/bin/bin/../../lib/gcc/pic32c/6.2.1/v7e-m/fpv5/hard\libgcc.a(_dvmd_tls.o)
                              c:/program files (x86)/microchip/xc32/v2.15/bin/bin/../../lib/gcc/pic32c/6.2.1/v7e-m/fpv5/hard\libgcc.a(_aeabi_uldivmod.o) (__aeabi_ldiv0)
c:/program files (x86)/microchip/xc32/v2.15/bin/bin/../../lib/gcc/pic32c/6.2.1/../../../../pic32c/lib/v7e-m/fpv5/hard\libg.a(lib_a-atoi.o)
                              build/sam_e70_xult_freertos/debug/_ext/810785262/tcpip_commands.o (atoi)
c:/program files (x86)/microchip/xc32/v2.15/bin/bin/../../lib/gcc/pic32c/6.2.1/../../../../pic32c/lib/v7e-m/fpv5/hard\libg.a(lib_a-calloc.o)
                              build/sam_e70_xult_freertos/debug/_ext/1552905064/initialization.o (calloc)
c:/program files (x86)/microchip/xc32/v2.15/bin/bin/../../lib/gcc/pic32c/6.2.1/../../../../pic32c/lib/v7e-m/fpv5/hard\libg.a(lib_a-callocr.o)
                              c:/program files (x86)/microchip/xc32/v2.15/bin/bin/../../lib/gcc/pic32c/6.2.1/../../../../pic32c/lib/v7e-m/fpv5/hard\libg.a(lib_a-calloc.o) (_calloc_r)
c:/program files (x86)/microchip/xc32/v2.15/bin/bin/../../lib/gcc/pic32c/6.2.1/../../../../pic32c/lib/v7e-m/fpv5/hard\libg.a(lib_a-exit.o)
                              c:/program files (x86)/microchip/xc32/v2.15/bin/bin/../../lib/gcc/pic32c/6.2.1/../../../../pic32c/lib/v7e-m/fpv5/hard/crt0.o (exit)
c:/program files (x86)/microchip/xc32/v2.15/bin/bin/../../lib/gcc/pic32c/6.2.1/../../../../pic32c/lib/v7e-m/fpv5/hard\libg.a(lib_a-impure.o)
                              c:/program files (x86)/microchip/xc32/v2.15/bin/bin/../../lib/gcc/pic32c/6.2.1/../../../../pic32c/lib/v7e-m/fpv5/hard\libg.a(lib_a-exit.o) (_global_impure_ptr)
c:/program files (x86)/microchip/xc32/v2.15/bin/bin/../../lib/gcc/pic32c/6.2.1/../../../../pic32c/lib/v7e-m/fpv5/hard\libg.a(lib_a-init.o)
                              c:/program files (x86)/microchip/xc32/v2.15/bin/bin/../../lib/gcc/pic32c/6.2.1/../../../../pic32c/lib/v7e-m/fpv5/hard/crt0.o (__libc_init_array)
c:/program files (x86)/microchip/xc32/v2.15/bin/bin/../../lib/gcc/pic32c/6.2.1/../../../../pic32c/lib/v7e-m/fpv5/hard\libg.a(lib_a-locale.o)
                              build/sam_e70_xult_freertos/debug/_ext/810785262/helpers.o (__locale_ctype_ptr)
c:/program files (x86)/microchip/xc32/v2.15/bin/bin/../../lib/gcc/pic32c/6.2.1/../../../../pic32c/lib/v7e-m/fpv5/hard\libg.a(lib_a-malloc.o)
                              build/sam_e70_xult_freertos/debug/_ext/762686499/sys_command.o (malloc)
c:/program files (x86)/microchip/xc32/v2.15/bin/bin/../../lib/gcc/pic32c/6.2.1/../../../../pic32c/lib/v7e-m/fpv5/hard\libg.a(lib_a-mallocr.o)
                              c:/program files (x86)/microchip/xc32/v2.15/bin/bin/../../lib/gcc/pic32c/6.2.1/../../../../pic32c/lib/v7e-m/fpv5/hard\libg.a(lib_a-callocr.o) (_malloc_r)
c:/program files (x86)/microchip/xc32/v2.15/bin/bin/../../lib/gcc/pic32c/6.2.1/../../../../pic32c/lib/v7e-m/fpv5/hard\libg.a(lib_a-mbtowc_r.o)
                              c:/program files (x86)/microchip/xc32/v2.15/bin/bin/../../lib/gcc/pic32c/6.2.1/../../../../pic32c/lib/v7e-m/fpv5/hard\libg.a(lib_a-locale.o) (__ascii_mbtowc)
c:/program files (x86)/microchip/xc32/v2.15/bin/bin/../../lib/gcc/pic32c/6.2.1/../../../../pic32c/lib/v7e-m/fpv5/hard\libg.a(lib_a-memcmp.o)
                              build/sam_e70_xult_freertos/debug/_ext/1619526243/drv_gmac.o (memcmp)
c:/program files (x86)/microchip/xc32/v2.15/bin/bin/../../lib/gcc/pic32c/6.2.1/../../../../pic32c/lib/v7e-m/fpv5/hard\libg.a(lib_a-memcpy.o)
                              build/sam_e70_xult_freertos/debug/_ext/1619526243/drv_gmac.o (memcpy)
c:/program files (x86)/microchip/xc32/v2.15/bin/bin/../../lib/gcc/pic32c/6.2.1/../../../../pic32c/lib/v7e-m/fpv5/hard\libg.a(lib_a-memset.o)
                              c:/program files (x86)/microchip/xc32/v2.15/bin/bin/../../lib/gcc/pic32c/6.2.1/../../../../pic32c/lib/v7e-m/fpv5/hard/crt0.o (memset)
c:/program files (x86)/microchip/xc32/v2.15/bin/bin/../../lib/gcc/pic32c/6.2.1/../../../../pic32c/lib/v7e-m/fpv5/hard\libg.a(lib_a-mlock.o)
[...]
Memory Configuration

Name             Origin             Length             Attributes
rom              0x00400000         0x00200000         xr
ram              0x20400000         0x00060000         xrw
itcm             0x00000000         0x00000000         xrw
dtcm             0x20000000         0x00000000         xrw
*default*        0x00000000         0xffffffff
tcm              0x00000000         0xffffffff

Linker script and memory map

LOAD c:/program files (x86)/microchip/xc32/v2.15/bin/bin/../../lib/gcc/pic32c/6.2.1/v7e-m/fpv5/hard/crti.o
LOAD c:/program files (x86)/microchip/xc32/v2.15/bin/bin/../../lib/gcc/pic32c/6.2.1/v7e-m/fpv5/hard/crtbegin.o
LOAD c:/program files (x86)/microchip/xc32/v2.15/bin/bin/../../lib/gcc/pic32c/6.2.1/../../../../pic32c/lib/v7e-m/fpv5/hard/crt0.o
LOAD build/sam_e70_xult_freertos/debug/_ext/683629640/bsp.o
LOAD build/sam_e70_xult_freertos/debug/_ext/1607428259/drv_ethphy.o
LOAD build/sam_e70_xult_freertos/debug/_ext/1607428259/drv_extphy_smsc8740.o
LOAD build/sam_e70_xult_freertos/debug/_ext/1619526243/drv_gmac.o
LOAD build/sam_e70_xult_freertos/debug/_ext/1619526243/drv_gmac_lib_samE7x_V7x.o
LOAD build/sam_e70_xult_freertos/debug/_ext/511568427/drv_miim.o
LOAD build/sam_e70_xult_freertos/debug/_ext/810785262/helpers.o
LOAD build/sam_e70_xult_freertos/debug/_ext/810785262/dns.o
LOAD build/sam_e70_xult_freertos/debug/_ext/810785262/icmp.o
LOAD build/sam_e70_xult_freertos/debug/_ext/810785262/tcp.o
LOAD build/sam_e70_xult_freertos/debug/_ext/810785262/dhcp.o
LOAD build/sam_e70_xult_freertos/debug/_ext/810785262/arp.o
LOAD build/sam_e70_xult_freertos/debug/_ext/810785262/tcpip_commands.o
LOAD build/sam_e70_xult_freertos/debug/_ext/810785262/ipv4.o
LOAD build/sam_e70_xult_freertos/debug/_ext/810785262/tcpip_heap_alloc.o
LOAD build/sam_e70_xult_freertos/debug/_ext/810785262/tcpip_heap_internal.o
LOAD build/sam_e70_xult_freertos/debug/_ext/810785262/hash_fnv.o
LOAD build/sam_e70_xult_freertos/debug/_ext/810785262/oahash.o
LOAD build/sam_e70_xult_freertos/debug/_ext/810785262/tcpip_helpers.o
LOAD build/sam_e70_xult_freertos/debug/_ext/810785262/tcpip_manager.o
LOAD build/sam_e70_xult_freertos/debug/_ext/810785262/tcpip_notify.o
LOAD build/sam_e70_xult_freertos/debug/_ext/810785262/tcpip_packet.o
LOAD build/sam_e70_xult_freertos/debug/_ext/810785262/udp.o
LOAD build/sam_e70_xult_freertos/debug/_ext/45647770/plib_clk.o
LOAD build/sam_e70_xult_freertos/debug/_ext/45638026/plib_mpu.o
LOAD build/sam_e70_xult_freertos/debug/_ext/1414743522/plib_nvic.o
LOAD build/sam_e70_xult_freertos/debug/_ext/45635366/plib_pio.o
LOAD build/sam_e70_xult_freertos/debug/_ext/1245453995/plib_tc0.o
LOAD build/sam_e70_xult_freertos/debug/_ext/901008055/plib_usart1.o
LOAD build/sam_e70_xult_freertos/debug/_ext/146190766/xc32_monitor.o
LOAD build/sam_e70_xult_freertos/debug/_ext/992551865/sys_cache.o
LOAD build/sam_e70_xult_freertos/debug/_ext/762686499/sys_console.o
LOAD build/sam_e70_xult_freertos/debug/_ext/762686499/sys_console_uart.o
LOAD build/sam_e70_xult_freertos/debug/_ext/762686499/sys_debug.o
LOAD build/sam_e70_xult_freertos/debug/_ext/762686499/sys_command.o
LOAD build/sam_e70_xult_freertos/debug/_ext/1775855163/sys_int.o
LOAD build/sam_e70_xult_freertos/debug/_ext/912870411/sys_time.o
LOAD build/sam_e70_xult_freertos/debug/_ext/231871610/sys_time_h2_adapter.o
LOAD build/sam_e70_xult_freertos/debug/_ext/1552905064/tasks.o
LOAD build/sam_e70_xult_freertos/debug/_ext/1552905064/initialization.o
LOAD build/sam_e70_xult_freertos/debug/_ext/1552905064/interrupts.o
LOAD build/sam_e70_xult_freertos/debug/_ext/1552905064/exceptions.o
LOAD build/sam_e70_xult_freertos/debug/_ext/1552905064/startup_xc32.o
LOAD build/sam_e70_xult_freertos/debug/_ext/1552905064/libc_syscalls.o
LOAD build/sam_e70_xult_freertos/debug/_ext/1552905064/freertos_hooks.o
LOAD build/sam_e70_xult_freertos/debug/_ext/977623654/port.o
LOAD build/sam_e70_xult_freertos/debug/_ext/1665200909/heap_3.o
LOAD build/sam_e70_xult_freertos/debug/_ext/404212886/croutine.o
LOAD build/sam_e70_xult_freertos/debug/_ext/404212886/list.o
LOAD build/sam_e70_xult_freertos/debug/_ext/404212886/queue.o
LOAD build/sam_e70_xult_freertos/debug/_ext/404212886/FreeRTOS_tasks.o
LOAD build/sam_e70_xult_freertos/debug/_ext/404212886/timers.o
LOAD build/sam_e70_xult_freertos/debug/_ext/404212886/event_groups.o
LOAD build/sam_e70_xult_freertos/debug/_ext/404212886/stream_buffer.o
LOAD build/sam_e70_xult_freertos/debug/_ext/281930714/osal_freertos.o
LOAD build/sam_e70_xult_freertos/debug/_ext/1360937237/app_commands.o
LOAD build/sam_e70_xult_freertos/debug/_ext/1360937237/app.o
LOAD build/sam_e70_xult_freertos/debug/_ext/1360937237/main.o
                0x00000001                __MPLAB_BUILD = 0x1
                0x00000001                __ICD2RAM = 0x1
                0x00000001                __MPLAB_DEBUG = 0x1
                0x00000001                __DEBUG = 0x1
                0x00017ac0                _min_heap_size = 0x17ac0
START GROUP
LOAD c:/program files (x86)/microchip/xc32/v2.15/bin/bin/../../lib/gcc/pic32c/6.2.1/../../../../pic32c/lib/v7e-m/fpv5/hard\libpic32c.a
LOAD c:/program files (x86)/microchip/xc32/v2.15/bin/bin/../../lib/gcc/pic32c/6.2.1/v7e-m/fpv5/hard\libgcc.a
LOAD c:/program files (x86)/microchip/xc32/v2.15/bin/bin/../../lib/gcc/pic32c/6.2.1/../../../../pic32c/lib/v7e-m/fpv5/hard\libg.a
LOAD c:/program files (x86)/microchip/xc32/v2.15/bin/bin/../../lib/gcc/pic32c/6.2.1/../../../../pic32c/lib/v7e-m/fpv5/hard\libc.a
LOAD c:/program files (x86)/microchip/xc32/v2.15/bin/bin/../../lib/gcc/pic32c/6.2.1/../../../../pic32c/lib/v7e-m/fpv5/hard\libm.a
END GROUP
LOAD c:/program files (x86)/microchip/xc32/v2.15/bin/bin/../../lib/gcc/pic32c/6.2.1/v7e-m/fpv5/hard/crtend.o
LOAD c:/program files (x86)/microchip/xc32/v2.15/bin/bin/../../lib/gcc/pic32c/6.2.1/v7e-m/fpv5/hard/crtn.o
                0x00600000                __rom_end = (ORIGIN (rom) + LENGTH (rom))
                0x20460000                __ram_end = (ORIGIN (ram) + LENGTH (ram))

.vectors        0x00400000      0x168
                0x00400000                . = ALIGN (0x4)
                0x00400000                _sfixed = .
 *(.vectors .vectors.* .vectors_default .vectors_default.*)
 .vectors       0x00400000      0x168 build/sam_e70_xult_freertos/debug/_ext/1552905064/interrupts.o
                0x00400000                exception_table
 *(.isr_vector)
 *(.reset*)
 *(.after_vectors)

.text           0x00400168       0x24
                0x00400168                . = ALIGN (0x4)
 *(.glue_7t)
 .glue_7t       0x00400168        0x0 linker stubs
 *(.glue_7)
 .glue_7        0x00400168        0x0 linker stubs
 *(.gnu.linkonce.r.*)
 *(.ARM.extab* .gnu.linkonce.armextab.*)
                0x00400168                . = ALIGN (0x4)
 *(.init)
 .init          0x00400168        0x4 c:/program files (x86)/microchip/xc32/v2.15/bin/bin/../../lib/gcc/pic32c/6.2.1/v7e-m/fpv5/hard/crti.o
                0x00400168                _init
 .init          0x0040016c        0x8 c:/program files (x86)/microchip/xc32/v2.15/bin/bin/../../lib/gcc/pic32c/6.2.1/v7e-m/fpv5/hard/crtn.o
                0x00400174                . = ALIGN (0x4)
                0x00400174                __preinit_array_start = .
 *(.preinit_array)
                0x00400174                __preinit_array_end = .
                0x00400174                . = ALIGN (0x4)
                0x00400174                __init_array_start = .
 *(SORT(.init_array.*))
 .init_array.00000
                0x00400174        0x4 c:/program files (x86)/microchip/xc32/v2.15/bin/bin/../../lib/gcc/pic32c/6.2.1/../../../../pic32c/lib/v7e-m/fpv5/hard\libg.a(lib_a-__call_atexit.o)
 *(.init_array)
 .init_array    0x00400178        0x4 c:/program files (x86)/microchip/xc32/v2.15/bin/bin/../../lib/gcc/pic32c/6.2.1/v7e-m/fpv5/hard/crtbegin.o
                0x0040017c                __init_array_end = .
                0x0040017c                . = ALIGN (0x4)
 *crtbegin.o(.ctors)
 *(EXCLUDE_FILE(*crtend.o) .ctors)
 *(SORT(.ctors.*))
 *crtend.o(.ctors)
                0x0040017c                . = ALIGN (0x4)
 *(.fini)
 .fini          0x0040017c        0x4 c:/program files (x86)/microchip/xc32/v2.15/bin/bin/../../lib/gcc/pic32c/6.2.1/v7e-m/fpv5/hard/crti.o
                0x0040017c                _fini
 .fini          0x00400180        0x8 c:/program files (x86)/microchip/xc32/v2.15/bin/bin/../../lib/gcc/pic32c/6.2.1/v7e-m/fpv5/hard/crtn.o
                0x00400188                . = ALIGN (0x4)
                0x00400188                __fini_array_start = .
 *(.fini_array)
 .fini_array    0x00400188        0x4 c:/program files (x86)/microchip/xc32/v2.15/bin/bin/../../lib/gcc/pic32c/6.2.1/v7e-m/fpv5/hard/crtbegin.o
 *(SORT(.fini_array.*))
                0x0040018c                __fini_array_end = .
 *crtbegin.o(.dtors)
 *(EXCLUDE_FILE(*crtend.o) .dtors)
 *(SORT(.dtors.*))
 *crtend.o(.dtors)
                0x0040018c                . = ALIGN (0x4)
                0x0040018c                _efixed = .
                [!provide]                PROVIDE (__exidx_start, .)

.ARM.exidx      0x0040018c        0x8
 *(.ARM.exidx* .gnu.linkonce.armexidx.*)
 .ARM.exidx     0x0040018c        0x8 c:/program files (x86)/microchip/xc32/v2.15/bin/bin/../../lib/gcc/pic32c/6.2.1/v7e-m/fpv5/hard\libgcc.a(_udivmoddi4.o)
                [!provide]                PROVIDE (__exidx_end, .)
                0x00400194                . = ALIGN (0x4)
                0x00400194                _etext = .

.bss            0x20400000      0x170
                0x20400000                . = ALIGN (0x4)
                0x20400000                __bss_start__ = .
                0x20400000                _sbss = .
                0x20400000                _szero = .
 *(COMMON)
 COMMON         0x20400000        0x8 build/sam_e70_xult_freertos/debug/_ext/1245453995/plib_tc0.o
                0x20400000                TC0_CH0_CallbackObj
 COMMON         0x20400008       0x30 build/sam_e70_xult_freertos/debug/_ext/901008055/plib_usart1.o
                0x20400008                usart1Obj
 COMMON         0x20400038        0x9 build/sam_e70_xult_freertos/debug/_ext/762686499/sys_debug.o
                0x20400038                sysDebugInstance
                0x20400040                gblErrLvl
 *fill*         0x20400041        0x3 
 COMMON         0x20400044        0x4 build/sam_e70_xult_freertos/debug/_ext/1552905064/tasks.o
                0x20400044                xAPP_Tasks
 COMMON         0x20400048       0x14 build/sam_e70_xult_freertos/debug/_ext/1552905064/initialization.o
                0x20400048                sysObj
 COMMON         0x2040005c       0xff build/sam_e70_xult_freertos/debug/_ext/1360937237/app_commands.o
                0x2040005c                APP_URL_Buffer
 *fill*         0x2040015b        0x1 
 COMMON         0x2040015c       0x10 build/sam_e70_xult_freertos/debug/_ext/1360937237/app.o
                0x2040015c                appData
 COMMON         0x2040016c        0x4 c:/program files (x86)/microchip/xc32/v2.15/bin/bin/../../lib/gcc/pic32c/6.2.1/../../../../pic32c/lib/v7e-m/fpv5/hard\libg.a(lib_a-reent.o)
                0x2040016c                errno
                0x20400170                . = ALIGN (0x4)
                0x20400170                __bss_end__ = .
                0x20400170                _ebss = .
                0x20400170                _ezero = .
                0x20400170                . = ALIGN (0x4)
                0x20400170                _end = .
                0x2045ffff                _ram_end_ = ((ORIGIN (ram) + LENGTH (ram)) - 0x1)
OUTPUT(dist/sam_e70_xult_freertos/debug/sam_e70_xult_freertos.X.debug.elf elf32-littlearm)
LOAD stack
LOAD data_init

.ARM.attributes
                0x00000000       0x2e
 .ARM.attributes
                0x00000000       0x20 c:/program files (x86)/microchip/xc32/v2.15/bin/bin/../../lib/gcc/pic32c/6.2.1/v7e-m/fpv5/hard/crti.o
 .ARM.attributes
                0x00000020       0x32 c:/program files (x86)/microchip/xc32/v2.15/bin/bin/../../lib/gcc/pic32c/6.2.1/v7e-m/fpv5/hard/crtbegin.o
 .ARM.attributes
                0x00000052       0x37 build/sam_e70_xult_freertos/debug/_ext/683629640/bsp.o
 .ARM.attributes
                0x00000089       0x37 build/sam_e70_xult_freertos/debug/_ext/1607428259/drv_ethphy.o
 .ARM.attributes
                0x000000c0       0x37 build/sam_e70_xult_freertos/debug/_ext/1607428259/drv_extphy_smsc8740.o
 .ARM.attributes
                0x000000f7       0x37 build/sam_e70_xult_freertos/debug/_ext/1619526243/drv_gmac.o
 .ARM.attributes
                0x0000012e       0x37 build/sam_e70_xult_freertos/debug/_ext/1619526243/drv_gmac_lib_samE7x_V7x.o
 .ARM.attributes
                0x00000165       0x37 build/sam_e70_xult_freertos/debug/_ext/511568427/drv_miim.o
 .ARM.attributes
                0x0000019c       0x37 build/sam_e70_xult_freertos/debug/_ext/810785262/helpers.o
 .ARM.attributes
                0x000001d3       0x37 build/sam_e70_xult_freertos/debug/_ext/810785262/dns.o
 .ARM.attributes
                0x0000020a       0x37 build/sam_e70_xult_freertos/debug/_ext/810785262/icmp.o
 .ARM.attributes
                0x00000241       0x37 build/sam_e70_xult_freertos/debug/_ext/810785262/tcp.o
 .ARM.attributes
                0x00000278       0x37 build/sam_e70_xult_freertos/debug/_ext/810785262/dhcp.o
 .ARM.attributes
                0x000002af       0x37 build/sam_e70_xult_freertos/debug/_ext/810785262/arp.o
 .ARM.attributes
                0x000002e6       0x37 build/sam_e70_xult_freertos/debug/_ext/810785262/tcpip_commands.o
 .ARM.attributes
                0x0000031d       0x37 build/sam_e70_xult_freertos/debug/_ext/810785262/ipv4.o
 .ARM.attributes
                0x00000354       0x37 build/sam_e70_xult_freertos/debug/_ext/810785262/tcpip_heap_alloc.o
 .ARM.attributes
                0x0000038b       0x37 build/sam_e70_xult_freertos/debug/_ext/810785262/tcpip_heap_internal.o
 .ARM.attributes
                0x000003c2       0x37 build/sam_e70_xult_freertos/debug/_ext/810785262/hash_fnv.o
 .ARM.attributes
                0x000003f9       0x37 build/sam_e70_xult_freertos/debug/_ext/810785262/oahash.o
 .ARM.attributes
                0x00000430       0x37 build/sam_e70_xult_freertos/debug/_ext/810785262/tcpip_helpers.o
 .ARM.attributes
                0x00000467       0x37 build/sam_e70_xult_freertos/debug/_ext/810785262/tcpip_manager.o
 .ARM.attributes
                0x0000049e       0x37 build/sam_e70_xult_freertos/debug/_ext/810785262/tcpip_notify.o
 .ARM.attributes
                0x000004d5       0x37 build/sam_e70_xult_freertos/debug/_ext/810785262/tcpip_packet.o
 .ARM.attributes
                0x0000050c       0x37 build/sam_e70_xult_freertos/debug/_ext/810785262/udp.o
 .ARM.attributes
                0x00000543       0x37 build/sam_e70_xult_freertos/debug/_ext/45647770/plib_clk.o
 .ARM.attributes
                0x0000057a       0x37 build/sam_e70_xult_freertos/debug/_ext/45638026/plib_mpu.o
 .ARM.attributes
                0x000005b1       0x37 build/sam_e70_xult_freertos/debug/_ext/1414743522/plib_nvic.o
 .ARM.attributes
                0x000005e8       0x37 build/sam_e70_xult_freertos/debug/_ext/45635366/plib_pio.o
 .ARM.attributes
                0x0000061f       0x37 build/sam_e70_xult_freertos/debug/_ext/1245453995/plib_tc0.o
 .ARM.attributes
                0x00000656       0x37 build/sam_e70_xult_freertos/debug/_ext/901008055/plib_usart1.o
 .ARM.attributes
                0x0000068d       0x37 build/sam_e70_xult_freertos/debug/_ext/762686499/sys_console.o
 .ARM.attributes
                0x000006c4       0x37 build/sam_e70_xult_freertos/debug/_ext/762686499/sys_console_uart.o
 .ARM.attributes
                0x000006fb       0x37 build/sam_e70_xult_freertos/debug/_ext/762686499/sys_debug.o
 .ARM.attributes
                0x00000732       0x37 build/sam_e70_xult_freertos/debug/_ext/762686499/sys_command.o
 .ARM.attributes
                0x00000769       0x37 build/sam_e70_xult_freertos/debug/_ext/1775855163/sys_int.o
 .ARM.attributes
                0x000007a0       0x37 build/sam_e70_xult_freertos/debug/_ext/912870411/sys_time.o
 .ARM.attributes
                0x000007d7       0x37 build/sam_e70_xult_freertos/debug/_ext/231871610/sys_time_h2_adapter.o
 .ARM.attributes
                0x0000080e       0x37 build/sam_e70_xult_freertos/debug/_ext/1552905064/tasks.o
 .ARM.attributes
                0x00000845       0x37 build/sam_e70_xult_freertos/debug/_ext/1552905064/initialization.o
 .ARM.attributes
                0x0000087c       0x37 build/sam_e70_xult_freertos/debug/_ext/1552905064/interrupts.o
 .ARM.attributes
                0x000008b3       0x37 build/sam_e70_xult_freertos/debug/_ext/1552905064/exceptions.o
 .ARM.attributes
                0x000008ea       0x37 build/sam_e70_xult_freertos/debug/_ext/1552905064/startup_xc32.o
 .ARM.attributes
                0x00000921       0x37 build/sam_e70_xult_freertos/debug/_ext/1552905064/freertos_hooks.o
 .ARM.attributes
                0x00000958       0x37 build/sam_e70_xult_freertos/debug/_ext/977623654/port.o
 .ARM.attributes
                0x0000098f       0x37 build/sam_e70_xult_freertos/debug/_ext/1665200909/heap_3.o
 .ARM.attributes
                0x000009c6       0x37 build/sam_e70_xult_freertos/debug/_ext/404212886/list.o
 .ARM.attributes
                0x000009fd       0x37 build/sam_e70_xult_freertos/debug/_ext/404212886/queue.o
 .ARM.attributes
                0x00000a34       0x37 build/sam_e70_xult_freertos/debug/_ext/404212886/FreeRTOS_tasks.o
 .ARM.attributes
                0x00000a6b       0x37 build/sam_e70_xult_freertos/debug/_ext/281930714/osal_freertos.o
 .ARM.attributes
                0x00000aa2       0x37 build/sam_e70_xult_freertos/debug/_ext/1360937237/app_commands.o
 .ARM.attributes
                0x00000ad9       0x37 build/sam_e70_xult_freertos/debug/_ext/1360937237/app.o
 .ARM.attributes
                0x00000b10       0x37 build/sam_e70_xult_freertos/debug/_ext/1360937237/main.o
 .ARM.attributes
                0x00000b47       0x32 c:/program files (x86)/microchip/xc32/v2.15/bin/bin/../../lib/gcc/pic32c/6.2.1/../../../../pic32c/lib/v7e-m/fpv5/hard\libpic32c.a(data_init.o)
 .ARM.attributes
                0x00000b79       0x20 c:/program files (x86)/microchip/xc32/v2.15/bin/bin/../../lib/gcc/pic32c/6.2.1/v7e-m/fpv5/hard\libgcc.a(_aeabi_uldivmod.o)
 .ARM.attributes
                0x00000b99       0x32 c:/program files (x86)/microchip/xc32/v2.15/bin/bin/../../lib/gcc/pic32c/6.2.1/v7e-m/fpv5/hard\libgcc.a(_udivmoddi4.o)
 .ARM.attributes
                0x00000bcb       0x20 c:/program files (x86)/microchip/xc32/v2.15/bin/bin/../../lib/gcc/pic32c/6.2.1/v7e-m/fpv5/hard\libgcc.a(_dvmd_tls.o)
 .ARM.attributes
                0x00000beb       0x32 c:/program files (x86)/microchip/xc32/v2.15/bin/bin/../../lib/gcc/pic32c/6.2.1/../../../../pic32c/lib/v7e-m/fpv5/hard\libg.a(lib_a-atoi.o)
 .ARM.attributes
                0x00000c1d       0x32 c:/program files (x86)/microchip/xc32/v2.15/bin/bin/../../lib/gcc/pic32c/6.2.1/../../../../pic32c/lib/v7e-m/fpv5/hard\libg.a(lib_a-calloc.o)
 .ARM.attributes
                0x00000c4f       0x32 c:/program files (x86)/microchip/xc32/v2.15/bin/bin/../../lib/gcc/pic32c/6.2.1/../../../../pic32c/lib/v7e-m/fpv5/hard\libg.a(lib_a-callocr.o)
 .ARM.attributes
                0x00000c81       0x32 c:/program files (x86)/microchip/xc32/v2.15/bin/bin/../../lib/gcc/pic32c/6.2.1/../../../../pic32c/lib/v7e-m/fpv5/hard\libg.a(lib_a-impure.o)
 .ARM.attributes
                0x00000cb3       0x32 c:/program files (x86)/microchip/xc32/v2.15/bin/bin/../../lib/gcc/pic32c/6.2.1/../../../../pic32c/lib/v7e-m/fpv5/hard\libg.a(lib_a-init.o)
 .ARM.attributes
                0x00000ce5       0x32 c:/program files (x86)/microchip/xc32/v2.15/bin/bin/../../lib/gcc/pic32c/6.2.1/../../../../pic32c/lib/v7e-m/fpv5/hard\libg.a(lib_a-locale.o)
 .ARM.attributes
                0x00000d17       0x32 c:/program files (x86)/microchip/xc32/v2.15/bin/bin/../../lib/gcc/pic32c/6.2.1/../../../../pic32c/lib/v7e-m/fpv5/hard\libg.a(lib_a-malloc.o)
 .ARM.attributes
                0x00000d49       0x32 c:/program files (x86)/microchip/xc32/v2.15/bin/bin/../../lib/gcc/pic32c/6.2.1/../../../../pic32c/lib/v7e-m/fpv5/hard\libg.a(lib_a-mallocr.o)
 .ARM.attributes
                0x00000d7b       0x32 c:/program files (x86)/microchip/xc32/v2.15/bin/bin/../../lib/gcc/pic32c/6.2.1/../../../../pic32c/lib/v7e-m/fpv5/hard\libg.a(lib_a-mbtowc_r.o)
 .ARM.attributes
                0x00000dad       0x32 c:/program files (x86)/microchip/xc32/v2.15/bin/bin/../../lib/gcc/pic32c/6.2.1/../../../../pic32c/lib/v7e-m/fpv5/hard\libg.a(lib_a-memcmp.o)
 .ARM.attributes
                0x00000ddf       0x1e c:/program files (x86)/microchip/xc32/v2.15/bin/bin/../../lib/gcc/pic32c/6.2.1/../../../../pic32c/lib/v7e-m/fpv5/hard\libg.a(lib_a-memcpy.o)
 .ARM.attributes
                0x00000dfd       0x32 c:/program files (x86)/microchip/xc32/v2.15/bin/bin/../../lib/gcc/pic32c/6.2.1/../../../../pic32c/lib/v7e-m/fpv5/hard\libg.a(lib_a-memset.o)
 .ARM.attributes
                0x00000e2f       0x32 c:/program files (x86)/microchip/xc32/v2.15/bin/bin/../../lib/gcc/pic32c/6.2.1/../../../../pic32c/lib/v7e-m/fpv5/hard\libg.a(lib_a-mlock.o)
 .ARM.attributes
                0x00000e61       0x32 c:/program files (x86)/microchip/xc32/v2.15/bin/bin/../../lib/gcc/pic32c/6.2.1/../../../../pic32c/lib/v7e-m/fpv5/hard\libg.a(lib_a-rand.o)
 .ARM.attributes
                0x00000e93       0x32 c:/program files (x86)/microchip/xc32/v2.15/bin/bin/../../lib/gcc/pic32c/6.2.1/../../../../pic32c/lib/v7e-m/fpv5/hard\libg.a(lib_a-sbrkr.o)
 .ARM.attributes
                0x00000ec5       0x32 c:/program files (x86)/microchip/xc32/v2.15/bin/bin/../../lib/gcc/pic32c/6.2.1/../../../../pic32c/lib/v7e-m/fpv5/hard\libg.a(lib_a-snprintf.o)
 .ARM.attributes
                0x00000ef7       0x32 c:/program files (x86)/microchip/xc32/v2.15/bin/bin/../../lib/gcc/pic32c/6.2.1/../../../../pic32c/lib/v7e-m/fpv5/hard\libg.a(lib_a-sprintf.o)
 .ARM.attributes
                0x00000f29       0x32 c:/program files (x86)/microchip/xc32/v2.15/bin/bin/../../lib/gcc/pic32c/6.2.1/../../../../pic32c/lib/v7e-m/fpv5/hard\libg.a(lib_a-strchr.o)
 .ARM.attributes
                0x00000f5b       0x1e c:/program files (x86)/microchip/xc32/v2.15/bin/bin/../../lib/gcc/pic32c/6.2.1/../../../../pic32c/lib/v7e-m/fpv5/hard\libg.a(lib_a-strcmp.o)
 .ARM.attributes
                0x00000f79       0x32 c:/program files (x86)/microchip/xc32/v2.15/bin/bin/../../lib/gcc/pic32c/6.2.1/../../../../pic32c/lib/v7e-m/fpv5/hard\libg.a(lib_a-strcpy.o)
 .ARM.attributes
                0x00000fab       0x1e c:/program files (x86)/microchip/xc32/v2.15/bin/bin/../../lib/gcc/pic32c/6.2.1/../../../../pic32c/lib/v7e-m/fpv5/hard\libg.a(lib_a-strlen.o)
 .ARM.attributes
                0x00000fc9       0x32 c:/program files (x86)/microchip/xc32/v2.15/bin/bin/../../lib/gcc/pic32c/6.2.1/../../../../pic32c/lib/v7e-m/fpv5/hard\libg.a(lib_a-strncpy.o)
 .ARM.attributes
                0x00000ffb       0x32 c:/program files (x86)/microchip/xc32/v2.15/bin/bin/../../lib/gcc/pic32c/6.2.1/../../../../pic32c/lib/v7e-m/fpv5/hard\libg.a(lib_a-strstr.o)
 .ARM.attributes
                0x0000102d       0x32 c:/program files (x86)/microchip/xc32/v2.15/bin/bin/../../lib/gcc/pic32c/6.2.1/../../../../pic32c/lib/v7e-m/fpv5/hard\libg.a(lib_a-strtol.o)
 .ARM.attributes
                0x0000105f       0x32 c:/program files (x86)/microchip/xc32/v2.15/bin/bin/../../lib/gcc/pic32c/6.2.1/../../../../pic32c/lib/v7e-m/fpv5/hard\libg.a(lib_a-svfprintf.o)
 .ARM.attributes
                0x00001091       0x32 c:/program files (x86)/microchip/xc32/v2.15/bin/bin/../../lib/gcc/pic32c/6.2.1/../../../../pic32c/lib/v7e-m/fpv5/hard\libg.a(lib_a-vsnprintf.o)
 .ARM.attributes
                0x000010c3       0x32 c:/program files (x86)/microchip/xc32/v2.15/bin/bin/../../lib/gcc/pic32c/6.2.1/../../../../pic32c/lib/v7e-m/fpv5/hard\libg.a(lib_a-wctomb_r.o)
 .ARM.attributes
                0x000010f5       0x32 c:/program files (x86)/microchip/xc32/v2.15/bin/bin/../../lib/gcc/pic32c/6.2.1/../../../../pic32c/lib/v7e-m/fpv5/hard\libg.a(lib_a-__call_atexit.o)
 .ARM.attributes
                0x00001127       0x32 c:/program files (x86)/microchip/xc32/v2.15/bin/bin/../../lib/gcc/pic32c/6.2.1/../../../../pic32c/lib/v7e-m/fpv5/hard\libg.a(lib_a-atexit.o)
 .ARM.attributes
                0x00001159       0x32 c:/program files (x86)/microchip/xc32/v2.15/bin/bin/../../lib/gcc/pic32c/6.2.1/../../../../pic32c/lib/v7e-m/fpv5/hard\libg.a(lib_a-ctype_.o)
 .ARM.attributes
                0x0000118b       0x32 c:/program files (x86)/microchip/xc32/v2.15/bin/bin/../../lib/gcc/pic32c/6.2.1/../../../../pic32c/lib/v7e-m/fpv5/hard\libg.a(lib_a-dtoa.o)
 .ARM.attributes
                0x000011bd       0x32 c:/program files (x86)/microchip/xc32/v2.15/bin/bin/../../lib/gcc/pic32c/6.2.1/../../../../pic32c/lib/v7e-m/fpv5/hard\libg.a(lib_a-fini.o)
 .ARM.attributes
                0x000011ef       0x32 c:/program files (x86)/microchip/xc32/v2.15/bin/bin/../../lib/gcc/pic32c/6.2.1/../../../../pic32c/lib/v7e-m/fpv5/hard\libg.a(lib_a-freer.o)
 .ARM.attributes
                0x00001221       0x32 c:/program files (x86)/microchip/xc32/v2.15/bin/bin/../../lib/gcc/pic32c/6.2.1/../../../../pic32c/lib/v7e-m/fpv5/hard\libg.a(lib_a-localeconv.o)
 .ARM.attributes
                0x00001253       0x1e c:/program files (x86)/microchip/xc32/v2.15/bin/bin/../../lib/gcc/pic32c/6.2.1/../../../../pic32c/lib/v7e-m/fpv5/hard\libg.a(lib_a-memchr.o)
 .ARM.attributes
                0x00001271       0x32 c:/program files (x86)/microchip/xc32/v2.15/bin/bin/../../lib/gcc/pic32c/6.2.1/../../../../pic32c/lib/v7e-m/fpv5/hard\libg.a(lib_a-mprec.o)
 .ARM.attributes
                0x000012a3       0x32 c:/program files (x86)/microchip/xc32/v2.15/bin/bin/../../lib/gcc/pic32c/6.2.1/../../../../pic32c/lib/v7e-m/fpv5/hard\libg.a(lib_a-reent.o)
 .ARM.attributes
                0x000012d5       0x32 c:/program files (x86)/microchip/xc32/v2.15/bin/bin/../../lib/gcc/pic32c/6.2.1/../../../../pic32c/lib/v7e-m/fpv5/hard\libg.a(lib_a-s_frexp.o)
 .ARM.attributes
                0x00001307       0x32 c:/program files (x86)/microchip/xc32/v2.15/bin/bin/../../lib/gcc/pic32c/6.2.1/../../../../pic32c/lib/v7e-m/fpv5/hard\libg.a(lib_a-svfiprintf.o)
 .ARM.attributes
                0x00001339       0x32 c:/program files (x86)/microchip/xc32/v2.15/bin/bin/../../lib/gcc/pic32c/6.2.1/../../../../pic32c/lib/v7e-m/fpv5/hard\libg.a(lib_a-__atexit.o)
 .ARM.attributes
                0x0000136b       0x32 c:/program files (x86)/microchip/xc32/v2.15/bin/bin/../../lib/gcc/pic32c/6.2.1/../../../../pic32c/lib/v7e-m/fpv5/hard\libg.a(lib_a-memmove.o)
 .ARM.attributes
                0x0000139d       0x32 c:/program files (x86)/microchip/xc32/v2.15/bin/bin/../../lib/gcc/pic32c/6.2.1/../../../../pic32c/lib/v7e-m/fpv5/hard\libg.a(lib_a-reallocr.o)
 .ARM.attributes
                0x000013cf       0x32 c:/program files (x86)/microchip/xc32/v2.15/bin/bin/../../lib/gcc/pic32c/6.2.1/../../../../pic32c/lib/v7e-m/fpv5/hard\libpic32c.a(sbrk.o)
 .ARM.attributes
                0x00001401       0x20 c:/program files (x86)/microchip/xc32/v2.15/bin/bin/../../lib/gcc/pic32c/6.2.1/v7e-m/fpv5/hard/crtn.o

.comment        0x00000000       0x3c
 .comment       0x00000000       0x3c c:/program files (x86)/microchip/xc32/v2.15/bin/bin/../../lib/gcc/pic32c/6.2.1/v7e-m/fpv5/hard/crtbegin.o
                                 0x3d (size before relaxing)
 .comment       0x0000003c       0x3d build/sam_e70_xult_freertos/debug/_ext/683629640/bsp.o
 .comment       0x0000003c       0x3d build/sam_e70_xult_freertos/debug/_ext/1607428259/drv_ethphy.o
 .comment       0x0000003c       0x3d build/sam_e70_xult_freertos/debug/_ext/1607428259/drv_extphy_smsc8740.o
 .comment       0x0000003c       0x3d build/sam_e70_xult_freertos/debug/_ext/1619526243/drv_gmac.o
 .comment       0x0000003c       0x3d build/sam_e70_xult_freertos/debug/_ext/1619526243/drv_gmac_lib_samE7x_V7x.o
 .comment       0x0000003c       0x3d build/sam_e70_xult_freertos/debug/_ext/511568427/drv_miim.o
 .comment       0x0000003c       0x3d build/sam_e70_xult_freertos/debug/_ext/810785262/helpers.o
 .comment       0x0000003c       0x3d build/sam_e70_xult_freertos/debug/_ext/810785262/dns.o
 .comment       0x0000003c       0x3d build/sam_e70_xult_freertos/debug/_ext/810785262/icmp.o
 .comment       0x0000003c       0x3d build/sam_e70_xult_freertos/debug/_ext/810785262/tcp.o
 .comment       0x0000003c       0x3d build/sam_e70_xult_freertos/debug/_ext/810785262/dhcp.o
 .comment       0x0000003c       0x3d build/sam_e70_xult_freertos/debug/_ext/810785262/arp.o
 .comment       0x0000003c       0x3d build/sam_e70_xult_freertos/debug/_ext/810785262/tcpip_commands.o
 .comment       0x0000003c       0x3d build/sam_e70_xult_freertos/debug/_ext/810785262/ipv4.o
 .comment       0x0000003c       0x3d build/sam_e70_xult_freertos/debug/_ext/810785262/tcpip_heap_alloc.o
 .comment       0x0000003c       0x3d build/sam_e70_xult_freertos/debug/_ext/810785262/tcpip_heap_internal.o
 .comment       0x0000003c       0x3d build/sam_e70_xult_freertos/debug/_ext/810785262/hash_fnv.o
 .comment       0x0000003c       0x3d build/sam_e70_xult_freertos/debug/_ext/810785262/oahash.o
 .comment       0x0000003c       0x3d build/sam_e70_xult_freertos/debug/_ext/810785262/tcpip_helpers.o
 .comment       0x0000003c       0x3d build/sam_e70_xult_freertos/debug/_ext/810785262/tcpip_manager.o
 .comment       0x0000003c       0x3d build/sam_e70_xult_freertos/debug/_ext/810785262/tcpip_notify.o
 .comment       0x0000003c       0x3d build/sam_e70_xult_freertos/debug/_ext/810785262/tcpip_packet.o
 .comment       0x0000003c       0x3d build/sam_e70_xult_freertos/debug/_ext/810785262/udp.o
 .comment       0x0000003c       0x3d build/sam_e70_xult_freertos/debug/_ext/45647770/plib_clk.o
 .comment       0x0000003c       0x3d build/sam_e70_xult_freertos/debug/_ext/45638026/plib_mpu.o
 .comment       0x0000003c       0x3d build/sam_e70_xult_freertos/debug/_ext/1414743522/plib_nvic.o
 .comment       0x0000003c       0x3d build/sam_e70_xult_freertos/debug/_ext/45635366/plib_pio.o
 .comment       0x0000003c       0x3d build/sam_e70_xult_freertos/debug/_ext/1245453995/plib_tc0.o
 .comment       0x0000003c       0x3d build/sam_e70_xult_freertos/debug/_ext/901008055/plib_usart1.o
 .comment       0x0000003c       0x3d build/sam_e70_xult_freertos/debug/_ext/762686499/sys_console.o
 .comment       0x0000003c       0x3d build/sam_e70_xult_freertos/debug/_ext/762686499/sys_console_uart.o
 .comment       0x0000003c       0x3d build/sam_e70_xult_freertos/debug/_ext/762686499/sys_debug.o
 .comment       0x0000003c       0x3d build/sam_e70_xult_freertos/debug/_ext/762686499/sys_command.o
 .comment       0x0000003c       0x3d build/sam_e70_xult_freertos/debug/_ext/1775855163/sys_int.o
 .comment       0x0000003c       0x3d build/sam_e70_xult_freertos/debug/_ext/912870411/sys_time.o
 .comment       0x0000003c       0x3d build/sam_e70_xult_freertos/debug/_ext/231871610/sys_time_h2_adapter.o
 .comment       0x0000003c       0x3d build/sam_e70_xult_freertos/debug/_ext/1552905064/tasks.o
 .comment       0x0000003c       0x3d build/sam_e70_xult_freertos/debug/_ext/1552905064/initialization.o
 .comment       0x0000003c       0x3d build/sam_e70_xult_freertos/debug/_ext/1552905064/interrupts.o
 .comment       0x0000003c       0x3d build/sam_e70_xult_freertos/debug/_ext/1552905064/exceptions.o
 .comment       0x0000003c       0x3d build/sam_e70_xult_freertos/debug/_ext/1552905064/startup_xc32.o
 .comment       0x0000003c       0x3d build/sam_e70_xult_freertos/debug/_ext/1552905064/freertos_hooks.o
 .comment       0x0000003c       0x3d build/sam_e70_xult_freertos/debug/_ext/977623654/port.o
 .comment       0x0000003c       0x3d build/sam_e70_xult_freertos/debug/_ext/1665200909/heap_3.o
 .comment       0x0000003c       0x3d build/sam_e70_xult_freertos/debug/_ext/404212886/list.o
 .comment       0x0000003c       0x3d build/sam_e70_xult_freertos/debug/_ext/404212886/queue.o
 .comment       0x0000003c       0x3d build/sam_e70_xult_freertos/debug/_ext/404212886/FreeRTOS_tasks.o
 .comment       0x0000003c       0x3d build/sam_e70_xult_freertos/debug/_ext/281930714/osal_freertos.o
 .comment       0x0000003c       0x3d build/sam_e70_xult_freertos/debug/_ext/1360937237/app_commands.o
 .comment       0x0000003c       0x3d build/sam_e70_xult_freertos/debug/_ext/1360937237/app.o
 .comment       0x0000003c       0x3d build/sam_e70_xult_freertos/debug/_ext/1360937237/main.o
 .comment       0x0000003c       0x3d c:/program files (x86)/microchip/xc32/v2.15/bin/bin/../../lib/gcc/pic32c/6.2.1/../../../../pic32c/lib/v7e-m/fpv5/hard\libpic32c.a(data_init.o)
 .comment       0x0000003c       0x3d c:/program files (x86)/microchip/xc32/v2.15/bin/bin/../../lib/gcc/pic32c/6.2.1/v7e-m/fpv5/hard\libgcc.a(_udivmoddi4.o)
 .comment       0x0000003c       0x3d c:/program files (x86)/microchip/xc32/v2.15/bin/bin/../../lib/gcc/pic32c/6.2.1/../../../../pic32c/lib/v7e-m/fpv5/hard\libg.a(lib_a-atoi.o)
 .comment       0x0000003c       0x3d c:/program files (x86)/microchip/xc32/v2.15/bin/bin/../../lib/gcc/pic32c/6.2.1/../../../../pic32c/lib/v7e-m/fpv5/hard\libg.a(lib_a-calloc.o)
 .comment       0x0000003c       0x3d c:/program files (x86)/microchip/xc32/v2.15/bin/bin/../../lib/gcc/pic32c/6.2.1/../../../../pic32c/lib/v7e-m/fpv5/hard\libg.a(lib_a-callocr.o)
 .comment       0x0000003c       0x3d c:/program files (x86)/microchip/xc32/v2.15/bin/bin/../../lib/gcc/pic32c/6.2.1/../../../../pic32c/lib/v7e-m/fpv5/hard\libg.a(lib_a-impure.o)
 .comment       0x0000003c       0x3d c:/program files (x86)/microchip/xc32/v2.15/bin/bin/../../lib/gcc/pic32c/6.2.1/../../../../pic32c/lib/v7e-m/fpv5/hard\libg.a(lib_a-init.o)
 .comment       0x0000003c       0x3d c:/program files (x86)/microchip/xc32/v2.15/bin/bin/../../lib/gcc/pic32c/6.2.1/../../../../pic32c/lib/v7e-m/fpv5/hard\libg.a(lib_a-locale.o)
 .comment       0x0000003c       0x3d c:/program files (x86)/microchip/xc32/v2.15/bin/bin/../../lib/gcc/pic32c/6.2.1/../../../../pic32c/lib/v7e-m/fpv5/hard\libg.a(lib_a-malloc.o)
 .comment       0x0000003c       0x3d c:/program files (x86)/microchip/xc32/v2.15/bin/bin/../../lib/gcc/pic32c/6.2.1/../../../../pic32c/lib/v7e-m/fpv5/hard\libg.a(lib_a-mallocr.o)
 .comment       0x0000003c       0x3d c:/program files (x86)/microchip/xc32/v2.15/bin/bin/../../lib/gcc/pic32c/6.2.1/../../../../pic32c/lib/v7e-m/fpv5/hard\libg.a(lib_a-mbtowc_r.o)
 .comment       0x0000003c       0x3d c:/program files (x86)/microchip/xc32/v2.15/bin/bin/../../lib/gcc/pic32c/6.2.1/../../../../pic32c/lib/v7e-m/fpv5/hard\libg.a(lib_a-memcmp.o)
 .comment       0x0000003c       0x3d c:/program files (x86)/microchip/xc32/v2.15/bin/bin/../../lib/gcc/pic32c/6.2.1/../../../../pic32c/lib/v7e-m/fpv5/hard\libg.a(lib_a-memset.o)
 .comment       0x0000003c       0x3d c:/program files (x86)/microchip/xc32/v2.15/bin/bin/../../lib/gcc/pic32c/6.2.1/../../../../pic32c/lib/v7e-m/fpv5/hard\libg.a(lib_a-mlock.o)
 .comment       0x0000003c       0x3d c:/program files (x86)/microchip/xc32/v2.15/bin/bin/../../lib/gcc/pic32c/6.2.1/../../../../pic32c/lib/v7e-m/fpv5/hard\libg.a(lib_a-rand.o)
 .comment       0x0000003c       0x3d c:/program files (x86)/microchip/xc32/v2.15/bin/bin/../../lib/gcc/pic32c/6.2.1/../../../../pic32c/lib/v7e-m/fpv5/hard\libg.a(lib_a-sbrkr.o)
 .comment       0x0000003c       0x3d c:/program files (x86)/microchip/xc32/v2.15/bin/bin/../../lib/gcc/pic32c/6.2.1/../../../../pic32c/lib/v7e-m/fpv5/hard\libg.a(lib_a-snprintf.o)
 .comment       0x0000003c       0x3d c:/program files (x86)/microchip/xc32/v2.15/bin/bin/../../lib/gcc/pic32c/6.2.1/../../../../pic32c/lib/v7e-m/fpv5/hard\libg.a(lib_a-sprintf.o)
 .comment       0x0000003c       0x3d c:/program files (x86)/microchip/xc32/v2.15/bin/bin/../../lib/gcc/pic32c/6.2.1/../../../../pic32c/lib/v7e-m/fpv5/hard\libg.a(lib_a-strchr.o)
 .comment       0x0000003c       0x3d c:/program files (x86)/microchip/xc32/v2.15/bin/bin/../../lib/gcc/pic32c/6.2.1/../../../../pic32c/lib/v7e-m/fpv5/hard\libg.a(lib_a-strcpy.o)
 .comment       0x0000003c       0x3d c:/program files (x86)/microchip/xc32/v2.15/bin/bin/../../lib/gcc/pic32c/6.2.1/../../../../pic32c/lib/v7e-m/fpv5/hard\libg.a(lib_a-strncpy.o)
 .comment       0x0000003c       0x3d c:/program files (x86)/microchip/xc32/v2.15/bin/bin/../../lib/gcc/pic32c/6.2.1/../../../../pic32c/lib/v7e-m/fpv5/hard\libg.a(lib_a-strstr.o)
 .comment       0x0000003c       0x3d c:/program files (x86)/microchip/xc32/v2.15/bin/bin/../../lib/gcc/pic32c/6.2.1/../../../../pic32c/lib/v7e-m/fpv5/hard\libg.a(lib_a-strtol.o)
 .comment       0x0000003c       0x3d c:/program files (x86)/microchip/xc32/v2.15/bin/bin/../../lib/gcc/pic32c/6.2.1/../../../../pic32c/lib/v7e-m/fpv5/hard\libg.a(lib_a-svfprintf.o)
 .comment       0x0000003c       0x3d c:/program files (x86)/microchip/xc32/v2.15/bin/bin/../../lib/gcc/pic32c/6.2.1/../../../../pic32c/lib/v7e-m/fpv5/hard\libg.a(lib_a-vsnprintf.o)
 .comment       0x0000003c       0x3d c:/program files (x86)/microchip/xc32/v2.15/bin/bin/../../lib/gcc/pic32c/6.2.1/../../../../pic32c/lib/v7e-m/fpv5/hard\libg.a(lib_a-wctomb_r.o)
 .comment       0x0000003c       0x3d c:/program files (x86)/microchip/xc32/v2.15/bin/bin/../../lib/gcc/pic32c/6.2.1/../../../../pic32c/lib/v7e-m/fpv5/hard\libg.a(lib_a-__call_atexit.o)
 .comment       0x0000003c       0x3d c:/program files (x86)/microchip/xc32/v2.15/bin/bin/../../lib/gcc/pic32c/6.2.1/../../../../pic32c/lib/v7e-m/fpv5/hard\libg.a(lib_a-atexit.o)
 .comment       0x0000003c       0x3d c:/program files (x86)/microchip/xc32/v2.15/bin/bin/../../lib/gcc/pic32c/6.2.1/../../../../pic32c/lib/v7e-m/fpv5/hard\libg.a(lib_a-ctype_.o)
 .comment       0x0000003c       0x3d c:/program files (x86)/microchip/xc32/v2.15/bin/bin/../../lib/gcc/pic32c/6.2.1/../../../../pic32c/lib/v7e-m/fpv5/hard\libg.a(lib_a-dtoa.o)
 .comment       0x0000003c       0x3d c:/program files (x86)/microchip/xc32/v2.15/bin/bin/../../lib/gcc/pic32c/6.2.1/../../../../pic32c/lib/v7e-m/fpv5/hard\libg.a(lib_a-fini.o)
 .comment       0x0000003c       0x3d c:/program files (x86)/microchip/xc32/v2.15/bin/bin/../../lib/gcc/pic32c/6.2.1/../../../../pic32c/lib/v7e-m/fpv5/hard\libg.a(lib_a-freer.o)
 .comment       0x0000003c       0x3d c:/program files (x86)/microchip/xc32/v2.15/bin/bin/../../lib/gcc/pic32c/6.2.1/../../../../pic32c/lib/v7e-m/fpv5/hard\libg.a(lib_a-localeconv.o)
 .comment       0x0000003c       0x3d c:/program files (x86)/microchip/xc32/v2.15/bin/bin/../../lib/gcc/pic32c/6.2.1/../../../../pic32c/lib/v7e-m/fpv5/hard\libg.a(lib_a-mprec.o)
 .comment       0x0000003c       0x3d c:/program files (x86)/microchip/xc32/v2.15/bin/bin/../../lib/gcc/pic32c/6.2.1/../../../../pic32c/lib/v7e-m/fpv5/hard\libg.a(lib_a-reent.o)
 .comment       0x0000003c       0x3d c:/program files (x86)/microchip/xc32/v2.15/bin/bin/../../lib/gcc/pic32c/6.2.1/../../../../pic32c/lib/v7e-m/fpv5/hard\libg.a(lib_a-s_frexp.o)
 .comment       0x0000003c       0x3d c:/program files (x86)/microchip/xc32/v2.15/bin/bin/../../lib/gcc/pic32c/6.2.1/../../../../pic32c/lib/v7e-m/fpv5/hard\libg.a(lib_a-svfiprintf.o)
 .comment       0x0000003c       0x3d c:/program files (x86)/microchip/xc32/v2.15/bin/bin/../../lib/gcc/pic32c/6.2.1/../../../../pic32c/lib/v7e-m/fpv5/hard\libg.a(lib_a-__atexit.o)
 .comment       0x0000003c       0x3d c:/program files (x86)/microchip/xc32/v2.15/bin/bin/../../lib/gcc/pic32c/6.2.1/../../../../pic32c/lib/v7e-m/fpv5/hard\libg.a(lib_a-memmove.o)
 .comment       0x0000003c       0x3d c:/program files (x86)/microchip/xc32/v2.15/bin/bin/../../lib/gcc/pic32c/6.2.1/../../../../pic32c/lib/v7e-m/fpv5/hard\libg.a(lib_a-reallocr.o)
 .comment       0x0000003c       0x3d c:/program files (x86)/microchip/xc32/v2.15/bin/bin/../../lib/gcc/pic32c/6.2.1/../../../../pic32c/lib/v7e-m/fpv5/hard\libpic32c.a(sbrk.o)

.debug_info     0x00000000   0x110768
 .debug_info    0x00000000     0x1504 build/sam_e70_xult_freertos/debug/_ext/683629640/bsp.o
 .debug_info    0x00001504     0x8612 build/sam_e70_xult_freertos/debug/_ext/1607428259/drv_ethphy.o
 .debug_info    0x00009b16     0x31f7 build/sam_e70_xult_freertos/debug/_ext/1607428259/drv_extphy_smsc8740.o
 .debug_info    0x0000cd0d     0xa766 build/sam_e70_xult_freertos/debug/_ext/1619526243/drv_gmac.o
 .debug_info    0x00017473     0x8d46 build/sam_e70_xult_freertos/debug/_ext/1619526243/drv_gmac_lib_samE7x_V7x.o
 .debug_info    0x000201b9     0x53af build/sam_e70_xult_freertos/debug/_ext/511568427/drv_miim.o
 .debug_info    0x00025568     0x11d3 build/sam_e70_xult_freertos/debug/_ext/810785262/helpers.o
 .debug_info    0x0002673b     0x92ea build/sam_e70_xult_freertos/debug/_ext/810785262/dns.o
 .debug_info    0x0002fa25     0x55db build/sam_e70_xult_freertos/debug/_ext/810785262/icmp.o
 .debug_info    0x00035000     0xc95c build/sam_e70_xult_freertos/debug/_ext/810785262/tcp.o
 .debug_info    0x0004195c     0xaeb9 build/sam_e70_xult_freertos/debug/_ext/810785262/dhcp.o
 .debug_info    0x0004c815     0x869c build/sam_e70_xult_freertos/debug/_ext/810785262/arp.o
 .debug_info    0x00054eb1     0xa3ab build/sam_e70_xult_freertos/debug/_ext/810785262/tcpip_commands.o
 .debug_info    0x0005f25c     0x7ff9 build/sam_e70_xult_freertos/debug/_ext/810785262/ipv4.o
 .debug_info    0x00067255     0x464f build/sam_e70_xult_freertos/debug/_ext/810785262/tcpip_heap_alloc.o
 .debug_info    0x0006b8a4     0x4fb1 build/sam_e70_xult_freertos/debug/_ext/810785262/tcpip_heap_internal.o
 .debug_info    0x00070855      0xf39 build/sam_e70_xult_freertos/debug/_ext/810785262/hash_fnv.o
 .debug_info    0x0007178e     0x15b3 build/sam_e70_xult_freertos/debug/_ext/810785262/oahash.o
 .debug_info    0x00072d41     0x6eb8 build/sam_e70_xult_freertos/debug/_ext/810785262/tcpip_helpers.o
 .debug_info    0x00079bf9     0xcb0e build/sam_e70_xult_freertos/debug/_ext/810785262/tcpip_manager.o
 .debug_info    0x00086707     0x44cb build/sam_e70_xult_freertos/debug/_ext/810785262/tcpip_notify.o
 .debug_info    0x0008abd2     0x54e3 build/sam_e70_xult_freertos/debug/_ext/810785262/tcpip_packet.o
 .debug_info    0x000900b5     0xa495 build/sam_e70_xult_freertos/debug/_ext/810785262/udp.o
 .debug_info    0x0009a54a      0x8de build/sam_e70_xult_freertos/debug/_ext/45647770/plib_clk.o
 .debug_info    0x0009ae28      0x8dc build/sam_e70_xult_freertos/debug/_ext/45638026/plib_mpu.o
 .debug_info    0x0009b704      0xfb6 build/sam_e70_xult_freertos/debug/_ext/1414743522/plib_nvic.o
 .debug_info    0x0009c6ba      0xebc build/sam_e70_xult_freertos/debug/_ext/45635366/plib_pio.o
 .debug_info    0x0009d576      0x930 build/sam_e70_xult_freertos/debug/_ext/1245453995/plib_tc0.o
 .debug_info    0x0009dea6      0xefe build/sam_e70_xult_freertos/debug/_ext/901008055/plib_usart1.o
 .debug_info    0x0009eda4     0x193d build/sam_e70_xult_freertos/debug/_ext/762686499/sys_console.o
 .debug_info    0x000a06e1     0x5db7 build/sam_e70_xult_freertos/debug/_ext/762686499/sys_console_uart.o
 .debug_info    0x000a6498     0x1492 build/sam_e70_xult_freertos/debug/_ext/762686499/sys_debug.o
 .debug_info    0x000a792a     0x2e5f build/sam_e70_xult_freertos/debug/_ext/762686499/sys_command.o
 .debug_info    0x000aa789      0xcb6 build/sam_e70_xult_freertos/debug/_ext/1775855163/sys_int.o
 .debug_info    0x000ab43f     0x349e build/sam_e70_xult_freertos/debug/_ext/912870411/sys_time.o
 .debug_info    0x000ae8dd      0x535 build/sam_e70_xult_freertos/debug/_ext/231871610/sys_time_h2_adapter.o
 .debug_info    0x000aee12     0x4825 build/sam_e70_xult_freertos/debug/_ext/1552905064/tasks.o
 .debug_info    0x000b3637     0x70fd build/sam_e70_xult_freertos/debug/_ext/1552905064/initialization.o
 .debug_info    0x000ba734     0x4f76 build/sam_e70_xult_freertos/debug/_ext/1552905064/interrupts.o
 .debug_info    0x000bf6aa     0x454f build/sam_e70_xult_freertos/debug/_ext/1552905064/exceptions.o
 .debug_info    0x000c3bf9     0x4e58 build/sam_e70_xult_freertos/debug/_ext/1552905064/startup_xc32.o
 .debug_info    0x000c8a51      0x4d1 build/sam_e70_xult_freertos/debug/_ext/1552905064/freertos_hooks.o
 .debug_info    0x000c8f22      0x70b build/sam_e70_xult_freertos/debug/_ext/977623654/port.o
 .debug_info    0x000c962d      0xf3f build/sam_e70_xult_freertos/debug/_ext/1665200909/heap_3.o
 .debug_info    0x000ca56c     0x10fd build/sam_e70_xult_freertos/debug/_ext/404212886/list.o
 .debug_info    0x000cb669     0x2824 build/sam_e70_xult_freertos/debug/_ext/404212886/queue.o
 .debug_info    0x000cde8d     0x3588 build/sam_e70_xult_freertos/debug/_ext/404212886/FreeRTOS_tasks.o
 .debug_info    0x000d1415      0xa69 build/sam_e70_xult_freertos/debug/_ext/281930714/osal_freertos.o
 .debug_info    0x000d1e7e     0x4cab build/sam_e70_xult_freertos/debug/_ext/1360937237/app_commands.o
 .debug_info    0x000d6b29     0x51d7 build/sam_e70_xult_freertos/debug/_ext/1360937237/app.o
 .debug_info    0x000dbd00     0x44a1 build/sam_e70_xult_freertos/debug/_ext/1360937237/main.o
 .debug_info    0x000e01a1      0x2a5 c:/program files (x86)/microchip/xc32/v2.15/bin/bin/../../lib/gcc/pic32c/6.2.1/../../../../pic32c/lib/v7e-m/fpv5/hard\libpic32c.a(data_init.o)
 .debug_info    0x000e0446      0x11d c:/program files (x86)/microchip/xc32/v2.15/bin/bin/../../lib/gcc/pic32c/6.2.1/v7e-m/fpv5/hard\libgcc.a(_aeabi_uldivmod.o)
 .debug_info    0x000e0563     0x2296 c:/program files (x86)/microchip/xc32/v2.15/bin/bin/../../lib/gcc/pic32c/6.2.1/v7e-m/fpv5/hard\libgcc.a(_udivmoddi4.o)
 .debug_info    0x000e27f9      0x121 c:/program files (x86)/microchip/xc32/v2.15/bin/bin/../../lib/gcc/pic32c/6.2.1/v7e-m/fpv5/hard\libgcc.a(_dvmd_tls.o)
 .debug_info    0x000e291a      0xe9d c:/program files (x86)/microchip/xc32/v2.15/bin/bin/../../lib/gcc/pic32c/6.2.1/../../../../pic32c/lib/v7e-m/fpv5/hard\libg.a(lib_a-atoi.o)
 .debug_info    0x000e37b7      0xe49 c:/program files (x86)/microchip/xc32/v2.15/bin/bin/../../lib/gcc/pic32c/6.2.1/../../../../pic32c/lib/v7e-m/fpv5/hard\libg.a(lib_a-calloc.o)
 .debug_info    0x000e4600     0x1256 c:/program files (x86)/microchip/xc32/v2.15/bin/bin/../../lib/gcc/pic32c/6.2.1/../../../../pic32c/lib/v7e-m/fpv5/hard\libg.a(lib_a-callocr.o)
 .debug_info    0x000e5856      0xde5 c:/program files (x86)/microchip/xc32/v2.15/bin/bin/../../lib/gcc/pic32c/6.2.1/../../../../pic32c/lib/v7e-m/fpv5/hard\libg.a(lib_a-impure.o)
 .debug_info    0x000e663b      0x418 c:/program files (x86)/microchip/xc32/v2.15/bin/bin/../../lib/gcc/pic32c/6.2.1/../../../../pic32c/lib/v7e-m/fpv5/hard\libg.a(lib_a-init.o)
 .debug_info    0x000e6a53     0x1892 c:/program files (x86)/microchip/xc32/v2.15/bin/bin/../../lib/gcc/pic32c/6.2.1/../../../../pic32c/lib/v7e-m/fpv5/hard\libg.a(lib_a-locale.o)
 .debug_info    0x000e82e5      0xe88 c:/program files (x86)/microchip/xc32/v2.15/bin/bin/../../lib/gcc/pic32c/6.2.1/../../../../pic32c/lib/v7e-m/fpv5/hard\libg.a(lib_a-malloc.o)
 .debug_info    0x000e916d     0x156b c:/program files (x86)/microchip/xc32/v2.15/bin/bin/../../lib/gcc/pic32c/6.2.1/../../../../pic32c/lib/v7e-m/fpv5/hard\libg.a(lib_a-mallocr.o)
 .debug_info    0x000ea6d8     0x177a c:/program files (x86)/microchip/xc32/v2.15/bin/bin/../../lib/gcc/pic32c/6.2.1/../../../../pic32c/lib/v7e-m/fpv5/hard\libg.a(lib_a-mbtowc_r.o)
 .debug_info    0x000ebe52      0xe61 c:/program files (x86)/microchip/xc32/v2.15/bin/bin/../../lib/gcc/pic32c/6.2.1/../../../../pic32c/lib/v7e-m/fpv5/hard\libg.a(lib_a-memcmp.o)
 .debug_info    0x000eccb3      0x137 c:/program files (x86)/microchip/xc32/v2.15/bin/bin/../../lib/gcc/pic32c/6.2.1/../../../../pic32c/lib/v7e-m/fpv5/hard\libg.a(lib_a-memcpy.o)
 .debug_info    0x000ecdea     0x15f7 c:/program files (x86)/microchip/xc32/v2.15/bin/bin/../../lib/gcc/pic32c/6.2.1/../../../../pic32c/lib/v7e-m/fpv5/hard\libg.a(lib_a-memset.o)
 .debug_info    0x000ee3e1      0xe3f c:/program files (x86)/microchip/xc32/v2.15/bin/bin/../../lib/gcc/pic32c/6.2.1/../../../../pic32c/lib/v7e-m/fpv5/hard\libg.a(lib_a-mlock.o)
 .debug_info    0x000ef220      0xe3a c:/program files (x86)/microchip/xc32/v2.15/bin/bin/../../lib/gcc/pic32c/6.2.1/../../../../pic32c/lib/v7e-m/fpv5/hard\libg.a(lib_a-rand.o)
 .debug_info    0x000f005a      0xed5 c:/program files (x86)/microchip/xc32/v2.15/bin/bin/../../lib/gcc/pic32c/6.2.1/../../../../pic32c/lib/v7e-m/fpv5/hard\libg.a(lib_a-sbrkr.o)
 .debug_info    0x000f0f2f     0x131b c:/program files (x86)/microchip/xc32/v2.15/bin/bin/../../lib/gcc/pic32c/6.2.1/../../../../pic32c/lib/v7e-m/fpv5/hard\libg.a(lib_a-snprintf.o)
 .debug_info    0x000f224a     0x1254 c:/program files (x86)/microchip/xc32/v2.15/bin/bin/../../lib/gcc/pic32c/6.2.1/../../../../pic32c/lib/v7e-m/fpv5/hard\libg.a(lib_a-sprintf.o)
 .debug_info    0x000f349e      0xe60 c:/program files (x86)/microchip/xc32/v2.15/bin/bin/../../lib/gcc/pic32c/6.2.1/../../../../pic32c/lib/v7e-m/fpv5/hard\libg.a(lib_a-strchr.o)
 .debug_info    0x000f42fe      0x136 c:/program files (x86)/microchip/xc32/v2.15/bin/bin/../../lib/gcc/pic32c/6.2.1/../../../../pic32c/lib/v7e-m/fpv5/hard\libg.a(lib_a-strcmp.o)
 .debug_info    0x000f4434      0xe01 c:/program files (x86)/microchip/xc32/v2.15/bin/bin/../../lib/gcc/pic32c/6.2.1/../../../../pic32c/lib/v7e-m/fpv5/hard\libg.a(lib_a-strcpy.o)
 .debug_info    0x000f5235      0x136 c:/program files (x86)/microchip/xc32/v2.15/bin/bin/../../lib/gcc/pic32c/6.2.1/../../../../pic32c/lib/v7e-m/fpv5/hard\libg.a(lib_a-strlen.o)
 .debug_info    0x000f536b      0xe81 c:/program files (x86)/microchip/xc32/v2.15/bin/bin/../../lib/gcc/pic32c/6.2.1/../../../../pic32c/lib/v7e-m/fpv5/hard\libg.a(lib_a-strncpy.o)
 .debug_info    0x000f61ec     0x127c c:/program files (x86)/microchip/xc32/v2.15/bin/bin/../../lib/gcc/pic32c/6.2.1/../../../../pic32c/lib/v7e-m/fpv5/hard\libg.a(lib_a-strstr.o)
 .debug_info    0x000f7468     0x1942 c:/program files (x86)/microchip/xc32/v2.15/bin/bin/../../lib/gcc/pic32c/6.2.1/../../../../pic32c/lib/v7e-m/fpv5/hard\libg.a(lib_a-strtol.o)
 .debug_info    0x000f8daa     0x28b3 c:/program files (x86)/microchip/xc32/v2.15/bin/bin/../../lib/gcc/pic32c/6.2.1/../../../../pic32c/lib/v7e-m/fpv5/hard\libg.a(lib_a-svfprintf.o)
 .debug_info    0x000fb65d     0x12c4 c:/program files (x86)/microchip/xc32/v2.15/bin/bin/../../lib/gcc/pic32c/6.2.1/../../../../pic32c/lib/v7e-m/fpv5/hard\libg.a(lib_a-vsnprintf.o)
 .debug_info    0x000fc921     0x1745 c:/program files (x86)/microchip/xc32/v2.15/bin/bin/../../lib/gcc/pic32c/6.2.1/../../../../pic32c/lib/v7e-m/fpv5/hard\libg.a(lib_a-wctomb_r.o)
 .debug_info    0x000fe066      0xf61 c:/program files (x86)/microchip/xc32/v2.15/bin/bin/../../lib/gcc/pic32c/6.2.1/../../../../pic32c/lib/v7e-m/fpv5/hard\libg.a(lib_a-__call_atexit.o)
 .debug_info    0x000fefc7      0xe76 c:/program files (x86)/microchip/xc32/v2.15/bin/bin/../../lib/gcc/pic32c/6.2.1/../../../../pic32c/lib/v7e-m/fpv5/hard\libg.a(lib_a-atexit.o)
 .debug_info    0x000ffe3d     0x1577 c:/program files (x86)/microchip/xc32/v2.15/bin/bin/../../lib/gcc/pic32c/6.2.1/../../../../pic32c/lib/v7e-m/fpv5/hard\libg.a(lib_a-ctype_.o)
 .debug_info    0x001013b4     0x2148 c:/program files (x86)/microchip/xc32/v2.15/bin/bin/../../lib/gcc/pic32c/6.2.1/../../../../pic32c/lib/v7e-m/fpv5/hard\libg.a(lib_a-dtoa.o)
 .debug_info    0x001034fc      0x3dd c:/program files (x86)/microchip/xc32/v2.15/bin/bin/../../lib/gcc/pic32c/6.2.1/../../../../pic32c/lib/v7e-m/fpv5/hard\libg.a(lib_a-fini.o)
 .debug_info    0x001038d9     0x13ca c:/program files (x86)/microchip/xc32/v2.15/bin/bin/../../lib/gcc/pic32c/6.2.1/../../../../pic32c/lib/v7e-m/fpv5/hard\libg.a(lib_a-freer.o)
 .debug_info    0x00104ca3     0x16ab c:/program files (x86)/microchip/xc32/v2.15/bin/bin/../../lib/gcc/pic32c/6.2.1/../../../../pic32c/lib/v7e-m/fpv5/hard\libg.a(lib_a-localeconv.o)
 .debug_info    0x0010634e      0x130 c:/program files (x86)/microchip/xc32/v2.15/bin/bin/../../lib/gcc/pic32c/6.2.1/../../../../pic32c/lib/v7e-m/fpv5/hard\libg.a(lib_a-memchr.o)
 .debug_info    0x0010647e     0x2576 c:/program files (x86)/microchip/xc32/v2.15/bin/bin/../../lib/gcc/pic32c/6.2.1/../../../../pic32c/lib/v7e-m/fpv5/hard\libg.a(lib_a-mprec.o)
 .debug_info    0x001089f4      0xf91 c:/program files (x86)/microchip/xc32/v2.15/bin/bin/../../lib/gcc/pic32c/6.2.1/../../../../pic32c/lib/v7e-m/fpv5/hard\libg.a(lib_a-reent.o)
 .debug_info    0x00109985      0xfad c:/program files (x86)/microchip/xc32/v2.15/bin/bin/../../lib/gcc/pic32c/6.2.1/../../../../pic32c/lib/v7e-m/fpv5/hard\libg.a(lib_a-s_frexp.o)
 .debug_info    0x0010a932     0x21c9 c:/program files (x86)/microchip/xc32/v2.15/bin/bin/../../lib/gcc/pic32c/6.2.1/../../../../pic32c/lib/v7e-m/fpv5/hard\libg.a(lib_a-svfiprintf.o)
 .debug_info    0x0010cafb      0xee2 c:/program files (x86)/microchip/xc32/v2.15/bin/bin/../../lib/gcc/pic32c/6.2.1/../../../../pic32c/lib/v7e-m/fpv5/hard\libg.a(lib_a-__atexit.o)
 .debug_info    0x0010d9dd     0x1619 c:/program files (x86)/microchip/xc32/v2.15/bin/bin/../../lib/gcc/pic32c/6.2.1/../../../../pic32c/lib/v7e-m/fpv5/hard\libg.a(lib_a-memmove.o)
 .debug_info    0x0010eff6     0x14e9 c:/program files (x86)/microchip/xc32/v2.15/bin/bin/../../lib/gcc/pic32c/6.2.1/../../../../pic32c/lib/v7e-m/fpv5/hard\libg.a(lib_a-reallocr.o)
 .debug_info    0x001104df      0x289 c:/program files (x86)/microchip/xc32/v2.15/bin/bin/../../lib/gcc/pic32c/6.2.1/../../../../pic32c/lib/v7e-m/fpv5/hard\libpic32c.a(sbrk.o)

.debug_abbrev   0x00000000    0x1009d
 .debug_abbrev  0x00000000      0x1a3 build/sam_e70_xult_freertos/debug/_ext/683629640/bsp.o
 .debug_abbrev  0x000001a3      0x582 build/sam_e70_xult_freertos/debug/_ext/1607428259/drv_ethphy.o
 .debug_abbrev  0x00000725      0x2d0 build/sam_e70_xult_freertos/debug/_ext/1607428259/drv_extphy_smsc8740.o
 .debug_abbrev  0x000009f5      0x618 build/sam_e70_xult_freertos/debug/_ext/1619526243/drv_gmac.o
 .debug_abbrev  0x0000100d      0x540 build/sam_e70_xult_freertos/debug/_ext/1619526243/drv_gmac_lib_samE7x_V7x.o
 .debug_abbrev  0x0000154d      0x683 build/sam_e70_xult_freertos/debug/_ext/511568427/drv_miim.o
 .debug_abbrev  0x00001bd0      0x2ae build/sam_e70_xult_freertos/debug/_ext/810785262/helpers.o
 .debug_abbrev  0x00001e7e      0x5e9 build/sam_e70_xult_freertos/debug/_ext/810785262/dns.o
 .debug_abbrev  0x00002467      0x40a build/sam_e70_xult_freertos/debug/_ext/810785262/icmp.o
 .debug_abbrev  0x00002871      0x5a6 build/sam_e70_xult_freertos/debug/_ext/810785262/tcp.o
 .debug_abbrev  0x00002e17      0x592 build/sam_e70_xult_freertos/debug/_ext/810785262/dhcp.o
 .debug_abbrev  0x000033a9      0x54c build/sam_e70_xult_freertos/debug/_ext/810785262/arp.o
 .debug_abbrev  0x000038f5      0x4c3 build/sam_e70_xult_freertos/debug/_ext/810785262/tcpip_commands.o
 .debug_abbrev  0x00003db8      0x50b build/sam_e70_xult_freertos/debug/_ext/810785262/ipv4.o
 .debug_abbrev  0x000042c3      0x299 build/sam_e70_xult_freertos/debug/_ext/810785262/tcpip_heap_alloc.o
 .debug_abbrev  0x0000455c      0x3f2 build/sam_e70_xult_freertos/debug/_ext/810785262/tcpip_heap_internal.o
 .debug_abbrev  0x0000494e      0x1d0 build/sam_e70_xult_freertos/debug/_ext/810785262/hash_fnv.o
 .debug_abbrev  0x00004b1e      0x34c build/sam_e70_xult_freertos/debug/_ext/810785262/oahash.o
 .debug_abbrev  0x00004e6a      0x4fc build/sam_e70_xult_freertos/debug/_ext/810785262/tcpip_helpers.o
 .debug_abbrev  0x00005366      0x621 build/sam_e70_xult_freertos/debug/_ext/810785262/tcpip_manager.o
 .debug_abbrev  0x00005987      0x2eb build/sam_e70_xult_freertos/debug/_ext/810785262/tcpip_notify.o
 .debug_abbrev  0x00005c72      0x48f build/sam_e70_xult_freertos/debug/_ext/810785262/tcpip_packet.o
 .debug_abbrev  0x00006101      0x5bc build/sam_e70_xult_freertos/debug/_ext/810785262/udp.o
 .debug_abbrev  0x000066bd       0xfa build/sam_e70_xult_freertos/debug/_ext/45647770/plib_clk.o
 .debug_abbrev  0x000067b7       0xcd build/sam_e70_xult_freertos/debug/_ext/45638026/plib_mpu.o
 .debug_abbrev  0x00006884      0x179 build/sam_e70_xult_freertos/debug/_ext/1414743522/plib_nvic.o
 .debug_abbrev  0x000069fd      0x160 build/sam_e70_xult_freertos/debug/_ext/45635366/plib_pio.o
 .debug_abbrev  0x00006b5d      0x182 build/sam_e70_xult_freertos/debug/_ext/1245453995/plib_tc0.o
 .debug_abbrev  0x00006cdf      0x2c4 build/sam_e70_xult_freertos/debug/_ext/901008055/plib_usart1.o
 .debug_abbrev  0x00006fa3      0x299 build/sam_e70_xult_freertos/debug/_ext/762686499/sys_console.o
 .debug_abbrev  0x0000723c      0x51a build/sam_e70_xult_freertos/debug/_ext/762686499/sys_console_uart.o
 .debug_abbrev  0x00007756      0x2cb build/sam_e70_xult_freertos/debug/_ext/762686499/sys_debug.o
 .debug_abbrev  0x00007a21      0x4d4 build/sam_e70_xult_freertos/debug/_ext/762686499/sys_command.o
 .debug_abbrev  0x00007ef5      0x200 build/sam_e70_xult_freertos/debug/_ext/1775855163/sys_int.o
 .debug_abbrev  0x000080f5      0x572 build/sam_e70_xult_freertos/debug/_ext/912870411/sys_time.o
 .debug_abbrev  0x00008667      0x128 build/sam_e70_xult_freertos/debug/_ext/231871610/sys_time_h2_adapter.o
 .debug_abbrev  0x0000878f      0x2ba build/sam_e70_xult_freertos/debug/_ext/1552905064/tasks.o
 .debug_abbrev  0x00008a49      0x32a build/sam_e70_xult_freertos/debug/_ext/1552905064/initialization.o
 .debug_abbrev  0x00008d73      0x247 build/sam_e70_xult_freertos/debug/_ext/1552905064/interrupts.o
 .debug_abbrev  0x00008fba      0x236 build/sam_e70_xult_freertos/debug/_ext/1552905064/exceptions.o
 .debug_abbrev  0x000091f0      0x366 build/sam_e70_xult_freertos/debug/_ext/1552905064/startup_xc32.o
 .debug_abbrev  0x00009556      0x11f build/sam_e70_xult_freertos/debug/_ext/1552905064/freertos_hooks.o
 .debug_abbrev  0x00009675      0x1f2 build/sam_e70_xult_freertos/debug/_ext/977623654/port.o
 .debug_abbrev  0x00009867      0x241 build/sam_e70_xult_freertos/debug/_ext/1665200909/heap_3.o
 .debug_abbrev  0x00009aa8      0x231 build/sam_e70_xult_freertos/debug/_ext/404212886/list.o
 .debug_abbrev  0x00009cd9      0x402 build/sam_e70_xult_freertos/debug/_ext/404212886/queue.o
 .debug_abbrev  0x0000a0db      0x494 build/sam_e70_xult_freertos/debug/_ext/404212886/FreeRTOS_tasks.o
 .debug_abbrev  0x0000a56f      0x19d build/sam_e70_xult_freertos/debug/_ext/281930714/osal_freertos.o
 .debug_abbrev  0x0000a70c      0x31b build/sam_e70_xult_freertos/debug/_ext/1360937237/app_commands.o
 .debug_abbrev  0x0000aa27      0x352 build/sam_e70_xult_freertos/debug/_ext/1360937237/app.o
 .debug_abbrev  0x0000ad79      0x270 build/sam_e70_xult_freertos/debug/_ext/1360937237/main.o
 .debug_abbrev  0x0000afe9       0x2a c:/program files (x86)/microchip/xc32/v2.15/bin/bin/../../lib/gcc/pic32c/6.2.1/../../../../pic32c/lib/v7e-m/fpv5/hard\libpic32c.a(data_init.o)
 .debug_abbrev  0x0000b013       0x14 c:/program files (x86)/microchip/xc32/v2.15/bin/bin/../../lib/gcc/pic32c/6.2.1/v7e-m/fpv5/hard\libgcc.a(_aeabi_uldivmod.o)
 .debug_abbrev  0x0000b027      0x201 c:/program files (x86)/microchip/xc32/v2.15/bin/bin/../../lib/gcc/pic32c/6.2.1/v7e-m/fpv5/hard\libgcc.a(_udivmoddi4.o)
 .debug_abbrev  0x0000b228       0x14 c:/program files (x86)/microchip/xc32/v2.15/bin/bin/../../lib/gcc/pic32c/6.2.1/v7e-m/fpv5/hard\libgcc.a(_dvmd_tls.o)
 .debug_abbrev  0x0000b23c      0x1de c:/program files (x86)/microchip/xc32/v2.15/bin/bin/../../lib/gcc/pic32c/6.2.1/../../../../pic32c/lib/v7e-m/fpv5/hard\libg.a(lib_a-atoi.o)
 .debug_abbrev  0x0000b41a      0x1cc c:/program files (x86)/microchip/xc32/v2.15/bin/bin/../../lib/gcc/pic32c/6.2.1/../../../../pic32c/lib/v7e-m/fpv5/hard\libg.a(lib_a-calloc.o)
 .debug_abbrev  0x0000b5e6      0x203 c:/program files (x86)/microchip/xc32/v2.15/bin/bin/../../lib/gcc/pic32c/6.2.1/../../../../pic32c/lib/v7e-m/fpv5/hard\libg.a(lib_a-callocr.o)
 .debug_abbrev  0x0000b7e9      0x176 c:/program files (x86)/microchip/xc32/v2.15/bin/bin/../../lib/gcc/pic32c/6.2.1/../../../../pic32c/lib/v7e-m/fpv5/hard\libg.a(lib_a-impure.o)
 .debug_abbrev  0x0000b95f       0xa3 c:/program files (x86)/microchip/xc32/v2.15/bin/bin/../../lib/gcc/pic32c/6.2.1/../../../../pic32c/lib/v7e-m/fpv5/hard\libg.a(lib_a-init.o)
 .debug_abbrev  0x0000ba02      0x299 c:/program files (x86)/microchip/xc32/v2.15/bin/bin/../../lib/gcc/pic32c/6.2.1/../../../../pic32c/lib/v7e-m/fpv5/hard\libg.a(lib_a-locale.o)
 .debug_abbrev  0x0000bc9b      0x1f8 c:/program files (x86)/microchip/xc32/v2.15/bin/bin/../../lib/gcc/pic32c/6.2.1/../../../../pic32c/lib/v7e-m/fpv5/hard\libg.a(lib_a-malloc.o)
 .debug_abbrev  0x0000be93      0x2ad c:/program files (x86)/microchip/xc32/v2.15/bin/bin/../../lib/gcc/pic32c/6.2.1/../../../../pic32c/lib/v7e-m/fpv5/hard\libg.a(lib_a-mallocr.o)
 .debug_abbrev  0x0000c140      0x203 c:/program files (x86)/microchip/xc32/v2.15/bin/bin/../../lib/gcc/pic32c/6.2.1/../../../../pic32c/lib/v7e-m/fpv5/hard\libg.a(lib_a-mbtowc_r.o)
 .debug_abbrev  0x0000c343      0x1a3 c:/program files (x86)/microchip/xc32/v2.15/bin/bin/../../lib/gcc/pic32c/6.2.1/../../../../pic32c/lib/v7e-m/fpv5/hard\libg.a(lib_a-memcmp.o)
 .debug_abbrev  0x0000c4e6       0x14 c:/program files (x86)/microchip/xc32/v2.15/bin/bin/../../lib/gcc/pic32c/6.2.1/../../../../pic32c/lib/v7e-m/fpv5/hard\libg.a(lib_a-memcpy.o)
 .debug_abbrev  0x0000c4fa      0x1b7 c:/program files (x86)/microchip/xc32/v2.15/bin/bin/../../lib/gcc/pic32c/6.2.1/../../../../pic32c/lib/v7e-m/fpv5/hard\libg.a(lib_a-memset.o)
 .debug_abbrev  0x0000c6b1      0x1b9 c:/program files (x86)/microchip/xc32/v2.15/bin/bin/../../lib/gcc/pic32c/6.2.1/../../../../pic32c/lib/v7e-m/fpv5/hard\libg.a(lib_a-mlock.o)
 .debug_abbrev  0x0000c86a      0x1d6 c:/program files (x86)/microchip/xc32/v2.15/bin/bin/../../lib/gcc/pic32c/6.2.1/../../../../pic32c/lib/v7e-m/fpv5/hard\libg.a(lib_a-rand.o)
 .debug_abbrev  0x0000ca40      0x1ed c:/program files (x86)/microchip/xc32/v2.15/bin/bin/../../lib/gcc/pic32c/6.2.1/../../../../pic32c/lib/v7e-m/fpv5/hard\libg.a(lib_a-sbrkr.o)
 .debug_abbrev  0x0000cc2d      0x234 c:/program files (x86)/microchip/xc32/v2.15/bin/bin/../../lib/gcc/pic32c/6.2.1/../../../../pic32c/lib/v7e-m/fpv5/hard\libg.a(lib_a-snprintf.o)
 .debug_abbrev  0x0000ce61      0x22f c:/program files (x86)/microchip/xc32/v2.15/bin/bin/../../lib/gcc/pic32c/6.2.1/../../../../pic32c/lib/v7e-m/fpv5/hard\libg.a(lib_a-sprintf.o)
 .debug_abbrev  0x0000d090      0x19e c:/program files (x86)/microchip/xc32/v2.15/bin/bin/../../lib/gcc/pic32c/6.2.1/../../../../pic32c/lib/v7e-m/fpv5/hard\libg.a(lib_a-strchr.o)
 .debug_abbrev  0x0000d22e       0x14 c:/program files (x86)/microchip/xc32/v2.15/bin/bin/../../lib/gcc/pic32c/6.2.1/../../../../pic32c/lib/v7e-m/fpv5/hard\libg.a(lib_a-strcmp.o)
 .debug_abbrev  0x0000d242      0x19c c:/program files (x86)/microchip/xc32/v2.15/bin/bin/../../lib/gcc/pic32c/6.2.1/../../../../pic32c/lib/v7e-m/fpv5/hard\libg.a(lib_a-strcpy.o)
 .debug_abbrev  0x0000d3de       0x14 c:/program files (x86)/microchip/xc32/v2.15/bin/bin/../../lib/gcc/pic32c/6.2.1/../../../../pic32c/lib/v7e-m/fpv5/hard\libg.a(lib_a-strlen.o)
 .debug_abbrev  0x0000d3f2      0x1ad c:/program files (x86)/microchip/xc32/v2.15/bin/bin/../../lib/gcc/pic32c/6.2.1/../../../../pic32c/lib/v7e-m/fpv5/hard\libg.a(lib_a-strncpy.o)
 .debug_abbrev  0x0000d59f      0x2ec c:/program files (x86)/microchip/xc32/v2.15/bin/bin/../../lib/gcc/pic32c/6.2.1/../../../../pic32c/lib/v7e-m/fpv5/hard\libg.a(lib_a-strstr.o)
 .debug_abbrev  0x0000d88b      0x25c c:/program files (x86)/microchip/xc32/v2.15/bin/bin/../../lib/gcc/pic32c/6.2.1/../../../../pic32c/lib/v7e-m/fpv5/hard\libg.a(lib_a-strtol.o)
 .debug_abbrev  0x0000dae7      0x319 c:/program files (x86)/microchip/xc32/v2.15/bin/bin/../../lib/gcc/pic32c/6.2.1/../../../../pic32c/lib/v7e-m/fpv5/hard\libg.a(lib_a-svfprintf.o)
 .debug_abbrev  0x0000de00      0x22f c:/program files (x86)/microchip/xc32/v2.15/bin/bin/../../lib/gcc/pic32c/6.2.1/../../../../pic32c/lib/v7e-m/fpv5/hard\libg.a(lib_a-vsnprintf.o)
 .debug_abbrev  0x0000e02f      0x21f c:/program files (x86)/microchip/xc32/v2.15/bin/bin/../../lib/gcc/pic32c/6.2.1/../../../../pic32c/lib/v7e-m/fpv5/hard\libg.a(lib_a-wctomb_r.o)
 .debug_abbrev  0x0000e24e      0x242 c:/program files (x86)/microchip/xc32/v2.15/bin/bin/../../lib/gcc/pic32c/6.2.1/../../../../pic32c/lib/v7e-m/fpv5/hard\libg.a(lib_a-__call_atexit.o)
 .debug_abbrev  0x0000e490      0x1e6 c:/program files (x86)/microchip/xc32/v2.15/bin/bin/../../lib/gcc/pic32c/6.2.1/../../../../pic32c/lib/v7e-m/fpv5/hard\libg.a(lib_a-atexit.o)
 .debug_abbrev  0x0000e676      0x176 c:/program files (x86)/microchip/xc32/v2.15/bin/bin/../../lib/gcc/pic32c/6.2.1/../../../../pic32c/lib/v7e-m/fpv5/hard\libg.a(lib_a-ctype_.o)
 .debug_abbrev  0x0000e7ec      0x27a c:/program files (x86)/microchip/xc32/v2.15/bin/bin/../../lib/gcc/pic32c/6.2.1/../../../../pic32c/lib/v7e-m/fpv5/hard\libg.a(lib_a-dtoa.o)
 .debug_abbrev  0x0000ea66       0xa6 c:/program files (x86)/microchip/xc32/v2.15/bin/bin/../../lib/gcc/pic32c/6.2.1/../../../../pic32c/lib/v7e-m/fpv5/hard\libg.a(lib_a-fini.o)
 .debug_abbrev  0x0000eb0c      0x24f c:/program files (x86)/microchip/xc32/v2.15/bin/bin/../../lib/gcc/pic32c/6.2.1/../../../../pic32c/lib/v7e-m/fpv5/hard\libg.a(lib_a-freer.o)
 .debug_abbrev  0x0000ed5b      0x21b c:/program files (x86)/microchip/xc32/v2.15/bin/bin/../../lib/gcc/pic32c/6.2.1/../../../../pic32c/lib/v7e-m/fpv5/hard\libg.a(lib_a-localeconv.o)
 .debug_abbrev  0x0000ef76       0x14 c:/program files (x86)/microchip/xc32/v2.15/bin/bin/../../lib/gcc/pic32c/6.2.1/../../../../pic32c/lib/v7e-m/fpv5/hard\libg.a(lib_a-memchr.o)
 .debug_abbrev  0x0000ef8a      0x3cc c:/program files (x86)/microchip/xc32/v2.15/bin/bin/../../lib/gcc/pic32c/6.2.1/../../../../pic32c/lib/v7e-m/fpv5/hard\libg.a(lib_a-mprec.o)
 .debug_abbrev  0x0000f356      0x23f c:/program files (x86)/microchip/xc32/v2.15/bin/bin/../../lib/gcc/pic32c/6.2.1/../../../../pic32c/lib/v7e-m/fpv5/hard\libg.a(lib_a-reent.o)
 .debug_abbrev  0x0000f595      0x207 c:/program files (x86)/microchip/xc32/v2.15/bin/bin/../../lib/gcc/pic32c/6.2.1/../../../../pic32c/lib/v7e-m/fpv5/hard\libg.a(lib_a-s_frexp.o)
 .debug_abbrev  0x0000f79c      0x2c7 c:/program files (x86)/microchip/xc32/v2.15/bin/bin/../../lib/gcc/pic32c/6.2.1/../../../../pic32c/lib/v7e-m/fpv5/hard\libg.a(lib_a-svfiprintf.o)
 .debug_abbrev  0x0000fa63      0x1f2 c:/program files (x86)/microchip/xc32/v2.15/bin/bin/../../lib/gcc/pic32c/6.2.1/../../../../pic32c/lib/v7e-m/fpv5/hard\libg.a(lib_a-__atexit.o)
 .debug_abbrev  0x0000fc55      0x1bc c:/program files (x86)/microchip/xc32/v2.15/bin/bin/../../lib/gcc/pic32c/6.2.1/../../../../pic32c/lib/v7e-m/fpv5/hard\libg.a(lib_a-memmove.o)
 .debug_abbrev  0x0000fe11      0x262 c:/program files (x86)/microchip/xc32/v2.15/bin/bin/../../lib/gcc/pic32c/6.2.1/../../../../pic32c/lib/v7e-m/fpv5/hard\libg.a(lib_a-reallocr.o)
 .debug_abbrev  0x00010073       0x2a c:/program files (x86)/microchip/xc32/v2.15/bin/bin/../../lib/gcc/pic32c/6.2.1/../../../../pic32c/lib/v7e-m/fpv5/hard\libpic32c.a(sbrk.o)

.debug_aranges  0x00000000     0x2998
 .debug_aranges
                0x00000000       0x20 build/sam_e70_xult_freertos/debug/_ext/683629640/bsp.o
 .debug_aranges
                0x00000020      0x278 build/sam_e70_xult_freertos/debug/_ext/1607428259/drv_ethphy.o
 .debug_aranges
                0x00000298       0x30 build/sam_e70_xult_freertos/debug/_ext/1607428259/drv_extphy_smsc8740.o
 .debug_aranges
                0x000002c8      0x280 build/sam_e70_xult_freertos/debug/_ext/1619526243/drv_gmac.o
 .debug_aranges
                0x00000548       0xb0 build/sam_e70_xult_freertos/debug/_ext/1619526243/drv_gmac_lib_samE7x_V7x.o
 .debug_aranges
                0x000005f8       0xe8 build/sam_e70_xult_freertos/debug/_ext/511568427/drv_miim.o
 .debug_aranges
                0x000006e0       0x48 build/sam_e70_xult_freertos/debug/_ext/810785262/helpers.o
 .debug_aranges
                0x00000728      0x140 build/sam_e70_xult_freertos/debug/_ext/810785262/dns.o
 .debug_aranges
                0x00000868       0x38 build/sam_e70_xult_freertos/debug/_ext/810785262/icmp.o
 .debug_aranges
                0x000008a0      0x220 build/sam_e70_xult_freertos/debug/_ext/810785262/tcp.o
 .debug_aranges
                0x00000ac0      0x188 build/sam_e70_xult_freertos/debug/_ext/810785262/dhcp.o
 .debug_aranges
                0x00000c48      0x110 build/sam_e70_xult_freertos/debug/_ext/810785262/arp.o
 .debug_aranges
                0x00000d58       0xb8 build/sam_e70_xult_freertos/debug/_ext/810785262/tcpip_commands.o
 .debug_aranges
                0x00000e10       0xc0 build/sam_e70_xult_freertos/debug/_ext/810785262/ipv4.o
 .debug_aranges
                0x00000ed0       0x48 build/sam_e70_xult_freertos/debug/_ext/810785262/tcpip_heap_alloc.o
 .debug_aranges
                0x00000f18       0x68 build/sam_e70_xult_freertos/debug/_ext/810785262/tcpip_heap_internal.o
 .debug_aranges
                0x00000f80       0x28 build/sam_e70_xult_freertos/debug/_ext/810785262/hash_fnv.o
 .debug_aranges
                0x00000fa8       0x50 build/sam_e70_xult_freertos/debug/_ext/810785262/oahash.o
 .debug_aranges
                0x00000ff8      0x218 build/sam_e70_xult_freertos/debug/_ext/810785262/tcpip_helpers.o
 .debug_aranges
                0x00001210      0x378 build/sam_e70_xult_freertos/debug/_ext/810785262/tcpip_manager.o
 .debug_aranges
                0x00001588       0x40 build/sam_e70_xult_freertos/debug/_ext/810785262/tcpip_notify.o
 .debug_aranges
                0x000015c8       0x78 build/sam_e70_xult_freertos/debug/_ext/810785262/tcpip_packet.o
 .debug_aranges
                0x00001640      0x1c0 build/sam_e70_xult_freertos/debug/_ext/810785262/udp.o
 .debug_aranges
                0x00001800       0x20 build/sam_e70_xult_freertos/debug/_ext/45647770/plib_clk.o
 .debug_aranges
                0x00001820       0x20 build/sam_e70_xult_freertos/debug/_ext/45638026/plib_mpu.o
 .debug_aranges
                0x00001840       0x20 build/sam_e70_xult_freertos/debug/_ext/1414743522/plib_nvic.o
 .debug_aranges
                0x00001860       0x60 build/sam_e70_xult_freertos/debug/_ext/45635366/plib_pio.o
 .debug_aranges
                0x000018c0       0x68 build/sam_e70_xult_freertos/debug/_ext/1245453995/plib_tc0.o
 .debug_aranges
                0x00001928       0x78 build/sam_e70_xult_freertos/debug/_ext/901008055/plib_usart1.o
 .debug_aranges
                0x000019a0       0x50 build/sam_e70_xult_freertos/debug/_ext/762686499/sys_console.o
 .debug_aranges
                0x000019f0       0x78 build/sam_e70_xult_freertos/debug/_ext/762686499/sys_console_uart.o
 .debug_aranges
                0x00001a68       0x50 build/sam_e70_xult_freertos/debug/_ext/762686499/sys_debug.o
 .debug_aranges
                0x00001ab8       0xd0 build/sam_e70_xult_freertos/debug/_ext/762686499/sys_command.o
 .debug_aranges
                0x00001b88       0x40 build/sam_e70_xult_freertos/debug/_ext/1775855163/sys_int.o
 .debug_aranges
                0x00001bc8      0x130 build/sam_e70_xult_freertos/debug/_ext/912870411/sys_time.o
 .debug_aranges
                0x00001cf8       0x28 build/sam_e70_xult_freertos/debug/_ext/231871610/sys_time_h2_adapter.o
 .debug_aranges
                0x00001d20       0x40 build/sam_e70_xult_freertos/debug/_ext/1552905064/tasks.o
 .debug_aranges
                0x00001d60       0x28 build/sam_e70_xult_freertos/debug/_ext/1552905064/initialization.o
 .debug_aranges
                0x00001d88       0x20 build/sam_e70_xult_freertos/debug/_ext/1552905064/interrupts.o
 .debug_aranges
                0x00001da8       0x48 build/sam_e70_xult_freertos/debug/_ext/1552905064/exceptions.o
 .debug_aranges
                0x00001df0       0x20 build/sam_e70_xult_freertos/debug/_ext/1552905064/startup_xc32.o
 .debug_aranges
                0x00001e10       0x40 build/sam_e70_xult_freertos/debug/_ext/1552905064/freertos_hooks.o
 .debug_aranges
                0x00001e50       0x78 build/sam_e70_xult_freertos/debug/_ext/977623654/port.o
 .debug_aranges
                0x00001ec8       0x28 build/sam_e70_xult_freertos/debug/_ext/1665200909/heap_3.o
 .debug_aranges
                0x00001ef0       0x40 build/sam_e70_xult_freertos/debug/_ext/404212886/list.o
 .debug_aranges
                0x00001f30       0xc8 build/sam_e70_xult_freertos/debug/_ext/404212886/queue.o
 .debug_aranges
                0x00001ff8      0x178 build/sam_e70_xult_freertos/debug/_ext/404212886/FreeRTOS_tasks.o
 .debug_aranges
                0x00002170       0x80 build/sam_e70_xult_freertos/debug/_ext/281930714/osal_freertos.o
 .debug_aranges
                0x000021f0       0x30 build/sam_e70_xult_freertos/debug/_ext/1360937237/app_commands.o
 .debug_aranges
                0x00002220       0x38 build/sam_e70_xult_freertos/debug/_ext/1360937237/app.o
 .debug_aranges
                0x00002258       0x20 build/sam_e70_xult_freertos/debug/_ext/1360937237/main.o
 .debug_aranges
                0x00002278       0x20 c:/program files (x86)/microchip/xc32/v2.15/bin/bin/../../lib/gcc/pic32c/6.2.1/../../../../pic32c/lib/v7e-m/fpv5/hard\libpic32c.a(data_init.o)
 .debug_aranges
                0x00002298       0x20 c:/program files (x86)/microchip/xc32/v2.15/bin/bin/../../lib/gcc/pic32c/6.2.1/v7e-m/fpv5/hard\libgcc.a(_aeabi_uldivmod.o)
 .debug_aranges
                0x000022b8       0x20 c:/program files (x86)/microchip/xc32/v2.15/bin/bin/../../lib/gcc/pic32c/6.2.1/v7e-m/fpv5/hard\libgcc.a(_udivmoddi4.o)
 .debug_aranges
                0x000022d8       0x20 c:/program files (x86)/microchip/xc32/v2.15/bin/bin/../../lib/gcc/pic32c/6.2.1/v7e-m/fpv5/hard\libgcc.a(_dvmd_tls.o)
 .debug_aranges
                0x000022f8       0x28 c:/program files (x86)/microchip/xc32/v2.15/bin/bin/../../lib/gcc/pic32c/6.2.1/../../../../pic32c/lib/v7e-m/fpv5/hard\libg.a(lib_a-atoi.o)
 .debug_aranges
                0x00002320       0x20 c:/program files (x86)/microchip/xc32/v2.15/bin/bin/../../lib/gcc/pic32c/6.2.1/../../../../pic32c/lib/v7e-m/fpv5/hard\libg.a(lib_a-calloc.o)
 .debug_aranges
                0x00002340       0x20 c:/program files (x86)/microchip/xc32/v2.15/bin/bin/../../lib/gcc/pic32c/6.2.1/../../../../pic32c/lib/v7e-m/fpv5/hard\libg.a(lib_a-callocr.o)
 .debug_aranges
                0x00002360       0x18 c:/program files (x86)/microchip/xc32/v2.15/bin/bin/../../lib/gcc/pic32c/6.2.1/../../../../pic32c/lib/v7e-m/fpv5/hard\libg.a(lib_a-impure.o)
 .debug_aranges
                0x00002378       0x20 c:/program files (x86)/microchip/xc32/v2.15/bin/bin/../../lib/gcc/pic32c/6.2.1/../../../../pic32c/lib/v7e-m/fpv5/hard\libg.a(lib_a-init.o)
 .debug_aranges
                0x00002398       0x40 c:/program files (x86)/microchip/xc32/v2.15/bin/bin/../../lib/gcc/pic32c/6.2.1/../../../../pic32c/lib/v7e-m/fpv5/hard\libg.a(lib_a-locale.o)
 .debug_aranges
                0x000023d8       0x28 c:/program files (x86)/microchip/xc32/v2.15/bin/bin/../../lib/gcc/pic32c/6.2.1/../../../../pic32c/lib/v7e-m/fpv5/hard\libg.a(lib_a-malloc.o)
 .debug_aranges
                0x00002400       0x20 c:/program files (x86)/microchip/xc32/v2.15/bin/bin/../../lib/gcc/pic32c/6.2.1/../../../../pic32c/lib/v7e-m/fpv5/hard\libg.a(lib_a-mallocr.o)
 .debug_aranges
                0x00002420       0x28 c:/program files (x86)/microchip/xc32/v2.15/bin/bin/../../lib/gcc/pic32c/6.2.1/../../../../pic32c/lib/v7e-m/fpv5/hard\libg.a(lib_a-mbtowc_r.o)
 .debug_aranges
                0x00002448       0x20 c:/program files (x86)/microchip/xc32/v2.15/bin/bin/../../lib/gcc/pic32c/6.2.1/../../../../pic32c/lib/v7e-m/fpv5/hard\libg.a(lib_a-memcmp.o)
 .debug_aranges
                0x00002468       0x20 c:/program files (x86)/microchip/xc32/v2.15/bin/bin/../../lib/gcc/pic32c/6.2.1/../../../../pic32c/lib/v7e-m/fpv5/hard\libg.a(lib_a-memcpy.o)
 .debug_aranges
                0x00002488       0x20 c:/program files (x86)/microchip/xc32/v2.15/bin/bin/../../lib/gcc/pic32c/6.2.1/../../../../pic32c/lib/v7e-m/fpv5/hard\libg.a(lib_a-memset.o)
 .debug_aranges
                0x000024a8       0x20 c:/program files (x86)/microchip/xc32/v2.15/bin/bin/../../lib/gcc/pic32c/6.2.1/../../../../pic32c/lib/v7e-m/fpv5/hard\libg.a(lib_a-mlock.o)
 .debug_aranges
                0x000024c8       0x28 c:/program files (x86)/microchip/xc32/v2.15/bin/bin/../../lib/gcc/pic32c/6.2.1/../../../../pic32c/lib/v7e-m/fpv5/hard\libg.a(lib_a-rand.o)
 .debug_aranges
                0x000024f0       0x20 c:/program files (x86)/microchip/xc32/v2.15/bin/bin/../../lib/gcc/pic32c/6.2.1/../../../../pic32c/lib/v7e-m/fpv5/hard\libg.a(lib_a-sbrkr.o)
 .debug_aranges
                0x00002510       0x28 c:/program files (x86)/microchip/xc32/v2.15/bin/bin/../../lib/gcc/pic32c/6.2.1/../../../../pic32c/lib/v7e-m/fpv5/hard\libg.a(lib_a-snprintf.o)
 .debug_aranges
                0x00002538       0x28 c:/program files (x86)/microchip/xc32/v2.15/bin/bin/../../lib/gcc/pic32c/6.2.1/../../../../pic32c/lib/v7e-m/fpv5/hard\libg.a(lib_a-sprintf.o)
 .debug_aranges
                0x00002560       0x20 c:/program files (x86)/microchip/xc32/v2.15/bin/bin/../../lib/gcc/pic32c/6.2.1/../../../../pic32c/lib/v7e-m/fpv5/hard\libg.a(lib_a-strchr.o)
 .debug_aranges
                0x00002580       0x20 c:/program files (x86)/microchip/xc32/v2.15/bin/bin/../../lib/gcc/pic32c/6.2.1/../../../../pic32c/lib/v7e-m/fpv5/hard\libg.a(lib_a-strcmp.o)
 .debug_aranges
                0x000025a0       0x20 c:/program files (x86)/microchip/xc32/v2.15/bin/bin/../../lib/gcc/pic32c/6.2.1/../../../../pic32c/lib/v7e-m/fpv5/hard\libg.a(lib_a-strcpy.o)
 .debug_aranges
                0x000025c0       0x20 c:/program files (x86)/microchip/xc32/v2.15/bin/bin/../../lib/gcc/pic32c/6.2.1/../../../../pic32c/lib/v7e-m/fpv5/hard\libg.a(lib_a-strlen.o)
 .debug_aranges
                0x000025e0       0x20 c:/program files (x86)/microchip/xc32/v2.15/bin/bin/../../lib/gcc/pic32c/6.2.1/../../../../pic32c/lib/v7e-m/fpv5/hard\libg.a(lib_a-strncpy.o)
 .debug_aranges
                0x00002600       0x30 c:/program files (x86)/microchip/xc32/v2.15/bin/bin/../../lib/gcc/pic32c/6.2.1/../../../../pic32c/lib/v7e-m/fpv5/hard\libg.a(lib_a-strstr.o)
 .debug_aranges
                0x00002630       0x38 c:/program files (x86)/microchip/xc32/v2.15/bin/bin/../../lib/gcc/pic32c/6.2.1/../../../../pic32c/lib/v7e-m/fpv5/hard\libg.a(lib_a-strtol.o)
 .debug_aranges
                0x00002668       0x20 c:/program files (x86)/microchip/xc32/v2.15/bin/bin/../../lib/gcc/pic32c/6.2.1/../../../../pic32c/lib/v7e-m/fpv5/hard\libg.a(lib_a-svfprintf.o)
 .debug_aranges
                0x00002688       0x28 c:/program files (x86)/microchip/xc32/v2.15/bin/bin/../../lib/gcc/pic32c/6.2.1/../../../../pic32c/lib/v7e-m/fpv5/hard\libg.a(lib_a-vsnprintf.o)
 .debug_aranges
                0x000026b0       0x28 c:/program files (x86)/microchip/xc32/v2.15/bin/bin/../../lib/gcc/pic32c/6.2.1/../../../../pic32c/lib/v7e-m/fpv5/hard\libg.a(lib_a-wctomb_r.o)
 .debug_aranges
                0x000026d8       0x28 c:/program files (x86)/microchip/xc32/v2.15/bin/bin/../../lib/gcc/pic32c/6.2.1/../../../../pic32c/lib/v7e-m/fpv5/hard\libg.a(lib_a-__call_atexit.o)
 .debug_aranges
                0x00002700       0x20 c:/program files (x86)/microchip/xc32/v2.15/bin/bin/../../lib/gcc/pic32c/6.2.1/../../../../pic32c/lib/v7e-m/fpv5/hard\libg.a(lib_a-atexit.o)
 .debug_aranges
                0x00002720       0x18 c:/program files (x86)/microchip/xc32/v2.15/bin/bin/../../lib/gcc/pic32c/6.2.1/../../../../pic32c/lib/v7e-m/fpv5/hard\libg.a(lib_a-ctype_.o)
 .debug_aranges
                0x00002738       0x28 c:/program files (x86)/microchip/xc32/v2.15/bin/bin/../../lib/gcc/pic32c/6.2.1/../../../../pic32c/lib/v7e-m/fpv5/hard\libg.a(lib_a-dtoa.o)
 .debug_aranges
                0x00002760       0x20 c:/program files (x86)/microchip/xc32/v2.15/bin/bin/../../lib/gcc/pic32c/6.2.1/../../../../pic32c/lib/v7e-m/fpv5/hard\libg.a(lib_a-fini.o)
 .debug_aranges
                0x00002780       0x28 c:/program files (x86)/microchip/xc32/v2.15/bin/bin/../../lib/gcc/pic32c/6.2.1/../../../../pic32c/lib/v7e-m/fpv5/hard\libg.a(lib_a-freer.o)
 .debug_aranges
                0x000027a8       0x30 c:/program files (x86)/microchip/xc32/v2.15/bin/bin/../../lib/gcc/pic32c/6.2.1/../../../../pic32c/lib/v7e-m/fpv5/hard\libg.a(lib_a-localeconv.o)
 .debug_aranges
                0x000027d8       0x20 c:/program files (x86)/microchip/xc32/v2.15/bin/bin/../../lib/gcc/pic32c/6.2.1/../../../../pic32c/lib/v7e-m/fpv5/hard\libg.a(lib_a-memchr.o)
 .debug_aranges
                0x000027f8       0xb0 c:/program files (x86)/microchip/xc32/v2.15/bin/bin/../../lib/gcc/pic32c/6.2.1/../../../../pic32c/lib/v7e-m/fpv5/hard\libg.a(lib_a-mprec.o)
 .debug_aranges
                0x000028a8       0x28 c:/program files (x86)/microchip/xc32/v2.15/bin/bin/../../lib/gcc/pic32c/6.2.1/../../../../pic32c/lib/v7e-m/fpv5/hard\libg.a(lib_a-reent.o)
 .debug_aranges
                0x000028d0       0x20 c:/program files (x86)/microchip/xc32/v2.15/bin/bin/../../lib/gcc/pic32c/6.2.1/../../../../pic32c/lib/v7e-m/fpv5/hard\libg.a(lib_a-s_frexp.o)
 .debug_aranges
                0x000028f0       0x28 c:/program files (x86)/microchip/xc32/v2.15/bin/bin/../../lib/gcc/pic32c/6.2.1/../../../../pic32c/lib/v7e-m/fpv5/hard\libg.a(lib_a-svfiprintf.o)
 .debug_aranges
                0x00002918       0x20 c:/program files (x86)/microchip/xc32/v2.15/bin/bin/../../lib/gcc/pic32c/6.2.1/../../../../pic32c/lib/v7e-m/fpv5/hard\libg.a(lib_a-__atexit.o)
 .debug_aranges
                0x00002938       0x20 c:/program files (x86)/microchip/xc32/v2.15/bin/bin/../../lib/gcc/pic32c/6.2.1/../../../../pic32c/lib/v7e-m/fpv5/hard\libg.a(lib_a-memmove.o)
 .debug_aranges
                0x00002958       0x20 c:/program files (x86)/microchip/xc32/v2.15/bin/bin/../../lib/gcc/pic32c/6.2.1/../../../../pic32c/lib/v7e-m/fpv5/hard\libg.a(lib_a-reallocr.o)
 .debug_aranges
                0x00002978       0x20 c:/program files (x86)/microchip/xc32/v2.15/bin/bin/../../lib/gcc/pic32c/6.2.1/../../../../pic32c/lib/v7e-m/fpv5/hard\libpic32c.a(sbrk.o)

.debug_ranges   0x00000000     0x4140
 .debug_ranges  0x00000000       0x10 build/sam_e70_xult_freertos/debug/_ext/683629640/bsp.o
 .debug_ranges  0x00000010      0x2e0 build/sam_e70_xult_freertos/debug/_ext/1607428259/drv_ethphy.o
 .debug_ranges  0x000002f0       0x20 build/sam_e70_xult_freertos/debug/_ext/1607428259/drv_extphy_smsc8740.o
 .debug_ranges  0x00000310      0x320 build/sam_e70_xult_freertos/debug/_ext/1619526243/drv_gmac.o
 .debug_ranges  0x00000630      0x118 build/sam_e70_xult_freertos/debug/_ext/1619526243/drv_gmac_lib_samE7x_V7x.o
 .debug_ranges  0x00000748      0x348 build/sam_e70_xult_freertos/debug/_ext/511568427/drv_miim.o
 .debug_ranges  0x00000a90       0x38 build/sam_e70_xult_freertos/debug/_ext/810785262/helpers.o
 .debug_ranges  0x00000ac8      0x238 build/sam_e70_xult_freertos/debug/_ext/810785262/dns.o
 .debug_ranges  0x00000d00       0x40 build/sam_e70_xult_freertos/debug/_ext/810785262/icmp.o
 .debug_ranges  0x00000d40      0x700 build/sam_e70_xult_freertos/debug/_ext/810785262/tcp.o
 .debug_ranges  0x00001440      0x2f0 build/sam_e70_xult_freertos/debug/_ext/810785262/dhcp.o
 .debug_ranges  0x00001730      0x1c0 build/sam_e70_xult_freertos/debug/_ext/810785262/arp.o
 .debug_ranges  0x000018f0      0x148 build/sam_e70_xult_freertos/debug/_ext/810785262/tcpip_commands.o
 .debug_ranges  0x00001a38      0x230 build/sam_e70_xult_freertos/debug/_ext/810785262/ipv4.o
 .debug_ranges  0x00001c68       0x38 build/sam_e70_xult_freertos/debug/_ext/810785262/tcpip_heap_alloc.o
 .debug_ranges  0x00001ca0       0x58 build/sam_e70_xult_freertos/debug/_ext/810785262/tcpip_heap_internal.o
 .debug_ranges  0x00001cf8       0x18 build/sam_e70_xult_freertos/debug/_ext/810785262/hash_fnv.o
 .debug_ranges  0x00001d10       0x40 build/sam_e70_xult_freertos/debug/_ext/810785262/oahash.o
 .debug_ranges  0x00001d50      0x258 build/sam_e70_xult_freertos/debug/_ext/810785262/tcpip_helpers.o
 .debug_ranges  0x00001fa8      0x6b8 build/sam_e70_xult_freertos/debug/_ext/810785262/tcpip_manager.o
 .debug_ranges  0x00002660       0x30 build/sam_e70_xult_freertos/debug/_ext/810785262/tcpip_notify.o
 .debug_ranges  0x00002690       0x80 build/sam_e70_xult_freertos/debug/_ext/810785262/tcpip_packet.o
 .debug_ranges  0x00002710      0x3f0 build/sam_e70_xult_freertos/debug/_ext/810785262/udp.o
 .debug_ranges  0x00002b00       0x10 build/sam_e70_xult_freertos/debug/_ext/45647770/plib_clk.o
 .debug_ranges  0x00002b10       0x10 build/sam_e70_xult_freertos/debug/_ext/45638026/plib_mpu.o
 .debug_ranges  0x00002b20       0x10 build/sam_e70_xult_freertos/debug/_ext/1414743522/plib_nvic.o
 .debug_ranges  0x00002b30       0x50 build/sam_e70_xult_freertos/debug/_ext/45635366/plib_pio.o
 .debug_ranges  0x00002b80       0x58 build/sam_e70_xult_freertos/debug/_ext/1245453995/plib_tc0.o
 .debug_ranges  0x00002bd8       0x80 build/sam_e70_xult_freertos/debug/_ext/901008055/plib_usart1.o
 .debug_ranges  0x00002c58       0x40 build/sam_e70_xult_freertos/debug/_ext/762686499/sys_console.o
 .debug_ranges  0x00002c98       0xc8 build/sam_e70_xult_freertos/debug/_ext/762686499/sys_console_uart.o
 .debug_ranges  0x00002d60       0x40 build/sam_e70_xult_freertos/debug/_ext/762686499/sys_debug.o
 .debug_ranges  0x00002da0      0x1a8 build/sam_e70_xult_freertos/debug/_ext/762686499/sys_command.o
 .debug_ranges  0x00002f48       0x30 build/sam_e70_xult_freertos/debug/_ext/1775855163/sys_int.o
 .debug_ranges  0x00002f78      0x168 build/sam_e70_xult_freertos/debug/_ext/912870411/sys_time.o
 .debug_ranges  0x000030e0       0x18 build/sam_e70_xult_freertos/debug/_ext/231871610/sys_time_h2_adapter.o
 .debug_ranges  0x000030f8       0x30 build/sam_e70_xult_freertos/debug/_ext/1552905064/tasks.o
 .debug_ranges  0x00003128       0x18 build/sam_e70_xult_freertos/debug/_ext/1552905064/initialization.o
 .debug_ranges  0x00003140       0x10 build/sam_e70_xult_freertos/debug/_ext/1552905064/interrupts.o
 .debug_ranges  0x00003150       0x38 build/sam_e70_xult_freertos/debug/_ext/1552905064/exceptions.o
 .debug_ranges  0x00003188       0x10 build/sam_e70_xult_freertos/debug/_ext/1552905064/startup_xc32.o
 .debug_ranges  0x00003198       0x30 build/sam_e70_xult_freertos/debug/_ext/1552905064/freertos_hooks.o
 .debug_ranges  0x000031c8       0x68 build/sam_e70_xult_freertos/debug/_ext/977623654/port.o
 .debug_ranges  0x00003230       0x18 build/sam_e70_xult_freertos/debug/_ext/1665200909/heap_3.o
 .debug_ranges  0x00003248       0x30 build/sam_e70_xult_freertos/debug/_ext/404212886/list.o
 .debug_ranges  0x00003278      0x1b8 build/sam_e70_xult_freertos/debug/_ext/404212886/queue.o
 .debug_ranges  0x00003430      0x250 build/sam_e70_xult_freertos/debug/_ext/404212886/FreeRTOS_tasks.o
 .debug_ranges  0x00003680       0x70 build/sam_e70_xult_freertos/debug/_ext/281930714/osal_freertos.o
 .debug_ranges  0x000036f0       0x20 build/sam_e70_xult_freertos/debug/_ext/1360937237/app_commands.o
 .debug_ranges  0x00003710       0x88 build/sam_e70_xult_freertos/debug/_ext/1360937237/app.o
 .debug_ranges  0x00003798       0x10 build/sam_e70_xult_freertos/debug/_ext/1360937237/main.o
 .debug_ranges  0x000037a8       0x10 c:/program files (x86)/microchip/xc32/v2.15/bin/bin/../../lib/gcc/pic32c/6.2.1/../../../../pic32c/lib/v7e-m/fpv5/hard\libpic32c.a(data_init.o)
 .debug_ranges  0x000037b8       0xd0 c:/program files (x86)/microchip/xc32/v2.15/bin/bin/../../lib/gcc/pic32c/6.2.1/v7e-m/fpv5/hard\libgcc.a(_udivmoddi4.o)
 .debug_ranges  0x00003888       0x18 c:/program files (x86)/microchip/xc32/v2.15/bin/bin/../../lib/gcc/pic32c/6.2.1/../../../../pic32c/lib/v7e-m/fpv5/hard\libg.a(lib_a-atoi.o)
 .debug_ranges  0x000038a0       0x10 c:/program files (x86)/microchip/xc32/v2.15/bin/bin/../../lib/gcc/pic32c/6.2.1/../../../../pic32c/lib/v7e-m/fpv5/hard\libg.a(lib_a-calloc.o)
 .debug_ranges  0x000038b0       0x50 c:/program files (x86)/microchip/xc32/v2.15/bin/bin/../../lib/gcc/pic32c/6.2.1/../../../../pic32c/lib/v7e-m/fpv5/hard\libg.a(lib_a-callocr.o)
 .debug_ranges  0x00003900       0x10 c:/program files (x86)/microchip/xc32/v2.15/bin/bin/../../lib/gcc/pic32c/6.2.1/../../../../pic32c/lib/v7e-m/fpv5/hard\libg.a(lib_a-init.o)
 .debug_ranges  0x00003910       0x50 c:/program files (x86)/microchip/xc32/v2.15/bin/bin/../../lib/gcc/pic32c/6.2.1/../../../../pic32c/lib/v7e-m/fpv5/hard\libg.a(lib_a-locale.o)
 .debug_ranges  0x00003960       0x18 c:/program files (x86)/microchip/xc32/v2.15/bin/bin/../../lib/gcc/pic32c/6.2.1/../../../../pic32c/lib/v7e-m/fpv5/hard\libg.a(lib_a-malloc.o)
 .debug_ranges  0x00003978       0x40 c:/program files (x86)/microchip/xc32/v2.15/bin/bin/../../lib/gcc/pic32c/6.2.1/../../../../pic32c/lib/v7e-m/fpv5/hard\libg.a(lib_a-mallocr.o)
 .debug_ranges  0x000039b8       0x18 c:/program files (x86)/microchip/xc32/v2.15/bin/bin/../../lib/gcc/pic32c/6.2.1/../../../../pic32c/lib/v7e-m/fpv5/hard\libg.a(lib_a-mbtowc_r.o)
 .debug_ranges  0x000039d0       0x10 c:/program files (x86)/microchip/xc32/v2.15/bin/bin/../../lib/gcc/pic32c/6.2.1/../../../../pic32c/lib/v7e-m/fpv5/hard\libg.a(lib_a-memcmp.o)
 .debug_ranges  0x000039e0       0x10 c:/program files (x86)/microchip/xc32/v2.15/bin/bin/../../lib/gcc/pic32c/6.2.1/../../../../pic32c/lib/v7e-m/fpv5/hard\libg.a(lib_a-memset.o)
 .debug_ranges  0x000039f0       0x10 c:/program files (x86)/microchip/xc32/v2.15/bin/bin/../../lib/gcc/pic32c/6.2.1/../../../../pic32c/lib/v7e-m/fpv5/hard\libg.a(lib_a-mlock.o)
 .debug_ranges  0x00003a00       0x18 c:/program files (x86)/microchip/xc32/v2.15/bin/bin/../../lib/gcc/pic32c/6.2.1/../../../../pic32c/lib/v7e-m/fpv5/hard\libg.a(lib_a-rand.o)
 .debug_ranges  0x00003a18       0x10 c:/program files (x86)/microchip/xc32/v2.15/bin/bin/../../lib/gcc/pic32c/6.2.1/../../../../pic32c/lib/v7e-m/fpv5/hard\libg.a(lib_a-sbrkr.o)
 .debug_ranges  0x00003a28       0x18 c:/program files (x86)/microchip/xc32/v2.15/bin/bin/../../lib/gcc/pic32c/6.2.1/../../../../pic32c/lib/v7e-m/fpv5/hard\libg.a(lib_a-snprintf.o)
 .debug_ranges  0x00003a40       0x18 c:/program files (x86)/microchip/xc32/v2.15/bin/bin/../../lib/gcc/pic32c/6.2.1/../../../../pic32c/lib/v7e-m/fpv5/hard\libg.a(lib_a-sprintf.o)
 .debug_ranges  0x00003a58       0x10 c:/program files (x86)/microchip/xc32/v2.15/bin/bin/../../lib/gcc/pic32c/6.2.1/../../../../pic32c/lib/v7e-m/fpv5/hard\libg.a(lib_a-strchr.o)
 .debug_ranges  0x00003a68       0x10 c:/program files (x86)/microchip/xc32/v2.15/bin/bin/../../lib/gcc/pic32c/6.2.1/../../../../pic32c/lib/v7e-m/fpv5/hard\libg.a(lib_a-strcpy.o)
 .debug_ranges  0x00003a78       0x10 c:/program files (x86)/microchip/xc32/v2.15/bin/bin/../../lib/gcc/pic32c/6.2.1/../../../../pic32c/lib/v7e-m/fpv5/hard\libg.a(lib_a-strncpy.o)
 .debug_ranges  0x00003a88       0xa8 c:/program files (x86)/microchip/xc32/v2.15/bin/bin/../../lib/gcc/pic32c/6.2.1/../../../../pic32c/lib/v7e-m/fpv5/hard\libg.a(lib_a-strstr.o)
 .debug_ranges  0x00003b30       0x60 c:/program files (x86)/microchip/xc32/v2.15/bin/bin/../../lib/gcc/pic32c/6.2.1/../../../../pic32c/lib/v7e-m/fpv5/hard\libg.a(lib_a-strtol.o)
 .debug_ranges  0x00003b90      0x1b0 c:/program files (x86)/microchip/xc32/v2.15/bin/bin/../../lib/gcc/pic32c/6.2.1/../../../../pic32c/lib/v7e-m/fpv5/hard\libg.a(lib_a-svfprintf.o)
 .debug_ranges  0x00003d40       0x18 c:/program files (x86)/microchip/xc32/v2.15/bin/bin/../../lib/gcc/pic32c/6.2.1/../../../../pic32c/lib/v7e-m/fpv5/hard\libg.a(lib_a-vsnprintf.o)
 .debug_ranges  0x00003d58       0x18 c:/program files (x86)/microchip/xc32/v2.15/bin/bin/../../lib/gcc/pic32c/6.2.1/../../../../pic32c/lib/v7e-m/fpv5/hard\libg.a(lib_a-wctomb_r.o)
 .debug_ranges  0x00003d70       0x38 c:/program files (x86)/microchip/xc32/v2.15/bin/bin/../../lib/gcc/pic32c/6.2.1/../../../../pic32c/lib/v7e-m/fpv5/hard\libg.a(lib_a-__call_atexit.o)
 .debug_ranges  0x00003da8       0x10 c:/program files (x86)/microchip/xc32/v2.15/bin/bin/../../lib/gcc/pic32c/6.2.1/../../../../pic32c/lib/v7e-m/fpv5/hard\libg.a(lib_a-atexit.o)
 .debug_ranges  0x00003db8       0x18 c:/program files (x86)/microchip/xc32/v2.15/bin/bin/../../lib/gcc/pic32c/6.2.1/../../../../pic32c/lib/v7e-m/fpv5/hard\libg.a(lib_a-dtoa.o)
 .debug_ranges  0x00003dd0       0x10 c:/program files (x86)/microchip/xc32/v2.15/bin/bin/../../lib/gcc/pic32c/6.2.1/../../../../pic32c/lib/v7e-m/fpv5/hard\libg.a(lib_a-fini.o)
 .debug_ranges  0x00003de0       0x18 c:/program files (x86)/microchip/xc32/v2.15/bin/bin/../../lib/gcc/pic32c/6.2.1/../../../../pic32c/lib/v7e-m/fpv5/hard\libg.a(lib_a-freer.o)
 .debug_ranges  0x00003df8       0x20 c:/program files (x86)/microchip/xc32/v2.15/bin/bin/../../lib/gcc/pic32c/6.2.1/../../../../pic32c/lib/v7e-m/fpv5/hard\libg.a(lib_a-localeconv.o)
 .debug_ranges  0x00003e18      0x130 c:/program files (x86)/microchip/xc32/v2.15/bin/bin/../../lib/gcc/pic32c/6.2.1/../../../../pic32c/lib/v7e-m/fpv5/hard\libg.a(lib_a-mprec.o)
 .debug_ranges  0x00003f48       0x18 c:/program files (x86)/microchip/xc32/v2.15/bin/bin/../../lib/gcc/pic32c/6.2.1/../../../../pic32c/lib/v7e-m/fpv5/hard\libg.a(lib_a-reent.o)
 .debug_ranges  0x00003f60       0x48 c:/program files (x86)/microchip/xc32/v2.15/bin/bin/../../lib/gcc/pic32c/6.2.1/../../../../pic32c/lib/v7e-m/fpv5/hard\libg.a(lib_a-s_frexp.o)
 .debug_ranges  0x00003fa8       0x50 c:/program files (x86)/microchip/xc32/v2.15/bin/bin/../../lib/gcc/pic32c/6.2.1/../../../../pic32c/lib/v7e-m/fpv5/hard\libg.a(lib_a-svfiprintf.o)
 .debug_ranges  0x00003ff8       0x10 c:/program files (x86)/microchip/xc32/v2.15/bin/bin/../../lib/gcc/pic32c/6.2.1/../../../../pic32c/lib/v7e-m/fpv5/hard\libg.a(lib_a-__atexit.o)
 .debug_ranges  0x00004008       0x10 c:/program files (x86)/microchip/xc32/v2.15/bin/bin/../../lib/gcc/pic32c/6.2.1/../../../../pic32c/lib/v7e-m/fpv5/hard\libg.a(lib_a-memmove.o)
 .debug_ranges  0x00004018      0x118 c:/program files (x86)/microchip/xc32/v2.15/bin/bin/../../lib/gcc/pic32c/6.2.1/../../../../pic32c/lib/v7e-m/fpv5/hard\libg.a(lib_a-reallocr.o)
 .debug_ranges  0x00004130       0x10 c:/program files (x86)/microchip/xc32/v2.15/bin/bin/../../lib/gcc/pic32c/6.2.1/../../../../pic32c/lib/v7e-m/fpv5/hard\libpic32c.a(sbrk.o)

.debug_line     0x00000000    0x1cbb4
 .debug_line    0x00000000      0x225 build/sam_e70_xult_freertos/debug/_ext/683629640/bsp.o
 .debug_line    0x00000225      0xefb build/sam_e70_xult_freertos/debug/_ext/1607428259/drv_ethphy.o
 .debug_line    0x00001120      0x373 build/sam_e70_xult_freertos/debug/_ext/1607428259/drv_extphy_smsc8740.o
 .debug_line    0x00001493      0xe4e build/sam_e70_xult_freertos/debug/_ext/1619526243/drv_gmac.o
 .debug_line    0x000022e1      0x99a build/sam_e70_xult_freertos/debug/_ext/1619526243/drv_gmac_lib_samE7x_V7x.o
 .debug_line    0x00002c7b      0x913 build/sam_e70_xult_freertos/debug/_ext/511568427/drv_miim.o
 .debug_line    0x0000358e      0x299 build/sam_e70_xult_freertos/debug/_ext/810785262/helpers.o