Archive member included to satisfy reference by file (symbol)

/Applications/microchip/xc32/v2.15/bin/bin/../../lib/gcc/pic32c/6.2.1/../../../../pic32c/lib/v7e-m/fpv5/hard/libpic32c.a(data_init.o)
                              build/sam_e70_xult_freertos/production/_ext/1552905064/startup_xc32.o (__pic32c_data_initialization)
/Applications/microchip/xc32/v2.15/bin/bin/../../lib/gcc/pic32c/6.2.1/v7e-m/fpv5/hard/libgcc.a(_aeabi_uldivmod.o)
                              build/sam_e70_xult_freertos/production/_ext/810785262/dns.o (__aeabi_uldivmod)
/Applications/microchip/xc32/v2.15/bin/bin/../../lib/gcc/pic32c/6.2.1/v7e-m/fpv5/hard/libgcc.a(_udivmoddi4.o)
                              /Applications/microchip/xc32/v2.15/bin/bin/../../lib/gcc/pic32c/6.2.1/v7e-m/fpv5/hard/libgcc.a(_aeabi_uldivmod.o) (__udivmoddi4)
/Applications/microchip/xc32/v2.15/bin/bin/../../lib/gcc/pic32c/6.2.1/v7e-m/fpv5/hard/libgcc.a(_dvmd_tls.o)
                              /Applications/microchip/xc32/v2.15/bin/bin/../../lib/gcc/pic32c/6.2.1/v7e-m/fpv5/hard/libgcc.a(_aeabi_uldivmod.o) (__aeabi_ldiv0)
/Applications/microchip/xc32/v2.15/bin/bin/../../lib/gcc/pic32c/6.2.1/../../../../pic32c/lib/v7e-m/fpv5/hard/libc.a(lib_a-atof.o)
                              build/sam_e70_xult_freertos/production/_ext/1360937237/app.o (atof)
/Applications/microchip/xc32/v2.15/bin/bin/../../lib/gcc/pic32c/6.2.1/../../../../pic32c/lib/v7e-m/fpv5/hard/libc.a(lib_a-atoi.o)
                              build/sam_e70_xult_freertos/production/_ext/810785262/tcpip_commands.o (atoi)
/Applications/microchip/xc32/v2.15/bin/bin/../../lib/gcc/pic32c/6.2.1/../../../../pic32c/lib/v7e-m/fpv5/hard/libc.a(lib_a-calloc.o)
                              build/sam_e70_xult_freertos/production/_ext/1552905064/initialization.o (calloc)
/Applications/microchip/xc32/v2.15/bin/bin/../../lib/gcc/pic32c/6.2.1/../../../../pic32c/lib/v7e-m/fpv5/hard/libc.a(lib_a-callocr.o)
                              /Applications/microchip/xc32/v2.15/bin/bin/../../lib/gcc/pic32c/6.2.1/../../../../pic32c/lib/v7e-m/fpv5/hard/libc.a(lib_a-calloc.o) (_calloc_r)
/Applications/microchip/xc32/v2.15/bin/bin/../../lib/gcc/pic32c/6.2.1/../../../../pic32c/lib/v7e-m/fpv5/hard/libc.a(lib_a-exit.o)
                              /Applications/microchip/xc32/v2.15/bin/bin/../../lib/gcc/pic32c/6.2.1/../../../../pic32c/lib/v7e-m/fpv5/hard/crt0.o (exit)
/Applications/microchip/xc32/v2.15/bin/bin/../../lib/gcc/pic32c/6.2.1/../../../../pic32c/lib/v7e-m/fpv5/hard/libc.a(lib_a-impure.o)
                              /Applications/microchip/xc32/v2.15/bin/bin/../../lib/gcc/pic32c/6.2.1/../../../../pic32c/lib/v7e-m/fpv5/hard/libc.a(lib_a-exit.o) (_global_impure_ptr)
/Applications/microchip/xc32/v2.15/bin/bin/../../lib/gcc/pic32c/6.2.1/../../../../pic32c/lib/v7e-m/fpv5/hard/libc.a(lib_a-init.o)
                              /Applications/microchip/xc32/v2.15/bin/bin/../../lib/gcc/pic32c/6.2.1/../../../../pic32c/lib/v7e-m/fpv5/hard/crt0.o (__libc_init_array)
/Applications/microchip/xc32/v2.15/bin/bin/../../lib/gcc/pic32c/6.2.1/../../../../pic32c/lib/v7e-m/fpv5/hard/libc.a(lib_a-locale.o)
                              build/sam_e70_xult_freertos/production/_ext/810785262/dhcp.o (__locale_ctype_ptr)
/Applications/microchip/xc32/v2.15/bin/bin/../../lib/gcc/pic32c/6.2.1/../../../../pic32c/lib/v7e-m/fpv5/hard/libc.a(lib_a-malloc.o)
                              build/sam_e70_xult_freertos/production/_ext/1552905064/initialization.o (malloc)
/Applications/microchip/xc32/v2.15/bin/bin/../../lib/gcc/pic32c/6.2.1/../../../../pic32c/lib/v7e-m/fpv5/hard/libc.a(lib_a-mallocr.o)
                              /Applications/microchip/xc32/v2.15/bin/bin/../../lib/gcc/pic32c/6.2.1/../../../../pic32c/lib/v7e-m/fpv5/hard/libc.a(lib_a-callocr.o) (_malloc_r)
/Applications/microchip/xc32/v2.15/bin/bin/../../lib/gcc/pic32c/6.2.1/../../../../pic32c/lib/v7e-m/fpv5/hard/libc.a(lib_a-mbtowc_r.o)
                              /Applications/microchip/xc32/v2.15/bin/bin/../../lib/gcc/pic32c/6.2.1/../../../../pic32c/lib/v7e-m/fpv5/hard/libc.a(lib_a-locale.o) (__ascii_mbtowc)
/Applications/microchip/xc32/v2.15/bin/bin/../../lib/gcc/pic32c/6.2.1/../../../../pic32c/lib/v7e-m/fpv5/hard/libc.a(lib_a-memcmp.o)
                              build/sam_e70_xult_freertos/production/_ext/810785262/dhcp.o (memcmp)
/Applications/microchip/xc32/v2.15/bin/bin/../../lib/gcc/pic32c/6.2.1/../../../../pic32c/lib/v7e-m/fpv5/hard/libc.a(lib_a-memcpy.o)
                              build/sam_e70_xult_freertos/production/_ext/810785262/dns.o (memcpy)
/Applications/microchip/xc32/v2.15/bin/bin/../../lib/gcc/pic32c/6.2.1/../../../../pic32c/lib/v7e-m/fpv5/hard/libc.a(lib_a-memset.o)
                              /Applications/microchip/xc32/v2.15/bin/bin/../../lib/gcc/pic32c/6.2.1/../../../../pic32c/lib/v7e-m/fpv5/hard/crt0.o (memset)
/Applications/microchip/xc32/v2.15/bin/bin/../../lib/gcc/pic32c/6.2.1/../../../../pic32c/lib/v7e-m/fpv5/hard/libc.a(lib_a-mlock.o)
[...]
Memory Configuration

Name             Origin             Length             Attributes
rom              0x0000000000400000 0x0000000000200000 xr
ram              0x0000000020400000 0x0000000000060000 xrw
itcm             0x0000000000000000 0x0000000000000000 xrw
dtcm             0x0000000020000000 0x0000000000000000 xrw
*default*        0x0000000000000000 0xffffffffffffffff
tcm              0x0000000000000000 0xffffffffffffffff

Linker script and memory map

LOAD /Applications/microchip/xc32/v2.15/bin/bin/../../lib/gcc/pic32c/6.2.1/v7e-m/fpv5/hard/crti.o
LOAD /Applications/microchip/xc32/v2.15/bin/bin/../../lib/gcc/pic32c/6.2.1/v7e-m/fpv5/hard/crtbegin.o
LOAD /Applications/microchip/xc32/v2.15/bin/bin/../../lib/gcc/pic32c/6.2.1/../../../../pic32c/lib/v7e-m/fpv5/hard/crt0.o
LOAD build/sam_e70_xult_freertos/production/_ext/1360937237/app_commands.o
LOAD build/sam_e70_xult_freertos/production/_ext/810785262/dns.o
LOAD build/sam_e70_xult_freertos/production/_ext/810785262/icmp.o
LOAD build/sam_e70_xult_freertos/production/_ext/810785262/tcp.o
LOAD build/sam_e70_xult_freertos/production/_ext/810785262/dhcp.o
LOAD build/sam_e70_xult_freertos/production/_ext/810785262/arp.o
LOAD build/sam_e70_xult_freertos/production/_ext/1245453995/plib_tc0.o
LOAD build/sam_e70_xult_freertos/production/_ext/912870411/sys_time.o
LOAD build/sam_e70_xult_freertos/production/_ext/683629640/bsp.o
LOAD build/sam_e70_xult_freertos/production/_ext/810785262/tcpip_commands.o
LOAD build/sam_e70_xult_freertos/production/_ext/901805035/plib_twihs0.o
LOAD build/sam_e70_xult_freertos/production/_ext/810785262/ipv4.o
LOAD build/sam_e70_xult_freertos/production/_ext/901008055/plib_usart1.o
LOAD build/sam_e70_xult_freertos/production/_ext/810785262/tcpip_heap_alloc.o
LOAD build/sam_e70_xult_freertos/production/_ext/810785262/tcpip_heap_internal.o
LOAD build/sam_e70_xult_freertos/production/_ext/810785262/helpers.o
LOAD build/sam_e70_xult_freertos/production/_ext/810785262/hash_fnv.o
LOAD build/sam_e70_xult_freertos/production/_ext/810785262/oahash.o
LOAD build/sam_e70_xult_freertos/production/_ext/810785262/tcpip_helpers.o
LOAD build/sam_e70_xult_freertos/production/_ext/810785262/tcpip_manager.o
LOAD build/sam_e70_xult_freertos/production/_ext/810785262/tcpip_notify.o
LOAD build/sam_e70_xult_freertos/production/_ext/810785262/tcpip_packet.o
LOAD build/sam_e70_xult_freertos/production/_ext/231871610/sys_time_h2_adapter.o
LOAD build/sam_e70_xult_freertos/production/_ext/1775855163/sys_int.o
LOAD build/sam_e70_xult_freertos/production/_ext/992551865/sys_cache.o
LOAD build/sam_e70_xult_freertos/production/_ext/281930714/osal_freertos.o
LOAD build/sam_e70_xult_freertos/production/_ext/1360937237/app.o
LOAD build/sam_e70_xult_freertos/production/_ext/1552905064/tasks.o
LOAD build/sam_e70_xult_freertos/production/_ext/1619526243/drv_gmac.o
LOAD build/sam_e70_xult_freertos/production/_ext/1619526243/drv_gmac_lib_samE7x_V7x.o
LOAD build/sam_e70_xult_freertos/production/_ext/1360937237/main.o
LOAD build/sam_e70_xult_freertos/production/_ext/1552905064/initialization.o
LOAD build/sam_e70_xult_freertos/production/_ext/1552905064/interrupts.o
LOAD build/sam_e70_xult_freertos/production/_ext/1552905064/exceptions.o
LOAD build/sam_e70_xult_freertos/production/_ext/146190766/xc32_monitor.o
LOAD build/sam_e70_xult_freertos/production/_ext/45647770/plib_clk.o
LOAD build/sam_e70_xult_freertos/production/_ext/45635366/plib_pio.o
LOAD build/sam_e70_xult_freertos/production/_ext/1414743522/plib_nvic.o
LOAD build/sam_e70_xult_freertos/production/_ext/45638026/plib_mpu.o
LOAD build/sam_e70_xult_freertos/production/_ext/1552905064/startup_xc32.o
LOAD build/sam_e70_xult_freertos/production/_ext/1552905064/libc_syscalls.o
LOAD build/sam_e70_xult_freertos/production/_ext/810785262/udp.o
LOAD build/sam_e70_xult_freertos/production/_ext/511568427/drv_miim.o
LOAD build/sam_e70_xult_freertos/production/_ext/1607428259/drv_ethphy.o
LOAD build/sam_e70_xult_freertos/production/_ext/1607428259/drv_extphy_smsc8740.o
LOAD build/sam_e70_xult_freertos/production/_ext/762686499/sys_console.o
LOAD build/sam_e70_xult_freertos/production/_ext/762686499/sys_console_uart.o
LOAD build/sam_e70_xult_freertos/production/_ext/762686499/sys_debug.o
LOAD build/sam_e70_xult_freertos/production/_ext/762686499/sys_command.o
LOAD build/sam_e70_xult_freertos/production/_ext/1552905064/freertos_hooks.o
LOAD build/sam_e70_xult_freertos/production/_ext/404212886/croutine.o
LOAD build/sam_e70_xult_freertos/production/_ext/404212886/list.o
LOAD build/sam_e70_xult_freertos/production/_ext/404212886/queue.o
LOAD build/sam_e70_xult_freertos/production/_ext/404212886/FreeRTOS_tasks.o
LOAD build/sam_e70_xult_freertos/production/_ext/404212886/timers.o
LOAD build/sam_e70_xult_freertos/production/_ext/404212886/event_groups.o
LOAD build/sam_e70_xult_freertos/production/_ext/404212886/stream_buffer.o
LOAD build/sam_e70_xult_freertos/production/_ext/1665200909/heap_3.o
LOAD build/sam_e70_xult_freertos/production/_ext/977623654/port.o
                0x0000000000000001                __MPLAB_BUILD = 0x1
                0x0000000000017ac0                _min_heap_size = 0x17ac0
START GROUP
LOAD /Applications/microchip/xc32/v2.15/bin/bin/../../lib/gcc/pic32c/6.2.1/../../../../pic32c/lib/v7e-m/fpv5/hard/libpic32c.a
LOAD /Applications/microchip/xc32/v2.15/bin/bin/../../lib/gcc/pic32c/6.2.1/v7e-m/fpv5/hard/libgcc.a
LOAD /Applications/microchip/xc32/v2.15/bin/bin/../../lib/gcc/pic32c/6.2.1/../../../../pic32c/lib/v7e-m/fpv5/hard/libc.a
LOAD /Applications/microchip/xc32/v2.15/bin/bin/../../lib/gcc/pic32c/6.2.1/../../../../pic32c/lib/v7e-m/fpv5/hard/libm.a
END GROUP
LOAD /Applications/microchip/xc32/v2.15/bin/bin/../../lib/gcc/pic32c/6.2.1/v7e-m/fpv5/hard/crtend.o
LOAD /Applications/microchip/xc32/v2.15/bin/bin/../../lib/gcc/pic32c/6.2.1/v7e-m/fpv5/hard/crtn.o
                0x0000000000600000                __rom_end = (ORIGIN (rom) + LENGTH (rom))
                0x0000000020460000                __ram_end = (ORIGIN (ram) + LENGTH (ram))

.vectors        0x0000000000400000      0x168
                0x0000000000400000                . = ALIGN (0x4)
                0x0000000000400000                _sfixed = .
 *(.vectors .vectors.* .vectors_default .vectors_default.*)
 .vectors       0x0000000000400000      0x168 build/sam_e70_xult_freertos/production/_ext/1552905064/interrupts.o
                0x0000000000400000                exception_table
 *(.isr_vector)
 *(.reset*)
 *(.after_vectors)

.text           0x0000000000400168       0x24
                0x0000000000400168                . = ALIGN (0x4)
 *(.glue_7t)
 .glue_7t       0x0000000000400168        0x0 linker stubs
 *(.glue_7)
 .glue_7        0x0000000000400168        0x0 linker stubs
 *(.gnu.linkonce.r.*)
 *(.ARM.extab* .gnu.linkonce.armextab.*)
                0x0000000000400168                . = ALIGN (0x4)
 *(.init)
 .init          0x0000000000400168        0x4 /Applications/microchip/xc32/v2.15/bin/bin/../../lib/gcc/pic32c/6.2.1/v7e-m/fpv5/hard/crti.o
                0x0000000000400168                _init
 .init          0x000000000040016c        0x8 /Applications/microchip/xc32/v2.15/bin/bin/../../lib/gcc/pic32c/6.2.1/v7e-m/fpv5/hard/crtn.o
                0x0000000000400174                . = ALIGN (0x4)
                0x0000000000400174                __preinit_array_start = .
 *(.preinit_array)
                0x0000000000400174                __preinit_array_end = .
                0x0000000000400174                . = ALIGN (0x4)
                0x0000000000400174                __init_array_start = .
 *(SORT(.init_array.*))
 .init_array.00000
                0x0000000000400174        0x4 /Applications/microchip/xc32/v2.15/bin/bin/../../lib/gcc/pic32c/6.2.1/../../../../pic32c/lib/v7e-m/fpv5/hard/libc.a(lib_a-__call_atexit.o)
 *(.init_array)
 .init_array    0x0000000000400178        0x4 /Applications/microchip/xc32/v2.15/bin/bin/../../lib/gcc/pic32c/6.2.1/v7e-m/fpv5/hard/crtbegin.o
                0x000000000040017c                __init_array_end = .
                0x000000000040017c                . = ALIGN (0x4)
 *crtbegin.o(.ctors)
 *(EXCLUDE_FILE(*crtend.o) .ctors)
 *(SORT(.ctors.*))
 *crtend.o(.ctors)
                0x000000000040017c                . = ALIGN (0x4)
 *(.fini)
 .fini          0x000000000040017c        0x4 /Applications/microchip/xc32/v2.15/bin/bin/../../lib/gcc/pic32c/6.2.1/v7e-m/fpv5/hard/crti.o
                0x000000000040017c                _fini
 .fini          0x0000000000400180        0x8 /Applications/microchip/xc32/v2.15/bin/bin/../../lib/gcc/pic32c/6.2.1/v7e-m/fpv5/hard/crtn.o
                0x0000000000400188                . = ALIGN (0x4)
                0x0000000000400188                __fini_array_start = .
 *(.fini_array)
 .fini_array    0x0000000000400188        0x4 /Applications/microchip/xc32/v2.15/bin/bin/../../lib/gcc/pic32c/6.2.1/v7e-m/fpv5/hard/crtbegin.o
 *(SORT(.fini_array.*))
                0x000000000040018c                __fini_array_end = .
 *crtbegin.o(.dtors)
 *(EXCLUDE_FILE(*crtend.o) .dtors)
 *(SORT(.dtors.*))
 *crtend.o(.dtors)
                0x000000000040018c                . = ALIGN (0x4)
                0x000000000040018c                _efixed = .
                [!provide]                        PROVIDE (__exidx_start, .)

.ARM.exidx      0x000000000040018c        0x8
 *(.ARM.exidx* .gnu.linkonce.armexidx.*)
 .ARM.exidx     0x000000000040018c        0x8 /Applications/microchip/xc32/v2.15/bin/bin/../../lib/gcc/pic32c/6.2.1/v7e-m/fpv5/hard/libgcc.a(_udivmoddi4.o)
                [!provide]                        PROVIDE (__exidx_end, .)
                0x0000000000400194                . = ALIGN (0x4)
                0x0000000000400194                _etext = .

.bss            0x0000000020400000      0x60c
                0x0000000020400000                . = ALIGN (0x4)
                0x0000000020400000                __bss_start__ = .
                0x0000000020400000                _sbss = .
                0x0000000020400000                _szero = .
 *(COMMON)
 COMMON         0x0000000020400000       0xff build/sam_e70_xult_freertos/production/_ext/1360937237/app_commands.o
                0x0000000020400000                APP_URL_Buffer
 *fill*         0x00000000204000ff        0x1 
 COMMON         0x0000000020400100        0x8 build/sam_e70_xult_freertos/production/_ext/1245453995/plib_tc0.o
                0x0000000020400100                TC0_CH0_CallbackObj
 COMMON         0x0000000020400108       0x30 build/sam_e70_xult_freertos/production/_ext/901008055/plib_usart1.o
                0x0000000020400108                usart1Obj
 COMMON         0x0000000020400138      0x4ac build/sam_e70_xult_freertos/production/_ext/1360937237/app.o
                0x0000000020400138                macAddr
                0x0000000020400140                appData
                0x0000000020400150                jsonBuffer
                0x0000000020400550                macAddrString
                0x0000000020400564                cityBuffer
 COMMON         0x00000000204005e4        0x4 build/sam_e70_xult_freertos/production/_ext/1552905064/tasks.o
                0x00000000204005e4                xAPP_Tasks
 COMMON         0x00000000204005e8       0x14 build/sam_e70_xult_freertos/production/_ext/1552905064/initialization.o
                0x00000000204005e8                sysObj
 COMMON         0x00000000204005fc        0x9 build/sam_e70_xult_freertos/production/_ext/762686499/sys_debug.o
                0x00000000204005fc                sysDebugInstance
                0x0000000020400604                gblErrLvl
 *fill*         0x0000000020400605        0x3 
 COMMON         0x0000000020400608        0x4 /Applications/microchip/xc32/v2.15/bin/bin/../../lib/gcc/pic32c/6.2.1/../../../../pic32c/lib/v7e-m/fpv5/hard/libc.a(lib_a-reent.o)
                0x0000000020400608                errno
                0x000000002040060c                . = ALIGN (0x4)
                0x000000002040060c                __bss_end__ = .
                0x000000002040060c                _ebss = .
                0x000000002040060c                _ezero = .
                0x000000002040060c                . = ALIGN (0x4)
                0x000000002040060c                _end = .
                0x000000002045ffff                _ram_end_ = ((ORIGIN (ram) + LENGTH (ram)) - 0x1)
OUTPUT(dist/sam_e70_xult_freertos/production/sam_e70_xult_freertos.X.production.elf elf32-littlearm)
LOAD stack
LOAD data_init

.ARM.attributes
                0x0000000000000000       0x2e
 .ARM.attributes
                0x0000000000000000       0x20 /Applications/microchip/xc32/v2.15/bin/bin/../../lib/gcc/pic32c/6.2.1/v7e-m/fpv5/hard/crti.o
 .ARM.attributes
                0x0000000000000020       0x32 /Applications/microchip/xc32/v2.15/bin/bin/../../lib/gcc/pic32c/6.2.1/v7e-m/fpv5/hard/crtbegin.o
 .ARM.attributes
                0x0000000000000052       0x37 build/sam_e70_xult_freertos/production/_ext/1360937237/app_commands.o
 .ARM.attributes
                0x0000000000000089       0x37 build/sam_e70_xult_freertos/production/_ext/810785262/dns.o
 .ARM.attributes
                0x00000000000000c0       0x37 build/sam_e70_xult_freertos/production/_ext/810785262/icmp.o
 .ARM.attributes
                0x00000000000000f7       0x37 build/sam_e70_xult_freertos/production/_ext/810785262/tcp.o
 .ARM.attributes
                0x000000000000012e       0x37 build/sam_e70_xult_freertos/production/_ext/810785262/dhcp.o
 .ARM.attributes
                0x0000000000000165       0x37 build/sam_e70_xult_freertos/production/_ext/810785262/arp.o
 .ARM.attributes
                0x000000000000019c       0x37 build/sam_e70_xult_freertos/production/_ext/1245453995/plib_tc0.o
 .ARM.attributes
                0x00000000000001d3       0x37 build/sam_e70_xult_freertos/production/_ext/912870411/sys_time.o
 .ARM.attributes
                0x000000000000020a       0x37 build/sam_e70_xult_freertos/production/_ext/683629640/bsp.o
 .ARM.attributes
                0x0000000000000241       0x37 build/sam_e70_xult_freertos/production/_ext/810785262/tcpip_commands.o
 .ARM.attributes
                0x0000000000000278       0x37 build/sam_e70_xult_freertos/production/_ext/901805035/plib_twihs0.o
 .ARM.attributes
                0x00000000000002af       0x37 build/sam_e70_xult_freertos/production/_ext/810785262/ipv4.o
 .ARM.attributes
                0x00000000000002e6       0x37 build/sam_e70_xult_freertos/production/_ext/901008055/plib_usart1.o
 .ARM.attributes
                0x000000000000031d       0x37 build/sam_e70_xult_freertos/production/_ext/810785262/tcpip_heap_alloc.o
 .ARM.attributes
                0x0000000000000354       0x37 build/sam_e70_xult_freertos/production/_ext/810785262/tcpip_heap_internal.o
 .ARM.attributes
                0x000000000000038b       0x37 build/sam_e70_xult_freertos/production/_ext/810785262/helpers.o
 .ARM.attributes
                0x00000000000003c2       0x37 build/sam_e70_xult_freertos/production/_ext/810785262/hash_fnv.o
 .ARM.attributes
                0x00000000000003f9       0x37 build/sam_e70_xult_freertos/production/_ext/810785262/oahash.o
 .ARM.attributes
                0x0000000000000430       0x37 build/sam_e70_xult_freertos/production/_ext/810785262/tcpip_helpers.o
 .ARM.attributes
                0x0000000000000467       0x37 build/sam_e70_xult_freertos/production/_ext/810785262/tcpip_manager.o
 .ARM.attributes
                0x000000000000049e       0x37 build/sam_e70_xult_freertos/production/_ext/810785262/tcpip_notify.o
 .ARM.attributes
                0x00000000000004d5       0x37 build/sam_e70_xult_freertos/production/_ext/810785262/tcpip_packet.o
 .ARM.attributes
                0x000000000000050c       0x37 build/sam_e70_xult_freertos/production/_ext/231871610/sys_time_h2_adapter.o
 .ARM.attributes
                0x0000000000000543       0x37 build/sam_e70_xult_freertos/production/_ext/1775855163/sys_int.o
 .ARM.attributes
                0x000000000000057a       0x37 build/sam_e70_xult_freertos/production/_ext/281930714/osal_freertos.o
 .ARM.attributes
                0x00000000000005b1       0x37 build/sam_e70_xult_freertos/production/_ext/1360937237/app.o
 .ARM.attributes
                0x00000000000005e8       0x37 build/sam_e70_xult_freertos/production/_ext/1552905064/tasks.o
 .ARM.attributes
                0x000000000000061f       0x37 build/sam_e70_xult_freertos/production/_ext/1619526243/drv_gmac.o
 .ARM.attributes
                0x0000000000000656       0x37 build/sam_e70_xult_freertos/production/_ext/1619526243/drv_gmac_lib_samE7x_V7x.o
 .ARM.attributes
                0x000000000000068d       0x37 build/sam_e70_xult_freertos/production/_ext/1360937237/main.o
 .ARM.attributes
                0x00000000000006c4       0x37 build/sam_e70_xult_freertos/production/_ext/1552905064/initialization.o
 .ARM.attributes
                0x00000000000006fb       0x37 build/sam_e70_xult_freertos/production/_ext/1552905064/interrupts.o
 .ARM.attributes
                0x0000000000000732       0x37 build/sam_e70_xult_freertos/production/_ext/1552905064/exceptions.o
 .ARM.attributes
                0x0000000000000769       0x37 build/sam_e70_xult_freertos/production/_ext/45647770/plib_clk.o
 .ARM.attributes
                0x00000000000007a0       0x37 build/sam_e70_xult_freertos/production/_ext/45635366/plib_pio.o
 .ARM.attributes
                0x00000000000007d7       0x37 build/sam_e70_xult_freertos/production/_ext/1414743522/plib_nvic.o
 .ARM.attributes
                0x000000000000080e       0x37 build/sam_e70_xult_freertos/production/_ext/45638026/plib_mpu.o
 .ARM.attributes
                0x0000000000000845       0x37 build/sam_e70_xult_freertos/production/_ext/1552905064/startup_xc32.o
 .ARM.attributes
                0x000000000000087c       0x37 build/sam_e70_xult_freertos/production/_ext/810785262/udp.o
 .ARM.attributes
                0x00000000000008b3       0x37 build/sam_e70_xult_freertos/production/_ext/511568427/drv_miim.o
 .ARM.attributes
                0x00000000000008ea       0x37 build/sam_e70_xult_freertos/production/_ext/1607428259/drv_ethphy.o
 .ARM.attributes
                0x0000000000000921       0x37 build/sam_e70_xult_freertos/production/_ext/1607428259/drv_extphy_smsc8740.o
 .ARM.attributes
                0x0000000000000958       0x37 build/sam_e70_xult_freertos/production/_ext/762686499/sys_console.o
 .ARM.attributes
                0x000000000000098f       0x37 build/sam_e70_xult_freertos/production/_ext/762686499/sys_console_uart.o
 .ARM.attributes
                0x00000000000009c6       0x37 build/sam_e70_xult_freertos/production/_ext/762686499/sys_debug.o
 .ARM.attributes
                0x00000000000009fd       0x37 build/sam_e70_xult_freertos/production/_ext/762686499/sys_command.o
 .ARM.attributes
                0x0000000000000a34       0x37 build/sam_e70_xult_freertos/production/_ext/1552905064/freertos_hooks.o
 .ARM.attributes
                0x0000000000000a6b       0x37 build/sam_e70_xult_freertos/production/_ext/404212886/list.o
 .ARM.attributes
                0x0000000000000aa2       0x37 build/sam_e70_xult_freertos/production/_ext/404212886/queue.o
 .ARM.attributes
                0x0000000000000ad9       0x37 build/sam_e70_xult_freertos/production/_ext/404212886/FreeRTOS_tasks.o
 .ARM.attributes
                0x0000000000000b10       0x37 build/sam_e70_xult_freertos/production/_ext/1665200909/heap_3.o
 .ARM.attributes
                0x0000000000000b47       0x37 build/sam_e70_xult_freertos/production/_ext/977623654/port.o
 .ARM.attributes
                0x0000000000000b7e       0x32 /Applications/microchip/xc32/v2.15/bin/bin/../../lib/gcc/pic32c/6.2.1/../../../../pic32c/lib/v7e-m/fpv5/hard/libpic32c.a(data_init.o)
 .ARM.attributes
                0x0000000000000bb0       0x20 /Applications/microchip/xc32/v2.15/bin/bin/../../lib/gcc/pic32c/6.2.1/v7e-m/fpv5/hard/libgcc.a(_aeabi_uldivmod.o)
 .ARM.attributes
                0x0000000000000bd0       0x32 /Applications/microchip/xc32/v2.15/bin/bin/../../lib/gcc/pic32c/6.2.1/v7e-m/fpv5/hard/libgcc.a(_udivmoddi4.o)
 .ARM.attributes
                0x0000000000000c02       0x20 /Applications/microchip/xc32/v2.15/bin/bin/../../lib/gcc/pic32c/6.2.1/v7e-m/fpv5/hard/libgcc.a(_dvmd_tls.o)
 .ARM.attributes
                0x0000000000000c22       0x32 /Applications/microchip/xc32/v2.15/bin/bin/../../lib/gcc/pic32c/6.2.1/../../../../pic32c/lib/v7e-m/fpv5/hard/libc.a(lib_a-atof.o)
 .ARM.attributes
                0x0000000000000c54       0x32 /Applications/microchip/xc32/v2.15/bin/bin/../../lib/gcc/pic32c/6.2.1/../../../../pic32c/lib/v7e-m/fpv5/hard/libc.a(lib_a-atoi.o)
 .ARM.attributes
                0x0000000000000c86       0x32 /Applications/microchip/xc32/v2.15/bin/bin/../../lib/gcc/pic32c/6.2.1/../../../../pic32c/lib/v7e-m/fpv5/hard/libc.a(lib_a-calloc.o)
 .ARM.attributes
                0x0000000000000cb8       0x32 /Applications/microchip/xc32/v2.15/bin/bin/../../lib/gcc/pic32c/6.2.1/../../../../pic32c/lib/v7e-m/fpv5/hard/libc.a(lib_a-callocr.o)
 .ARM.attributes
                0x0000000000000cea       0x32 /Applications/microchip/xc32/v2.15/bin/bin/../../lib/gcc/pic32c/6.2.1/../../../../pic32c/lib/v7e-m/fpv5/hard/libc.a(lib_a-impure.o)
 .ARM.attributes
                0x0000000000000d1c       0x32 /Applications/microchip/xc32/v2.15/bin/bin/../../lib/gcc/pic32c/6.2.1/../../../../pic32c/lib/v7e-m/fpv5/hard/libc.a(lib_a-init.o)
 .ARM.attributes
                0x0000000000000d4e       0x32 /Applications/microchip/xc32/v2.15/bin/bin/../../lib/gcc/pic32c/6.2.1/../../../../pic32c/lib/v7e-m/fpv5/hard/libc.a(lib_a-locale.o)
 .ARM.attributes
                0x0000000000000d80       0x32 /Applications/microchip/xc32/v2.15/bin/bin/../../lib/gcc/pic32c/6.2.1/../../../../pic32c/lib/v7e-m/fpv5/hard/libc.a(lib_a-malloc.o)
 .ARM.attributes
                0x0000000000000db2       0x32 /Applications/microchip/xc32/v2.15/bin/bin/../../lib/gcc/pic32c/6.2.1/../../../../pic32c/lib/v7e-m/fpv5/hard/libc.a(lib_a-mallocr.o)
 .ARM.attributes
                0x0000000000000de4       0x32 /Applications/microchip/xc32/v2.15/bin/bin/../../lib/gcc/pic32c/6.2.1/../../../../pic32c/lib/v7e-m/fpv5/hard/libc.a(lib_a-mbtowc_r.o)
 .ARM.attributes
                0x0000000000000e16       0x32 /Applications/microchip/xc32/v2.15/bin/bin/../../lib/gcc/pic32c/6.2.1/../../../../pic32c/lib/v7e-m/fpv5/hard/libc.a(lib_a-memcmp.o)
 .ARM.attributes
                0x0000000000000e48       0x1e /Applications/microchip/xc32/v2.15/bin/bin/../../lib/gcc/pic32c/6.2.1/../../../../pic32c/lib/v7e-m/fpv5/hard/libc.a(lib_a-memcpy.o)
 .ARM.attributes
                0x0000000000000e66       0x32 /Applications/microchip/xc32/v2.15/bin/bin/../../lib/gcc/pic32c/6.2.1/../../../../pic32c/lib/v7e-m/fpv5/hard/libc.a(lib_a-memset.o)
 .ARM.attributes
                0x0000000000000e98       0x32 /Applications/microchip/xc32/v2.15/bin/bin/../../lib/gcc/pic32c/6.2.1/../../../../pic32c/lib/v7e-m/fpv5/hard/libc.a(lib_a-mlock.o)
 .ARM.attributes
                0x0000000000000eca       0x32 /Applications/microchip/xc32/v2.15/bin/bin/../../lib/gcc/pic32c/6.2.1/../../../../pic32c/lib/v7e-m/fpv5/hard/libc.a(lib_a-rand.o)
 .ARM.attributes
                0x0000000000000efc       0x32 /Applications/microchip/xc32/v2.15/bin/bin/../../lib/gcc/pic32c/6.2.1/../../../../pic32c/lib/v7e-m/fpv5/hard/libc.a(lib_a-sbrkr.o)
 .ARM.attributes
                0x0000000000000f2e       0x32 /Applications/microchip/xc32/v2.15/bin/bin/../../lib/gcc/pic32c/6.2.1/../../../../pic32c/lib/v7e-m/fpv5/hard/libc.a(lib_a-snprintf.o)
 .ARM.attributes
                0x0000000000000f60       0x32 /Applications/microchip/xc32/v2.15/bin/bin/../../lib/gcc/pic32c/6.2.1/../../../../pic32c/lib/v7e-m/fpv5/hard/libc.a(lib_a-sprintf.o)
 .ARM.attributes
                0x0000000000000f92       0x1e /Applications/microchip/xc32/v2.15/bin/bin/../../lib/gcc/pic32c/6.2.1/../../../../pic32c/lib/v7e-m/fpv5/hard/libc.a(lib_a-strcmp.o)
 .ARM.attributes
                0x0000000000000fb0       0x32 /Applications/microchip/xc32/v2.15/bin/bin/../../lib/gcc/pic32c/6.2.1/../../../../pic32c/lib/v7e-m/fpv5/hard/libc.a(lib_a-strcpy.o)
 .ARM.attributes
                0x0000000000000fe2       0x1e /Applications/microchip/xc32/v2.15/bin/bin/../../lib/gcc/pic32c/6.2.1/../../../../pic32c/lib/v7e-m/fpv5/hard/libc.a(lib_a-strlen.o)
 .ARM.attributes
                0x0000000000001000       0x32 /Applications/microchip/xc32/v2.15/bin/bin/../../lib/gcc/pic32c/6.2.1/../../../../pic32c/lib/v7e-m/fpv5/hard/libc.a(lib_a-strncat.o)
 .ARM.attributes
                0x0000000000001032       0x32 /Applications/microchip/xc32/v2.15/bin/bin/../../lib/gcc/pic32c/6.2.1/../../../../pic32c/lib/v7e-m/fpv5/hard/libc.a(lib_a-strncpy.o)
 .ARM.attributes
                0x0000000000001064       0x32 /Applications/microchip/xc32/v2.15/bin/bin/../../lib/gcc/pic32c/6.2.1/../../../../pic32c/lib/v7e-m/fpv5/hard/libc.a(lib_a-strstr.o)
 .ARM.attributes
                0x0000000000001096       0x32 /Applications/microchip/xc32/v2.15/bin/bin/../../lib/gcc/pic32c/6.2.1/../../../../pic32c/lib/v7e-m/fpv5/hard/libc.a(lib_a-strtod.o)
 .ARM.attributes
                0x00000000000010c8       0x32 /Applications/microchip/xc32/v2.15/bin/bin/../../lib/gcc/pic32c/6.2.1/../../../../pic32c/lib/v7e-m/fpv5/hard/libc.a(lib_a-strtok.o)
 .ARM.attributes
                0x00000000000010fa       0x32 /Applications/microchip/xc32/v2.15/bin/bin/../../lib/gcc/pic32c/6.2.1/../../../../pic32c/lib/v7e-m/fpv5/hard/libc.a(lib_a-strtok_r.o)
 .ARM.attributes
                0x000000000000112c       0x32 /Applications/microchip/xc32/v2.15/bin/bin/../../lib/gcc/pic32c/6.2.1/../../../../pic32c/lib/v7e-m/fpv5/hard/libc.a(lib_a-strtol.o)
 .ARM.attributes
                0x000000000000115e       0x32 /Applications/microchip/xc32/v2.15/bin/bin/../../lib/gcc/pic32c/6.2.1/../../../../pic32c/lib/v7e-m/fpv5/hard/libc.a(lib_a-svfprintf.o)
 .ARM.attributes
                0x0000000000001190       0x32 /Applications/microchip/xc32/v2.15/bin/bin/../../lib/gcc/pic32c/6.2.1/../../../../pic32c/lib/v7e-m/fpv5/hard/libc.a(lib_a-vsnprintf.o)
 .ARM.attributes
                0x00000000000011c2       0x32 /Applications/microchip/xc32/v2.15/bin/bin/../../lib/gcc/pic32c/6.2.1/../../../../pic32c/lib/v7e-m/fpv5/hard/libc.a(lib_a-wctomb_r.o)
 .ARM.attributes
                0x00000000000011f4       0x32 /Applications/microchip/xc32/v2.15/bin/bin/../../lib/gcc/pic32c/6.2.1/../../../../pic32c/lib/v7e-m/fpv5/hard/libc.a(lib_a-__call_atexit.o)
 .ARM.attributes
                0x0000000000001226       0x32 /Applications/microchip/xc32/v2.15/bin/bin/../../lib/gcc/pic32c/6.2.1/../../../../pic32c/lib/v7e-m/fpv5/hard/libc.a(lib_a-atexit.o)
 .ARM.attributes
                0x0000000000001258       0x32 /Applications/microchip/xc32/v2.15/bin/bin/../../lib/gcc/pic32c/6.2.1/../../../../pic32c/lib/v7e-m/fpv5/hard/libc.a(lib_a-ctype_.o)
 .ARM.attributes
                0x000000000000128a       0x32 /Applications/microchip/xc32/v2.15/bin/bin/../../lib/gcc/pic32c/6.2.1/../../../../pic32c/lib/v7e-m/fpv5/hard/libc.a(lib_a-dtoa.o)
 .ARM.attributes
                0x00000000000012bc       0x32 /Applications/microchip/xc32/v2.15/bin/bin/../../lib/gcc/pic32c/6.2.1/../../../../pic32c/lib/v7e-m/fpv5/hard/libc.a(lib_a-fini.o)
 .ARM.attributes
                0x00000000000012ee       0x32 /Applications/microchip/xc32/v2.15/bin/bin/../../lib/gcc/pic32c/6.2.1/../../../../pic32c/lib/v7e-m/fpv5/hard/libc.a(lib_a-freer.o)
 .ARM.attributes
                0x0000000000001320       0x32 /Applications/microchip/xc32/v2.15/bin/bin/../../lib/gcc/pic32c/6.2.1/../../../../pic32c/lib/v7e-m/fpv5/hard/libc.a(lib_a-gdtoa-gethex.o)
 .ARM.attributes
                0x0000000000001352       0x32 /Applications/microchip/xc32/v2.15/bin/bin/../../lib/gcc/pic32c/6.2.1/../../../../pic32c/lib/v7e-m/fpv5/hard/libc.a(lib_a-gdtoa-hexnan.o)
 .ARM.attributes
                0x0000000000001384       0x32 /Applications/microchip/xc32/v2.15/bin/bin/../../lib/gcc/pic32c/6.2.1/../../../../pic32c/lib/v7e-m/fpv5/hard/libc.a(lib_a-localeconv.o)
 .ARM.attributes
                0x00000000000013b6       0x1e /Applications/microchip/xc32/v2.15/bin/bin/../../lib/gcc/pic32c/6.2.1/../../../../pic32c/lib/v7e-m/fpv5/hard/libc.a(lib_a-memchr.o)
 .ARM.attributes
                0x00000000000013d4       0x32 /Applications/microchip/xc32/v2.15/bin/bin/../../lib/gcc/pic32c/6.2.1/../../../../pic32c/lib/v7e-m/fpv5/hard/libc.a(lib_a-mprec.o)
 .ARM.attributes
                0x0000000000001406       0x32 /Applications/microchip/xc32/v2.15/bin/bin/../../lib/gcc/pic32c/6.2.1/../../../../pic32c/lib/v7e-m/fpv5/hard/libc.a(lib_a-reent.o)
 .ARM.attributes
                0x0000000000001438       0x32 /Applications/microchip/xc32/v2.15/bin/bin/../../lib/gcc/pic32c/6.2.1/../../../../pic32c/lib/v7e-m/fpv5/hard/libc.a(lib_a-s_frexp.o)
 .ARM.attributes
                0x000000000000146a       0x32 /Applications/microchip/xc32/v2.15/bin/bin/../../lib/gcc/pic32c/6.2.1/../../../../pic32c/lib/v7e-m/fpv5/hard/libc.a(lib_a-strchr.o)
 .ARM.attributes
                0x000000000000149c       0x32 /Applications/microchip/xc32/v2.15/bin/bin/../../lib/gcc/pic32c/6.2.1/../../../../pic32c/lib/v7e-m/fpv5/hard/libc.a(lib_a-strncmp.o)
 .ARM.attributes
                0x00000000000014ce       0x32 /Applications/microchip/xc32/v2.15/bin/bin/../../lib/gcc/pic32c/6.2.1/../../../../pic32c/lib/v7e-m/fpv5/hard/libc.a(lib_a-svfiprintf.o)
 .ARM.attributes
                0x0000000000001500       0x32 /Applications/microchip/xc32/v2.15/bin/bin/../../lib/gcc/pic32c/6.2.1/../../../../pic32c/lib/v7e-m/fpv5/hard/libc.a(lib_a-__atexit.o)
 .ARM.attributes
                0x0000000000001532       0x32 /Applications/microchip/xc32/v2.15/bin/bin/../../lib/gcc/pic32c/6.2.1/../../../../pic32c/lib/v7e-m/fpv5/hard/libc.a(lib_a-memmove.o)
 .ARM.attributes
                0x0000000000001564       0x32 /Applications/microchip/xc32/v2.15/bin/bin/../../lib/gcc/pic32c/6.2.1/../../../../pic32c/lib/v7e-m/fpv5/hard/libc.a(lib_a-reallocr.o)
 .ARM.attributes
                0x0000000000001596       0x32 /Applications/microchip/xc32/v2.15/bin/bin/../../lib/gcc/pic32c/6.2.1/../../../../pic32c/lib/v7e-m/fpv5/hard/libpic32c.a(sbrk.o)
 .ARM.attributes
                0x00000000000015c8       0x20 /Applications/microchip/xc32/v2.15/bin/bin/../../lib/gcc/pic32c/6.2.1/v7e-m/fpv5/hard/crtn.o

.debug_info     0x0000000000000000    0xe1568
 .debug_info    0x0000000000000000     0x4b56 build/sam_e70_xult_freertos/production/_ext/1360937237/app_commands.o
 .debug_info    0x0000000000004b56     0x92bd build/sam_e70_xult_freertos/production/_ext/810785262/dns.o
 .debug_info    0x000000000000de13     0x55ae build/sam_e70_xult_freertos/production/_ext/810785262/icmp.o
 .debug_info    0x00000000000133c1     0xc943 build/sam_e70_xult_freertos/production/_ext/810785262/tcp.o
 .debug_info    0x000000000001fd04     0xaea4 build/sam_e70_xult_freertos/production/_ext/810785262/dhcp.o
 .debug_info    0x000000000002aba8     0x8683 build/sam_e70_xult_freertos/production/_ext/810785262/arp.o
 .debug_info    0x000000000003322b      0x903 build/sam_e70_xult_freertos/production/_ext/1245453995/plib_tc0.o
 .debug_info    0x0000000000033b2e     0x3489 build/sam_e70_xult_freertos/production/_ext/912870411/sys_time.o
 .debug_info    0x0000000000036fb7     0x14d7 build/sam_e70_xult_freertos/production/_ext/683629640/bsp.o
 .debug_info    0x000000000003848e     0xa46f build/sam_e70_xult_freertos/production/_ext/810785262/tcpip_commands.o
 .debug_info    0x00000000000428fd      0xbb3 build/sam_e70_xult_freertos/production/_ext/901805035/plib_twihs0.o
 .debug_info    0x00000000000434b0     0x7fe4 build/sam_e70_xult_freertos/production/_ext/810785262/ipv4.o
 .debug_info    0x000000000004b494      0xed1 build/sam_e70_xult_freertos/production/_ext/901008055/plib_usart1.o
 .debug_info    0x000000000004c365     0x4622 build/sam_e70_xult_freertos/production/_ext/810785262/tcpip_heap_alloc.o
 .debug_info    0x0000000000050987     0x4f9c build/sam_e70_xult_freertos/production/_ext/810785262/tcpip_heap_internal.o
 .debug_info    0x0000000000055923     0x11a6 build/sam_e70_xult_freertos/production/_ext/810785262/helpers.o
 .debug_info    0x0000000000056ac9      0xf0c build/sam_e70_xult_freertos/production/_ext/810785262/hash_fnv.o
 .debug_info    0x00000000000579d5     0x1586 build/sam_e70_xult_freertos/production/_ext/810785262/oahash.o
 .debug_info    0x0000000000058f5b     0x6ea3 build/sam_e70_xult_freertos/production/_ext/810785262/tcpip_helpers.o
 .debug_info    0x000000000005fdfe     0xcb7c build/sam_e70_xult_freertos/production/_ext/810785262/tcpip_manager.o
 .debug_info    0x000000000006c97a     0x44b6 build/sam_e70_xult_freertos/production/_ext/810785262/tcpip_notify.o
 .debug_info    0x0000000000070e30     0x54b6 build/sam_e70_xult_freertos/production/_ext/810785262/tcpip_packet.o
 .debug_info    0x00000000000762e6      0x508 build/sam_e70_xult_freertos/production/_ext/231871610/sys_time_h2_adapter.o
 .debug_info    0x00000000000767ee      0xc89 build/sam_e70_xult_freertos/production/_ext/1775855163/sys_int.o
 .debug_info    0x0000000000077477      0xa52 build/sam_e70_xult_freertos/production/_ext/281930714/osal_freertos.o
 .debug_info    0x0000000000077ec9     0x614f build/sam_e70_xult_freertos/production/_ext/1360937237/app.o
 .debug_info    0x000000000007e018     0x4814 build/sam_e70_xult_freertos/production/_ext/1552905064/tasks.o
 .debug_info    0x000000000008282c     0xa739 build/sam_e70_xult_freertos/production/_ext/1619526243/drv_gmac.o
 .debug_info    0x000000000008cf65     0x8d19 build/sam_e70_xult_freertos/production/_ext/1619526243/drv_gmac_lib_samE7x_V7x.o
 .debug_info    0x0000000000095c7e     0x4474 build/sam_e70_xult_freertos/production/_ext/1360937237/main.o
 .debug_info    0x000000000009a0f2     0x70d8 build/sam_e70_xult_freertos/production/_ext/1552905064/initialization.o
 .debug_info    0x00000000000a11ca     0x4f49 build/sam_e70_xult_freertos/production/_ext/1552905064/interrupts.o
 .debug_info    0x00000000000a6113     0x4522 build/sam_e70_xult_freertos/production/_ext/1552905064/exceptions.o
 .debug_info    0x00000000000aa635      0x8b1 build/sam_e70_xult_freertos/production/_ext/45647770/plib_clk.o
 .debug_info    0x00000000000aaee6      0xe8f build/sam_e70_xult_freertos/production/_ext/45635366/plib_pio.o
 .debug_info    0x00000000000abd75      0xfcc build/sam_e70_xult_freertos/production/_ext/1414743522/plib_nvic.o
 .debug_info    0x00000000000acd41      0x8af build/sam_e70_xult_freertos/production/_ext/45638026/plib_mpu.o
 .debug_info    0x00000000000ad5f0     0x4e2b build/sam_e70_xult_freertos/production/_ext/1552905064/startup_xc32.o
 .debug_info    0x00000000000b241b     0xa47c build/sam_e70_xult_freertos/production/_ext/810785262/udp.o
 .debug_info    0x00000000000bc897     0x539a build/sam_e70_xult_freertos/production/_ext/511568427/drv_miim.o
 .debug_info    0x00000000000c1c31     0x841a build/sam_e70_xult_freertos/production/_ext/1607428259/drv_ethphy.o
 .debug_info    0x00000000000ca04b     0x31ca build/sam_e70_xult_freertos/production/_ext/1607428259/drv_extphy_smsc8740.o
 .debug_info    0x00000000000cd215     0x1910 build/sam_e70_xult_freertos/production/_ext/762686499/sys_console.o
 .debug_info    0x00000000000ceb25     0x5da2 build/sam_e70_xult_freertos/production/_ext/762686499/sys_console_uart.o
 .debug_info    0x00000000000d48c7     0x1465 build/sam_e70_xult_freertos/production/_ext/762686499/sys_debug.o
 .debug_info    0x00000000000d5d2c     0x2e32 build/sam_e70_xult_freertos/production/_ext/762686499/sys_command.o
 .debug_info    0x00000000000d8b5e      0x4be build/sam_e70_xult_freertos/production/_ext/1552905064/freertos_hooks.o
 .debug_info    0x00000000000d901c     0x10d6 build/sam_e70_xult_freertos/production/_ext/404212886/list.o
 .debug_info    0x00000000000da0f2     0x28f4 build/sam_e70_xult_freertos/production/_ext/404212886/queue.o
 .debug_info    0x00000000000dc9e6     0x3592 build/sam_e70_xult_freertos/production/_ext/404212886/FreeRTOS_tasks.o
 .debug_info    0x00000000000dff78      0xf12 build/sam_e70_xult_freertos/production/_ext/1665200909/heap_3.o
 .debug_info    0x00000000000e0e8a      0x6de build/sam_e70_xult_freertos/production/_ext/977623654/port.o

.debug_abbrev   0x0000000000000000     0xb36c
 .debug_abbrev  0x0000000000000000      0x30c build/sam_e70_xult_freertos/production/_ext/1360937237/app_commands.o
 .debug_abbrev  0x000000000000030c      0x5e9 build/sam_e70_xult_freertos/production/_ext/810785262/dns.o
 .debug_abbrev  0x00000000000008f5      0x40a build/sam_e70_xult_freertos/production/_ext/810785262/icmp.o
 .debug_abbrev  0x0000000000000cff      0x5d1 build/sam_e70_xult_freertos/production/_ext/810785262/tcp.o
 .debug_abbrev  0x00000000000012d0      0x592 build/sam_e70_xult_freertos/production/_ext/810785262/dhcp.o
 .debug_abbrev  0x0000000000001862      0x54c build/sam_e70_xult_freertos/production/_ext/810785262/arp.o
 .debug_abbrev  0x0000000000001dae      0x182 build/sam_e70_xult_freertos/production/_ext/1245453995/plib_tc0.o
 .debug_abbrev  0x0000000000001f30      0x572 build/sam_e70_xult_freertos/production/_ext/912870411/sys_time.o
 .debug_abbrev  0x00000000000024a2      0x1a3 build/sam_e70_xult_freertos/production/_ext/683629640/bsp.o
 .debug_abbrev  0x0000000000002645      0x4c3 build/sam_e70_xult_freertos/production/_ext/810785262/tcpip_commands.o
 .debug_abbrev  0x0000000000002b08      0x2ab build/sam_e70_xult_freertos/production/_ext/901805035/plib_twihs0.o
 .debug_abbrev  0x0000000000002db3      0x50b build/sam_e70_xult_freertos/production/_ext/810785262/ipv4.o
 .debug_abbrev  0x00000000000032be      0x2c4 build/sam_e70_xult_freertos/production/_ext/901008055/plib_usart1.o
 .debug_abbrev  0x0000000000003582      0x299 build/sam_e70_xult_freertos/production/_ext/810785262/tcpip_heap_alloc.o
 .debug_abbrev  0x000000000000381b      0x3f2 build/sam_e70_xult_freertos/production/_ext/810785262/tcpip_heap_internal.o
 .debug_abbrev  0x0000000000003c0d      0x2ae build/sam_e70_xult_freertos/production/_ext/810785262/helpers.o
 .debug_abbrev  0x0000000000003ebb      0x1d0 build/sam_e70_xult_freertos/production/_ext/810785262/hash_fnv.o
 .debug_abbrev  0x000000000000408b      0x34c build/sam_e70_xult_freertos/production/_ext/810785262/oahash.o
 .debug_abbrev  0x00000000000043d7      0x4fc build/sam_e70_xult_freertos/production/_ext/810785262/tcpip_helpers.o
 .debug_abbrev  0x00000000000048d3      0x639 build/sam_e70_xult_freertos/production/_ext/810785262/tcpip_manager.o
 .debug_abbrev  0x0000000000004f0c      0x2eb build/sam_e70_xult_freertos/production/_ext/810785262/tcpip_notify.o
 .debug_abbrev  0x00000000000051f7      0x48f build/sam_e70_xult_freertos/production/_ext/810785262/tcpip_packet.o
 .debug_abbrev  0x0000000000005686      0x128 build/sam_e70_xult_freertos/production/_ext/231871610/sys_time_h2_adapter.o
 .debug_abbrev  0x00000000000057ae      0x200 build/sam_e70_xult_freertos/production/_ext/1775855163/sys_int.o
 .debug_abbrev  0x00000000000059ae      0x19f build/sam_e70_xult_freertos/production/_ext/281930714/osal_freertos.o
 .debug_abbrev  0x0000000000005b4d      0x3ec build/sam_e70_xult_freertos/production/_ext/1360937237/app.o
 .debug_abbrev  0x0000000000005f39      0x2ba build/sam_e70_xult_freertos/production/_ext/1552905064/tasks.o
 .debug_abbrev  0x00000000000061f3      0x618 build/sam_e70_xult_freertos/production/_ext/1619526243/drv_gmac.o
 .debug_abbrev  0x000000000000680b      0x540 build/sam_e70_xult_freertos/production/_ext/1619526243/drv_gmac_lib_samE7x_V7x.o
 .debug_abbrev  0x0000000000006d4b      0x270 build/sam_e70_xult_freertos/production/_ext/1360937237/main.o
 .debug_abbrev  0x0000000000006fbb      0x32a build/sam_e70_xult_freertos/production/_ext/1552905064/initialization.o
 .debug_abbrev  0x00000000000072e5      0x247 build/sam_e70_xult_freertos/production/_ext/1552905064/interrupts.o
 .debug_abbrev  0x000000000000752c      0x236 build/sam_e70_xult_freertos/production/_ext/1552905064/exceptions.o
 .debug_abbrev  0x0000000000007762       0xfa build/sam_e70_xult_freertos/production/_ext/45647770/plib_clk.o
 .debug_abbrev  0x000000000000785c      0x160 build/sam_e70_xult_freertos/production/_ext/45635366/plib_pio.o
 .debug_abbrev  0x00000000000079bc      0x179 build/sam_e70_xult_freertos/production/_ext/1414743522/plib_nvic.o
 .debug_abbrev  0x0000000000007b35       0xcd build/sam_e70_xult_freertos/production/_ext/45638026/plib_mpu.o
 .debug_abbrev  0x0000000000007c02      0x366 build/sam_e70_xult_freertos/production/_ext/1552905064/startup_xc32.o
 .debug_abbrev  0x0000000000007f68      0x5bc build/sam_e70_xult_freertos/production/_ext/810785262/udp.o
 .debug_abbrev  0x0000000000008524      0x683 build/sam_e70_xult_freertos/production/_ext/511568427/drv_miim.o
 .debug_abbrev  0x0000000000008ba7      0x58f build/sam_e70_xult_freertos/production/_ext/1607428259/drv_ethphy.o
 .debug_abbrev  0x0000000000009136      0x2d0 build/sam_e70_xult_freertos/production/_ext/1607428259/drv_extphy_smsc8740.o
 .debug_abbrev  0x0000000000009406      0x299 build/sam_e70_xult_freertos/production/_ext/762686499/sys_console.o
 .debug_abbrev  0x000000000000969f      0x51a build/sam_e70_xult_freertos/production/_ext/762686499/sys_console_uart.o
 .debug_abbrev  0x0000000000009bb9      0x2cb build/sam_e70_xult_freertos/production/_ext/762686499/sys_debug.o
 .debug_abbrev  0x0000000000009e84      0x4d4 build/sam_e70_xult_freertos/production/_ext/762686499/sys_command.o
 .debug_abbrev  0x000000000000a358      0x121 build/sam_e70_xult_freertos/production/_ext/1552905064/freertos_hooks.o
 .debug_abbrev  0x000000000000a479      0x231 build/sam_e70_xult_freertos/production/_ext/404212886/list.o
 .debug_abbrev  0x000000000000a6aa      0x3f1 build/sam_e70_xult_freertos/production/_ext/404212886/queue.o
 .debug_abbrev  0x000000000000aa9b      0x49e build/sam_e70_xult_freertos/production/_ext/404212886/FreeRTOS_tasks.o
 .debug_abbrev  0x000000000000af39      0x241 build/sam_e70_xult_freertos/production/_ext/1665200909/heap_3.o
 .debug_abbrev  0x000000000000b17a      0x1f2 build/sam_e70_xult_freertos/production/_ext/977623654/port.o

.debug_loc      0x0000000000000000    0x33fa8
 .debug_loc     0x0000000000000000      0x143 build/sam_e70_xult_freertos/production/_ext/1360937237/app_commands.o
 .debug_loc     0x0000000000000143     0x2cf8 build/sam_e70_xult_freertos/production/_ext/810785262/dns.o
 .debug_loc     0x0000000000002e3b      0x37c build/sam_e70_xult_freertos/production/_ext/810785262/icmp.o
 .debug_loc     0x00000000000031b7     0x65a2 build/sam_e70_xult_freertos/production/_ext/810785262/tcp.o
 .debug_loc     0x0000000000009759     0x2d25 build/sam_e70_xult_freertos/production/_ext/810785262/dhcp.o
 .debug_loc     0x000000000000c47e     0x2a93 build/sam_e70_xult_freertos/production/_ext/810785262/arp.o
 .debug_loc     0x000000000000ef11       0x42 build/sam_e70_xult_freertos/production/_ext/1245453995/plib_tc0.o
 .debug_loc     0x000000000000ef53     0x1e63 build/sam_e70_xult_freertos/production/_ext/912870411/sys_time.o
 .debug_loc     0x0000000000010db6     0x2207 build/sam_e70_xult_freertos/production/_ext/810785262/tcpip_commands.o
 .debug_loc     0x0000000000012fbd      0x3a1 build/sam_e70_xult_freertos/production/_ext/901805035/plib_twihs0.o
 .debug_loc     0x000000000001335e     0x209e build/sam_e70_xult_freertos/production/_ext/810785262/ipv4.o
 .debug_loc     0x00000000000153fc      0x4ea build/sam_e70_xult_freertos/production/_ext/901008055/plib_usart1.o
 .debug_loc     0x00000000000158e6      0x1fe build/sam_e70_xult_freertos/production/_ext/810785262/tcpip_heap_alloc.o
 .debug_loc     0x0000000000015ae4      0xad5 build/sam_e70_xult_freertos/production/_ext/810785262/tcpip_heap_internal.o
 .debug_loc     0x00000000000165b9      0x4be build/sam_e70_xult_freertos/production/_ext/810785262/helpers.o
 .debug_loc     0x0000000000016a77      0x278 build/sam_e70_xult_freertos/production/_ext/810785262/hash_fnv.o
 .debug_loc     0x0000000000016cef      0x3ce build/sam_e70_xult_freertos/production/_ext/810785262/oahash.o
 .debug_loc     0x00000000000170bd     0x2c37 build/sam_e70_xult_freertos/production/_ext/810785262/tcpip_helpers.o
 .debug_loc     0x0000000000019cf4     0x5561 build/sam_e70_xult_freertos/production/_ext/810785262/tcpip_manager.o
 .debug_loc     0x000000000001f255      0x2dc build/sam_e70_xult_freertos/production/_ext/810785262/tcpip_notify.o
 .debug_loc     0x000000000001f531      0xa29 build/sam_e70_xult_freertos/production/_ext/810785262/tcpip_packet.o
 .debug_loc     0x000000000001ff5a       0xde build/sam_e70_xult_freertos/production/_ext/231871610/sys_time_h2_adapter.o
 .debug_loc     0x0000000000020038       0xe9 build/sam_e70_xult_freertos/production/_ext/1775855163/sys_int.o
 .debug_loc     0x0000000000020121      0x5b4 build/sam_e70_xult_freertos/production/_ext/281930714/osal_freertos.o
 .debug_loc     0x00000000000206d5      0x4c8 build/sam_e70_xult_freertos/production/_ext/1360937237/app.o
 .debug_loc     0x0000000000020b9d      0x13c build/sam_e70_xult_freertos/production/_ext/1552905064/tasks.o
 .debug_loc     0x0000000000020cd9     0x1e66 build/sam_e70_xult_freertos/production/_ext/1619526243/drv_gmac.o
 .debug_loc     0x0000000000022b3f     0x1a8f build/sam_e70_xult_freertos/production/_ext/1619526243/drv_gmac_lib_samE7x_V7x.o
 .debug_loc     0x00000000000245ce       0x20 build/sam_e70_xult_freertos/production/_ext/1360937237/main.o
 .debug_loc     0x00000000000245ee       0x79 build/sam_e70_xult_freertos/production/_ext/1552905064/initialization.o
 .debug_loc     0x0000000000024667       0x84 build/sam_e70_xult_freertos/production/_ext/45635366/plib_pio.o
 .debug_loc     0x00000000000246eb      0x158 build/sam_e70_xult_freertos/production/_ext/1414743522/plib_nvic.o
 .debug_loc     0x0000000000024843       0x6d build/sam_e70_xult_freertos/production/_ext/1552905064/startup_xc32.o
 .debug_loc     0x00000000000248b0     0x3ea6 build/sam_e70_xult_freertos/production/_ext/810785262/udp.o
 .debug_loc     0x0000000000028756     0x2421 build/sam_e70_xult_freertos/production/_ext/511568427/drv_miim.o
 .debug_loc     0x000000000002ab77     0x38bc build/sam_e70_xult_freertos/production/_ext/1607428259/drv_ethphy.o
 .debug_loc     0x000000000002e433      0x29b build/sam_e70_xult_freertos/production/_ext/1607428259/drv_extphy_smsc8740.o
 .debug_loc     0x000000000002e6ce      0x676 build/sam_e70_xult_freertos/production/_ext/762686499/sys_console.o
 .debug_loc     0x000000000002ed44      0xb14 build/sam_e70_xult_freertos/production/_ext/762686499/sys_console_uart.o
 .debug_loc     0x000000000002f858      0x142 build/sam_e70_xult_freertos/production/_ext/762686499/sys_debug.o
 .debug_loc     0x000000000002f99a     0x1257 build/sam_e70_xult_freertos/production/_ext/762686499/sys_command.o
 .debug_loc     0x0000000000030bf1       0x7a build/sam_e70_xult_freertos/production/_ext/1552905064/freertos_hooks.o
 .debug_loc     0x0000000000030c6b       0x9c build/sam_e70_xult_freertos/production/_ext/404212886/list.o
 .debug_loc     0x0000000000030d07     0x1335 build/sam_e70_xult_freertos/production/_ext/404212886/queue.o
 .debug_loc     0x000000000003203c     0x1d8b build/sam_e70_xult_freertos/production/_ext/404212886/FreeRTOS_tasks.o
 .debug_loc     0x0000000000033dc7       0xbf build/sam_e70_xult_freertos/production/_ext/1665200909/heap_3.o
 .debug_loc     0x0000000000033e86      0x122 build/sam_e70_xult_freertos/production/_ext/977623654/port.o

.debug_aranges  0x0000000000000000     0x22d8
 .debug_aranges
                0x0000000000000000       0x28 build/sam_e70_xult_freertos/production/_ext/1360937237/app_commands.o
 .debug_aranges
                0x0000000000000028      0x140 build/sam_e70_xult_freertos/production/_ext/810785262/dns.o
 .debug_aranges
                0x0000000000000168       0x38 build/sam_e70_xult_freertos/production/_ext/810785262/icmp.o
 .debug_aranges
                0x00000000000001a0      0x220 build/sam_e70_xult_freertos/production/_ext/810785262/tcp.o
 .debug_aranges
                0x00000000000003c0      0x188 build/sam_e70_xult_freertos/production/_ext/810785262/dhcp.o
 .debug_aranges
                0x0000000000000548      0x110 build/sam_e70_xult_freertos/production/_ext/810785262/arp.o
 .debug_aranges
                0x0000000000000658       0x68 build/sam_e70_xult_freertos/production/_ext/1245453995/plib_tc0.o
 .debug_aranges
                0x00000000000006c0      0x130 build/sam_e70_xult_freertos/production/_ext/912870411/sys_time.o
 .debug_aranges
                0x00000000000007f0       0x20 build/sam_e70_xult_freertos/production/_ext/683629640/bsp.o
 .debug_aranges
                0x0000000000000810       0xb8 build/sam_e70_xult_freertos/production/_ext/810785262/tcpip_commands.o
 .debug_aranges
                0x00000000000008c8       0x68 build/sam_e70_xult_freertos/production/_ext/901805035/plib_twihs0.o
 .debug_aranges
                0x0000000000000930       0xc0 build/sam_e70_xult_freertos/production/_ext/810785262/ipv4.o
 .debug_aranges
                0x00000000000009f0       0x78 build/sam_e70_xult_freertos/production/_ext/901008055/plib_usart1.o
 .debug_aranges
                0x0000000000000a68       0x48 build/sam_e70_xult_freertos/production/_ext/810785262/tcpip_heap_alloc.o
 .debug_aranges
                0x0000000000000ab0       0x68 build/sam_e70_xult_freertos/production/_ext/810785262/tcpip_heap_internal.o
 .debug_aranges
                0x0000000000000b18       0x48 build/sam_e70_xult_freertos/production/_ext/810785262/helpers.o
 .debug_aranges
                0x0000000000000b60       0x28 build/sam_e70_xult_freertos/production/_ext/810785262/hash_fnv.o
 .debug_aranges
                0x0000000000000b88       0x50 build/sam_e70_xult_freertos/production/_ext/810785262/oahash.o
 .debug_aranges
                0x0000000000000bd8      0x218 build/sam_e70_xult_freertos/production/_ext/810785262/tcpip_helpers.o
 .debug_aranges
                0x0000000000000df0      0x380 build/sam_e70_xult_freertos/production/_ext/810785262/tcpip_manager.o
 .debug_aranges
                0x0000000000001170       0x40 build/sam_e70_xult_freertos/production/_ext/810785262/tcpip_notify.o
 .debug_aranges
                0x00000000000011b0       0x78 build/sam_e70_xult_freertos/production/_ext/810785262/tcpip_packet.o
 .debug_aranges
                0x0000000000001228       0x28 build/sam_e70_xult_freertos/production/_ext/231871610/sys_time_h2_adapter.o
 .debug_aranges
                0x0000000000001250       0x40 build/sam_e70_xult_freertos/production/_ext/1775855163/sys_int.o
 .debug_aranges
                0x0000000000001290       0x80 build/sam_e70_xult_freertos/production/_ext/281930714/osal_freertos.o
 .debug_aranges
                0x0000000000001310       0x38 build/sam_e70_xult_freertos/production/_ext/1360937237/app.o
 .debug_aranges
                0x0000000000001348       0x40 build/sam_e70_xult_freertos/production/_ext/1552905064/tasks.o
 .debug_aranges
                0x0000000000001388      0x280 build/sam_e70_xult_freertos/production/_ext/1619526243/drv_gmac.o
 .debug_aranges
                0x0000000000001608       0xb0 build/sam_e70_xult_freertos/production/_ext/1619526243/drv_gmac_lib_samE7x_V7x.o
 .debug_aranges
                0x00000000000016b8       0x20 build/sam_e70_xult_freertos/production/_ext/1360937237/main.o
 .debug_aranges
                0x00000000000016d8       0x28 build/sam_e70_xult_freertos/production/_ext/1552905064/initialization.o
 .debug_aranges
                0x0000000000001700       0x20 build/sam_e70_xult_freertos/production/_ext/1552905064/interrupts.o
 .debug_aranges
                0x0000000000001720       0x48 build/sam_e70_xult_freertos/production/_ext/1552905064/exceptions.o
 .debug_aranges
                0x0000000000001768       0x20 build/sam_e70_xult_freertos/production/_ext/45647770/plib_clk.o
 .debug_aranges
                0x0000000000001788       0x60 build/sam_e70_xult_freertos/production/_ext/45635366/plib_pio.o
 .debug_aranges
                0x00000000000017e8       0x20 build/sam_e70_xult_freertos/production/_ext/1414743522/plib_nvic.o
 .debug_aranges
                0x0000000000001808       0x20 build/sam_e70_xult_freertos/production/_ext/45638026/plib_mpu.o
 .debug_aranges
                0x0000000000001828       0x20 build/sam_e70_xult_freertos/production/_ext/1552905064/startup_xc32.o
 .debug_aranges
                0x0000000000001848      0x1c0 build/sam_e70_xult_freertos/production/_ext/810785262/udp.o
 .debug_aranges
                0x0000000000001a08       0xe8 build/sam_e70_xult_freertos/production/_ext/511568427/drv_miim.o
 .debug_aranges
                0x0000000000001af0      0x278 build/sam_e70_xult_freertos/production/_ext/1607428259/drv_ethphy.o
 .debug_aranges
                0x0000000000001d68       0x30 build/sam_e70_xult_freertos/production/_ext/1607428259/drv_extphy_smsc8740.o
 .debug_aranges
                0x0000000000001d98       0x50 build/sam_e70_xult_freertos/production/_ext/762686499/sys_console.o
 .debug_aranges
                0x0000000000001de8       0x78 build/sam_e70_xult_freertos/production/_ext/762686499/sys_console_uart.o
 .debug_aranges
                0x0000000000001e60       0x50 build/sam_e70_xult_freertos/production/_ext/762686499/sys_debug.o
 .debug_aranges
                0x0000000000001eb0       0xd0 build/sam_e70_xult_freertos/production/_ext/762686499/sys_command.o
 .debug_aranges
                0x0000000000001f80       0x40 build/sam_e70_xult_freertos/production/_ext/1552905064/freertos_hooks.o
 .debug_aranges
                0x0000000000001fc0       0x40 build/sam_e70_xult_freertos/production/_ext/404212886/list.o
 .debug_aranges
                0x0000000000002000       0xc8 build/sam_e70_xult_freertos/production/_ext/404212886/queue.o
 .debug_aranges
                0x00000000000020c8      0x170 build/sam_e70_xult_freertos/production/_ext/404212886/FreeRTOS_tasks.o
 .debug_aranges
                0x0000000000002238       0x28 build/sam_e70_xult_freertos/production/_ext/1665200909/heap_3.o
 .debug_aranges
                0x0000000000002260       0x78 build/sam_e70_xult_freertos/production/_ext/977623654/port.o

.debug_ranges   0x0000000000000000     0x3828
 .debug_ranges  0x0000000000000000       0x18 build/sam_e70_xult_freertos/production/_ext/1360937237/app_commands.o
 .debug_ranges  0x0000000000000018      0x238 build/sam_e70_xult_freertos/production/_ext/810785262/dns.o
 .debug_ranges  0x0000000000000250       0x40 build/sam_e70_xult_freertos/production/_ext/810785262/icmp.o
 .debug_ranges  0x0000000000000290      0x700 build/sam_e70_xult_freertos/production/_ext/810785262/tcp.o
 .debug_ranges  0x0000000000000990      0x2f0 build/sam_e70_xult_freertos/production/_ext/810785262/dhcp.o
 .debug_ranges  0x0000000000000c80      0x1c0 build/sam_e70_xult_freertos/production/_ext/810785262/arp.o
 .debug_ranges  0x0000000000000e40       0x58 build/sam_e70_xult_freertos/production/_ext/1245453995/plib_tc0.o
 .debug_ranges  0x0000000000000e98      0x168 build/sam_e70_xult_freertos/production/_ext/912870411/sys_time.o
 .debug_ranges  0x0000000000001000       0x10 build/sam_e70_xult_freertos/production/_ext/683629640/bsp.o
 .debug_ranges  0x0000000000001010      0x148 build/sam_e70_xult_freertos/production/_ext/810785262/tcpip_commands.o
 .debug_ranges  0x0000000000001158       0x58 build/sam_e70_xult_freertos/production/_ext/901805035/plib_twihs0.o
 .debug_ranges  0x00000000000011b0      0x230 build/sam_e70_xult_freertos/production/_ext/810785262/ipv4.o
 .debug_ranges  0x00000000000013e0       0x80 build/sam_e70_xult_freertos/production/_ext/901008055/plib_usart1.o
 .debug_ranges  0x0000000000001460       0x38 build/sam_e70_xult_freertos/production/_ext/810785262/tcpip_heap_alloc.o
 .debug_ranges  0x0000000000001498       0x58 build/sam_e70_xult_freertos/production/_ext/810785262/tcpip_heap_internal.o
 .debug_ranges  0x00000000000014f0       0x38 build/sam_e70_xult_freertos/production/_ext/810785262/helpers.o
 .debug_ranges  0x0000000000001528       0x18 build/sam_e70_xult_freertos/production/_ext/810785262/hash_fnv.o
 .debug_ranges  0x0000000000001540       0x40 build/sam_e70_xult_freertos/production/_ext/810785262/oahash.o
 .debug_ranges  0x0000000000001580      0x258 build/sam_e70_xult_freertos/production/_ext/810785262/tcpip_helpers.o
 .debug_ranges  0x00000000000017d8      0x6c0 build/sam_e70_xult_freertos/production/_ext/810785262/tcpip_manager.o
 .debug_ranges  0x0000000000001e98       0x30 build/sam_e70_xult_freertos/production/_ext/810785262/tcpip_notify.o
 .debug_ranges  0x0000000000001ec8       0x80 build/sam_e70_xult_freertos/production/_ext/810785262/tcpip_packet.o
 .debug_ranges  0x0000000000001f48       0x18 build/sam_e70_xult_freertos/production/_ext/231871610/sys_time_h2_adapter.o
 .debug_ranges  0x0000000000001f60       0x30 build/sam_e70_xult_freertos/production/_ext/1775855163/sys_int.o
 .debug_ranges  0x0000000000001f90       0x70 build/sam_e70_xult_freertos/production/_ext/281930714/osal_freertos.o
 .debug_ranges  0x0000000000002000       0x70 build/sam_e70_xult_freertos/production/_ext/1360937237/app.o
 .debug_ranges  0x0000000000002070       0x30 build/sam_e70_xult_freertos/production/_ext/1552905064/tasks.o
 .debug_ranges  0x00000000000020a0      0x320 build/sam_e70_xult_freertos/production/_ext/1619526243/drv_gmac.o
 .debug_ranges  0x00000000000023c0      0x118 build/sam_e70_xult_freertos/production/_ext/1619526243/drv_gmac_lib_samE7x_V7x.o
 .debug_ranges  0x00000000000024d8       0x10 build/sam_e70_xult_freertos/production/_ext/1360937237/main.o
 .debug_ranges  0x00000000000024e8       0x18 build/sam_e70_xult_freertos/production/_ext/1552905064/initialization.o
 .debug_ranges  0x0000000000002500       0x10 build/sam_e70_xult_freertos/production/_ext/1552905064/interrupts.o
 .debug_ranges  0x0000000000002510       0x38 build/sam_e70_xult_freertos/production/_ext/1552905064/exceptions.o
 .debug_ranges  0x0000000000002548       0x10 build/sam_e70_xult_freertos/production/_ext/45647770/plib_clk.o
 .debug_ranges  0x0000000000002558       0x50 build/sam_e70_xult_freertos/production/_ext/45635366/plib_pio.o
 .debug_ranges  0x00000000000025a8       0x10 build/sam_e70_xult_freertos/production/_ext/1414743522/plib_nvic.o
 .debug_ranges  0x00000000000025b8       0x10 build/sam_e70_xult_freertos/production/_ext/45638026/plib_mpu.o
 .debug_ranges  0x00000000000025c8       0x10 build/sam_e70_xult_freertos/production/_ext/1552905064/startup_xc32.o
 .debug_ranges  0x00000000000025d8      0x3f0 build/sam_e70_xult_freertos/production/_ext/810785262/udp.o
 .debug_ranges  0x00000000000029c8      0x348 build/sam_e70_xult_freertos/production/_ext/511568427/drv_miim.o
 .debug_ranges  0x0000000000002d10      0x2e0 build/sam_e70_xult_freertos/production/_ext/1607428259/drv_ethphy.o
 .debug_ranges  0x0000000000002ff0       0x20 build/sam_e70_xult_freertos/production/_ext/1607428259/drv_extphy_smsc8740.o
 .debug_ranges  0x0000000000003010       0x40 build/sam_e70_xult_freertos/production/_ext/762686499/sys_console.o
 .debug_ranges  0x0000000000003050       0xc8 build/sam_e70_xult_freertos/production/_ext/762686499/sys_console_uart.o
 .debug_ranges  0x0000000000003118       0x40 build/sam_e70_xult_freertos/production/_ext/762686499/sys_debug.o
 .debug_ranges  0x0000000000003158      0x1a8 build/sam_e70_xult_freertos/production/_ext/762686499/sys_command.o
 .debug_ranges  0x0000000000003300       0x30 build/sam_e70_xult_freertos/production/_ext/1552905064/freertos_hooks.o
 .debug_ranges  0x0000000000003330       0x30 build/sam_e70_xult_freertos/production/_ext/404212886/list.o
 .debug_ranges  0x0000000000003360      0x1b8 build/sam_e70_xult_freertos/production/_ext/404212886/queue.o
 .debug_ranges  0x0000000000003518      0x290 build/sam_e70_xult_freertos/production/_ext/404212886/FreeRTOS_tasks.o
 .debug_ranges  0x00000000000037a8       0x18 build/sam_e70_xult_freertos/production/_ext/1665200909/heap_3.o
 .debug_ranges  0x00000000000037c0       0x68 build/sam_e70_xult_freertos/production/_ext/977623654/port.o

.debug_line     0x0000000000000000    0x14454
 .debug_line    0x0000000000000000      0x3f5 build/sam_e70_xult_freertos/production/_ext/1360937237/app_commands.o
 .debug_line    0x00000000000003f5      0xb8f build/sam_e70_xult_freertos/production/_ext/810785262/dns.o
 .debug_line    0x0000000000000f84      0x491 build/sam_e70_xult_freertos/production/_ext/810785262/icmp.o
 .debug_line    0x0000000000001415     0x17f1 build/sam_e70_xult_freertos/production/_ext/810785262/tcp.o
 .debug_line    0x0000000000002c06      0xe2f build/sam_e70_xult_freertos/production/_ext/810785262/dhcp.o
 .debug_line    0x0000000000003a35      0xae5 build/sam_e70_xult_freertos/production/_ext/810785262/arp.o
 .debug_line    0x000000000000451a      0x21c build/sam_e70_xult_freertos/production/_ext/1245453995/plib_tc0.o
 .debug_line    0x0000000000004736      0x7d1 build/sam_e70_xult_freertos/production/_ext/912870411/sys_time.o
 .debug_line    0x0000000000004f07      0x200 build/sam_e70_xult_freertos/production/_ext/683629640/bsp.o
 .debug_line    0x0000000000005107      0xa28 build/sam_e70_xult_freertos/production/_ext/810785262/tcpip_commands.o
 .debug_line    0x0000000000005b2f      0x32e build/sam_e70_xult_freertos/production/_ext/901805035/plib_twihs0.o
 .debug_line    0x0000000000005e5d      0xa20 build/sam_e70_xult_freertos/production/_ext/810785262/ipv4.o
 .debug_line    0x000000000000687d      0x30f build/sam_e70_xult_freertos/production/_ext/901008055/plib_usart1.o
 .debug_line    0x0000000000006b8c      0x3ef build/sam_e70_xult_freertos/production/_ext/810785262/tcpip_heap_alloc.o
 .debug_line    0x0000000000006f7b      0x5bf build/sam_e70_xult_freertos/production/_ext/810785262/tcpip_heap_internal.o
 .debug_line    0x000000000000753a      0x275 build/sam_e70_xult_freertos/production/_ext/810785262/helpers.o
 .debug_line    0x00000000000077af      0x1d1 build/sam_e70_xult_freertos/production/_ext/810785262/hash_fnv.o
 .debug_line    0x0000000000007980      0x29c build/sam_e70_xult_freertos/production/_ext/810785262/oahash.o
 .debug_line    0x0000000000007c1c      0xc5c build/sam_e70_xult_freertos/production/_ext/810785262/tcpip_helpers.o
 .debug_line    0x0000000000008878     0x1530 build/sam_e70_xult_freertos/production/_ext/810785262/tcpip_manager.o
 .debug_line    0x0000000000009da8      0x48a build/sam_e70_xult_freertos/production/_ext/810785262/tcpip_notify.o
 .debug_line    0x000000000000a232      0x53f build/sam_e70_xult_freertos/production/_ext/810785262/tcpip_packet.o
 .debug_line    0x000000000000a771      0x19f build/sam_e70_xult_freertos/production/_ext/231871610/sys_time_h2_adapter.o
 .debug_line    0x000000000000a910      0x246 build/sam_e70_xult_freertos/production/_ext/1775855163/sys_int.o
 .debug_line    0x000000000000ab56      0x2f3 build/sam_e70_xult_freertos/production/_ext/281930714/osal_freertos.o
 .debug_line    0x000000000000ae49      0x615 build/sam_e70_xult_freertos/production/_ext/1360937237/app.o
 .debug_line    0x000000000000b45e      0x4be build/sam_e70_xult_freertos/production/_ext/1552905064/tasks.o
 .debug_line    0x000000000000b91c      0xe2a build/sam_e70_xult_freertos/production/_ext/1619526243/drv_gmac.o
 .debug_line    0x000000000000c746      0x976 build/sam_e70_xult_freertos/production/_ext/1619526243/drv_gmac_lib_samE7x_V7x.o
 .debug_line    0x000000000000d0bc      0x3a2 build/sam_e70_xult_freertos/production/_ext/1360937237/main.o
 .debug_line    0x000000000000d45e      0x77d build/sam_e70_xult_freertos/production/_ext/1552905064/initialization.o
 .debug_line    0x000000000000dbdb      0x3d0 build/sam_e70_xult_freertos/production/_ext/1552905064/interrupts.o
 .debug_line    0x000000000000dfab      0x3ef build/sam_e70_xult_freertos/production/_ext/1552905064/exceptions.o
 .debug_line    0x000000000000e39a      0x17e build/sam_e70_xult_freertos/production/_ext/45647770/plib_clk.o
 .debug_line    0x000000000000e518      0x221 build/sam_e70_xult_freertos/production/_ext/45635366/plib_pio.o
 .debug_line    0x000000000000e739      0x1a9 build/sam_e70_xult_freertos/production/_ext/1414743522/plib_nvic.o
 .debug_line    0x000000000000e8e2      0x15d build/sam_e70_xult_freertos/production/_ext/45638026/plib_mpu.o
 .debug_line    0x000000000000ea3f      0x4f4 build/sam_e70_xult_freertos/production/_ext/1552905064/startup_xc32.o
 .debug_line    0x000000000000ef33      0xf98 build/sam_e70_xult_freertos/production/_ext/810785262/udp.o
 .debug_line    0x000000000000fecb      0x8f0 build/sam_e70_xult_freertos/production/_ext/511568427/drv_miim.o
 .debug_line    0x00000000000107bb      0xebf build/sam_e70_xult_freertos/production/_ext/1607428259/drv_ethphy.o
 .debug_line    0x000000000001167a      0x358 build/sam_e70_xult_freertos/production/_ext/1607428259/drv_extphy_smsc8740.o
 .debug_line    0x00000000000119d2      0x333 build/sam_e70_xult_freertos/production/_ext/762686499/sys_console.o
 .debug_line    0x0000000000011d05      0x67f build/sam_e70_xult_freertos/production/_ext/762686499/sys_console_uart.o
 .debug_line    0x0000000000012384      0x2fc build/sam_e70_xult_freertos/production/_ext/762686499/sys_debug.o
 .debug_line    0x0000000000012680      0x61d build/sam_e70_xult_freertos/production/_ext/762686499/sys_command.o
 .debug_line    0x0000000000012c9d      0x1cd build/sam_e70_xult_freertos/production/_ext/1552905064/freertos_hooks.o
 .debug_line    0x0000000000012e6a      0x292 build/sam_e70_xult_freertos/production/_ext/404212886/list.o
 .debug_line    0x00000000000130fc      0x64d build/sam_e70_xult_freertos/production/_ext/404212886/queue.o
 .debug_line    0x0000000000013749      0x8f4 build/sam_e70_xult_freertos/production/_ext/404212886/FreeRTOS_tasks.o
 .debug_line    0x000000000001403d      0x1ac build/sam_e70_xult_freertos/production/_ext/1665200909/heap_3.o
 .debug_line    0x00000000000141e9      0x26b build/sam_e70_xult_freertos/production/_ext/977623654/port.o

.debug_str      0x0000000000000000     0x4dea
 .debug_str     0x0000000000000000       0x82 build/sam_e70_xult_freertos/production/_ext/1360937237/app_commands.o
 .debug_str     0x0000000000000082      0x4d1 build/sam_e70_xult_freertos/production/_ext/810785262/dns.o
 .debug_str     0x0000000000000553      0x14e build/sam_e70_xult_freertos/production/_ext/810785262/icmp.o
 .debug_str     0x00000000000006a1      0x40b build/sam_e70_xult_freertos/production/_ext/810785262/tcp.o
 .debug_str     0x0000000000000aac      0x632 build/sam_e70_xult_freertos/production/_ext/810785262/dhcp.o
 .debug_str     0x00000000000010de      0x4bc build/sam_e70_xult_freertos/production/_ext/810785262/arp.o
 .debug_str     0x000000000000159a        0xa build/sam_e70_xult_freertos/production/_ext/1245453995/plib_tc0.o
 .debug_str     0x00000000000015a4      0x16e build/sam_e70_xult_freertos/production/_ext/912870411/sys_time.o
 .debug_str     0x0000000000001712        0xe build/sam_e70_xult_freertos/production/_ext/683629640/bsp.o
 .debug_str     0x0000000000001720      0x7a2 build/sam_e70_xult_freertos/production/_ext/810785262/tcpip_commands.o
 .debug_str     0x0000000000001ec2       0x11 build/sam_e70_xult_freertos/production/_ext/901805035/plib_twihs0.o
 .debug_str     0x0000000000001ed3      0x568 build/sam_e70_xult_freertos/production/_ext/810785262/ipv4.o
 .debug_str     0x000000000000243b       0x10 build/sam_e70_xult_freertos/production/_ext/901008055/plib_usart1.o
 .debug_str     0x000000000000244b       0x6d build/sam_e70_xult_freertos/production/_ext/810785262/tcpip_heap_alloc.o
 .debug_str     0x00000000000024b8       0x90 build/sam_e70_xult_freertos/production/_ext/810785262/tcpip_heap_internal.o
 .debug_str     0x0000000000002548       0x21 build/sam_e70_xult_freertos/production/_ext/810785262/helpers.o
 .debug_str     0x0000000000002569        0xe build/sam_e70_xult_freertos/production/_ext/810785262/hash_fnv.o
 .debug_str     0x0000000000002577       0x18 build/sam_e70_xult_freertos/production/_ext/810785262/oahash.o
 .debug_str     0x000000000000258f      0x11e build/sam_e70_xult_freertos/production/_ext/810785262/tcpip_helpers.o
 .debug_str     0x00000000000026ad      0x51a build/sam_e70_xult_freertos/production/_ext/810785262/tcpip_manager.o
 .debug_str     0x0000000000002bc7       0xfe build/sam_e70_xult_freertos/production/_ext/810785262/tcpip_notify.o
 .debug_str     0x0000000000002cc5       0x49 build/sam_e70_xult_freertos/production/_ext/810785262/tcpip_packet.o
 .debug_str     0x0000000000002d0e       0x25 build/sam_e70_xult_freertos/production/_ext/231871610/sys_time_h2_adapter.o
 .debug_str     0x0000000000002d33       0x10 build/sam_e70_xult_freertos/production/_ext/1775855163/sys_int.o
 .debug_str     0x0000000000002d43      0x124 build/sam_e70_xult_freertos/production/_ext/281930714/osal_freertos.o
 .debug_str     0x0000000000002e67      0x29d build/sam_e70_xult_freertos/production/_ext/1360937237/app.o
 .debug_str     0x0000000000003104       0x9c build/sam_e70_xult_freertos/production/_ext/1552905064/tasks.o
 .debug_str     0x00000000000031a0      0x3af build/sam_e70_xult_freertos/production/_ext/1619526243/drv_gmac.o
 .debug_str     0x000000000000354f      0x13c build/sam_e70_xult_freertos/production/_ext/1619526243/drv_gmac_lib_samE7x_V7x.o
 .debug_str     0x000000000000368b       0x45 build/sam_e70_xult_freertos/production/_ext/1360937237/main.o
 .debug_str     0x00000000000036d0      0x1b0 build/sam_e70_xult_freertos/production/_ext/1552905064/initialization.o
 .debug_str     0x0000000000003880       0x2c build/sam_e70_xult_freertos/production/_ext/1552905064/interrupts.o
 .debug_str     0x00000000000038ac       0x2c build/sam_e70_xult_freertos/production/_ext/1552905064/exceptions.o
 .debug_str     0x00000000000038d8        0xa build/sam_e70_xult_freertos/production/_ext/45647770/plib_clk.o
 .debug_str     0x00000000000038e2       0x46 build/sam_e70_xult_freertos/production/_ext/45635366/plib_pio.o
 .debug_str     0x0000000000003928       0x28 build/sam_e70_xult_freertos/production/_ext/1414743522/plib_nvic.o
 .debug_str     0x0000000000003950        0x0 build/sam_e70_xult_freertos/production/_ext/45638026/plib_mpu.o
 .debug_str     0x0000000000003950       0xa6 build/sam_e70_xult_freertos/production/_ext/1552905064/startup_xc32.o
 .debug_str     0x00000000000039f6      0x3c9 build/sam_e70_xult_freertos/production/_ext/810785262/udp.o
 .debug_str     0x0000000000003dbf      0x2a8 build/sam_e70_xult_freertos/production/_ext/511568427/drv_miim.o
 .debug_str     0x0000000000004067      0x52c build/sam_e70_xult_freertos/production/_ext/1607428259/drv_ethphy.o
 .debug_str     0x0000000000004593       0x4d build/sam_e70_xult_freertos/production/_ext/1607428259/drv_extphy_smsc8740.o
 .debug_str     0x00000000000045e0       0x27 build/sam_e70_xult_freertos/production/_ext/762686499/sys_console.o
 .debug_str     0x0000000000004607      0x113 build/sam_e70_xult_freertos/production/_ext/762686499/sys_console_uart.o
 .debug_str     0x000000000000471a       0x2a build/sam_e70_xult_freertos/production/_ext/762686499/sys_debug.o
 .debug_str     0x0000000000004744       0xc3 build/sam_e70_xult_freertos/production/_ext/762686499/sys_command.o
 .debug_str     0x0000000000004807       0x25 build/sam_e70_xult_freertos/production/_ext/1552905064/freertos_hooks.o
 .debug_str     0x000000000000482c       0x39 build/sam_e70_xult_freertos/production/_ext/404212886/list.o
 .debug_str     0x0000000000004865      0x28d build/sam_e70_xult_freertos/production/_ext/404212886/queue.o
 .debug_str     0x0000000000004af2      0x288 build/sam_e70_xult_freertos/production/_ext/404212886/FreeRTOS_tasks.o
 .debug_str     0x0000000000004d7a       0x4a build/sam_e70_xult_freertos/production/_ext/1665200909/heap_3.o
 .debug_str     0x0000000000004dc4       0x26 build/sam_e70_xult_freertos/production/_ext/977623654/port.o

.comment        0x0000000000000000       0x3c
 .comment       0x0000000000000000       0x3c build/sam_e70_xult_freertos/production/_ext/1360937237/app_commands.o
                                         0x3d (size before relaxing)
 .comment       0x000000000000003c       0x3d build/sam_e70_xult_freertos/production/_ext/810785262/dns.o
 .comment       0x000000000000003c       0x3d build/sam_e70_xult_freertos/production/_ext/810785262/icmp.o
 .comment       0x000000000000003c       0x3d build/sam_e70_xult_freertos/production/_ext/810785262/tcp.o
 .comment       0x000000000000003c       0x3d build/sam_e70_xult_freertos/production/_ext/810785262/dhcp.o
 .comment       0x000000000000003c       0x3d build/sam_e70_xult_freertos/production/_ext/810785262/arp.o
 .comment       0x000000000000003c       0x3d build/sam_e70_xult_freertos/production/_ext/1245453995/plib_tc0.o
 .comment       0x000000000000003c       0x3d build/sam_e70_xult_freertos/production/_ext/912870411/sys_time.o
 .comment       0x000000000000003c       0x3d build/sam_e70_xult_freertos/production/_ext/683629640/bsp.o
 .comment       0x000000000000003c       0x3d build/sam_e70_xult_freertos/production/_ext/810785262/tcpip_commands.o
 .comment       0x000000000000003c       0x3d build/sam_e70_xult_freertos/production/_ext/901805035/plib_twihs0.o
 .comment       0x000000000000003c       0x3d build/sam_e70_xult_freertos/production/_ext/810785262/ipv4.o
 .comment       0x000000000000003c       0x3d build/sam_e70_xult_freertos/production/_ext/901008055/plib_usart1.o
 .comment       0x000000000000003c       0x3d build/sam_e70_xult_freertos/production/_ext/810785262/tcpip_heap_alloc.o
 .comment       0x000000000000003c       0x3d build/sam_e70_xult_freertos/production/_ext/810785262/tcpip_heap_internal.o
 .comment       0x000000000000003c       0x3d build/sam_e70_xult_freertos/production/_ext/810785262/helpers.o
 .comment       0x000000000000003c       0x3d build/sam_e70_xult_freertos/production/_ext/810785262/hash_fnv.o
 .comment       0x000000000000003c       0x3d build/sam_e70_xult_freertos/production/_ext/810785262/oahash.o
 .comment       0x000000000000003c       0x3d build/sam_e70_xult_freertos/production/_ext/810785262/tcpip_helpers.o
 .comment       0x000000000000003c       0x3d build/sam_e70_xult_freertos/production/_ext/810785262/tcpip_manager.o
 .comment       0x000000000000003c       0x3d build/sam_e70_xult_freertos/production/_ext/810785262/tcpip_notify.o
 .comment       0x000000000000003c       0x3d build/sam_e70_xult_freertos/production/_ext/810785262/tcpip_packet.o
 .comment       0x000000000000003c       0x3d build/sam_e70_xult_freertos/production/_ext/231871610/sys_time_h2_adapter.o
 .comment       0x000000000000003c       0x3d build/sam_e70_xult_freertos/production/_ext/1775855163/sys_int.o
 .comment       0x000000000000003c       0x3d build/sam_e70_xult_freertos/production/_ext/281930714/osal_freertos.o
 .comment       0x000000000000003c       0x3d build/sam_e70_xult_freertos/production/_ext/1360937237/app.o
 .comment       0x000000000000003c       0x3d build/sam_e70_xult_freertos/production/_ext/1552905064/tasks.o
 .comment       0x000000000000003c       0x3d build/sam_e70_xult_freertos/production/_ext/1619526243/drv_gmac.o
 .comment       0x000000000000003c       0x3d build/sam_e70_xult_freertos/production/_ext/1619526243/drv_gmac_lib_samE7x_V7x.o
 .comment       0x000000000000003c       0x3d build/sam_e70_xult_freertos/production/_ext/1360937237/main.o
 .comment       0x000000000000003c       0x3d build/sam_e70_xult_freertos/production/_ext/1552905064/initialization.o
 .comment       0x000000000000003c       0x3d build/sam_e70_xult_freertos/production/_ext/1552905064/interrupts.o
 .comment       0x000000000000003c       0x3d build/sam_e70_xult_freertos/production/_ext/1552905064/exceptions.o
 .comment       0x000000000000003c       0x3d build/sam_e70_xult_freertos/production/_ext/45647770/plib_clk.o
 .comment       0x000000000000003c       0x3d build/sam_e70_xult_freertos/production/_ext/45635366/plib_pio.o
 .comment       0x000000000000003c       0x3d build/sam_e70_xult_freertos/production/_ext/1414743522/plib_nvic.o
 .comment       0x000000000000003c       0x3d build/sam_e70_xult_freertos/production/_ext/45638026/plib_mpu.o
 .comment       0x000000000000003c       0x3d build/sam_e70_xult_freertos/production/_ext/1552905064/startup_xc32.o
 .comment       0x000000000000003c       0x3d build/sam_e70_xult_freertos/production/_ext/810785262/udp.o
 .comment       0x000000000000003c       0x3d build/sam_e70_xult_freertos/production/_ext/511568427/drv_miim.o
 .comment       0x000000000000003c       0x3d build/sam_e70_xult_freertos/production/_ext/1607428259/drv_ethphy.o
 .comment       0x000000000000003c       0x3d build/sam_e70_xult_freertos/production/_ext/1607428259/drv_extphy_smsc8740.o
 .comment       0x000000000000003c       0x3d build/sam_e70_xult_freertos/production/_ext/762686499/sys_console.o
 .comment       0x000000000000003c       0x3d build/sam_e70_xult_freertos/production/_ext/762686499/sys_console_uart.o
 .comment       0x000000000000003c       0x3d build/sam_e70_xult_freertos/production/_ext/762686499/sys_debug.o
 .comment       0x000000000000003c       0x3d build/sam_e70_xult_freertos/production/_ext/762686499/sys_command.o
 .comment       0x000000000000003c       0x3d build/sam_e70_xult_freertos/production/_ext/1552905064/freertos_hooks.o
 .comment       0x000000000000003c       0x3d build/sam_e70_xult_freertos/production/_ext/404212886/list.o
 .comment       0x000000000000003c       0x3d build/sam_e70_xult_freertos/production/_ext/404212886/queue.o
 .comment       0x000000000000003c       0x3d build/sam_e70_xult_freertos/production/_ext/404212886/FreeRTOS_tasks.o
 .comment       0x000000000000003c       0x3d build/sam_e70_xult_freertos/production/_ext/1665200909/heap_3.o
 .comment       0x000000000000003c       0x3d build/sam_e70_xult_freertos/production/_ext/977623654/port.o

.debug_frame    0x0000000000000000     0x7948
 .debug_frame   0x0000000000000000       0x44 build/sam_e70_xult_freertos/production/_ext/1360937237/app_commands.o
 .debug_frame   0x0000000000000044      0x490 build/sam_e70_xult_freertos/production/_ext/810785262/dns.o
 .debug_frame   0x00000000000004d4       0x84 build/sam_e70_xult_freertos/production/_ext/810785262/icmp.o
 .debug_frame   0x0000000000000558      0x76c build/sam_e70_xult_freertos/production/_ext/810785262/tcp.o
 .debug_frame   0x0000000000000cc4      0x52c build/sam_e70_xult_freertos/production/_ext/810785262/dhcp.o
 .debug_frame   0x00000000000011f0      0x4dc build/sam_e70_xult_freertos/production/_ext/810785262/arp.o
 .debug_frame   0x00000000000016cc       0xb8 build/sam_e70_xult_freertos/production/_ext/1245453995/plib_tc0.o
 .debug_frame   0x0000000000001784      0x3bc build/sam_e70_xult_freertos/production/_ext/912870411/sys_time.o
 .debug_frame   0x0000000000001b40       0x20 build/sam_e70_xult_freertos/production/_ext/683629640/bsp.o
 .debug_frame   0x0000000000001b60      0x310 build/sam_e70_xult_freertos/production/_ext/810785262/tcpip_commands.o
 .debug_frame   0x0000000000001e70       0xd8 build/sam_e70_xult_freertos/production/_ext/901805035/plib_twihs0.o
 .debug_frame   0x0000000000001f48      0x2ac build/sam_e70_xult_freertos/production/_ext/810785262/ipv4.o
 .debug_frame   0x00000000000021f4      0x114 build/sam_e70_xult_freertos/production/_ext/901008055/plib_usart1.o
 .debug_frame   0x0000000000002308       0x9c build/sam_e70_xult_freertos/production/_ext/810785262/tcpip_heap_alloc.o
 .debug_frame   0x00000000000023a4      0x138 build/sam_e70_xult_freertos/production/_ext/810785262/tcpip_heap_internal.o
 .debug_frame   0x00000000000024dc       0xd8 build/sam_e70_xult_freertos/production/_ext/810785262/helpers.o
 .debug_frame   0x00000000000025b4       0x30 build/sam_e70_xult_freertos/production/_ext/810785262/hash_fnv.o
 .debug_frame   0x00000000000025e4       0xc0 build/sam_e70_xult_freertos/production/_ext/810785262/oahash.o
 .debug_frame   0x00000000000026a4      0x6dc build/sam_e70_xult_freertos/production/_ext/810785262/tcpip_helpers.o
 .debug_frame   0x0000000000002d80      0xab0 build/sam_e70_xult_freertos/production/_ext/810785262/tcpip_manager.o
 .debug_frame   0x0000000000003830       0x94 build/sam_e70_xult_freertos/production/_ext/810785262/tcpip_notify.o
 .debug_frame   0x00000000000038c4      0x150 build/sam_e70_xult_freertos/production/_ext/810785262/tcpip_packet.o
 .debug_frame   0x0000000000003a14       0x40 build/sam_e70_xult_freertos/production/_ext/231871610/sys_time_h2_adapter.o
 .debug_frame   0x0000000000003a54       0x6c build/sam_e70_xult_freertos/production/_ext/1775855163/sys_int.o
 .debug_frame   0x0000000000003ac0      0x150 build/sam_e70_xult_freertos/production/_ext/281930714/osal_freertos.o
 .debug_frame   0x0000000000003c10       0xa4 build/sam_e70_xult_freertos/production/_ext/1360937237/app.o
 .debug_frame   0x0000000000003cb4       0x94 build/sam_e70_xult_freertos/production/_ext/1552905064/tasks.o
 .debug_frame   0x0000000000003d48      0x670 build/sam_e70_xult_freertos/production/_ext/1619526243/drv_gmac.o
 .debug_frame   0x00000000000043b8      0x230 build/sam_e70_xult_freertos/production/_ext/1619526243/drv_gmac_lib_samE7x_V7x.o
 .debug_frame   0x00000000000045e8       0x28 build/sam_e70_xult_freertos/production/_ext/1360937237/main.o
 .debug_frame   0x0000000000004610       0x44 build/sam_e70_xult_freertos/production/_ext/1552905064/initialization.o
 .debug_frame   0x0000000000004654       0x20 build/sam_e70_xult_freertos/production/_ext/1552905064/interrupts.o
 .debug_frame   0x0000000000004674       0x70 build/sam_e70_xult_freertos/production/_ext/1552905064/exceptions.o
 .debug_frame   0x00000000000046e4       0x20 build/sam_e70_xult_freertos/production/_ext/45647770/plib_clk.o
 .debug_frame   0x0000000000004704       0xa0 build/sam_e70_xult_freertos/production/_ext/45635366/plib_pio.o
 .debug_frame   0x00000000000047a4       0x20 build/sam_e70_xult_freertos/production/_ext/1414743522/plib_nvic.o
 .debug_frame   0x00000000000047c4       0x20 build/sam_e70_xult_freertos/production/_ext/45638026/plib_mpu.o
 .debug_frame   0x00000000000047e4       0x30 build/sam_e70_xult_freertos/production/_ext/1552905064/startup_xc32.o
 .debug_frame   0x0000000000004814      0x678 build/sam_e70_xult_freertos/production/_ext/810785262/udp.o
 .debug_frame   0x0000000000004e8c      0x2c8 build/sam_e70_xult_freertos/production/_ext/511568427/drv_miim.o
 .debug_frame   0x0000000000005154      0x728 build/sam_e70_xult_freertos/production/_ext/1607428259/drv_ethphy.o
 .debug_frame   0x000000000000587c       0x70 build/sam_e70_xult_freertos/production/_ext/1607428259/drv_extphy_smsc8740.o
 .debug_frame   0x00000000000058ec       0xcc build/sam_e70_xult_freertos/production/_ext/762686499/sys_console.o
 .debug_frame   0x00000000000059b8      0x174 build/sam_e70_xult_freertos/production/_ext/762686499/sys_console_uart.o
 .debug_frame   0x0000000000005b2c       0xb4 build/sam_e70_xult_freertos/production/_ext/762686499/sys_debug.o
 .debug_frame   0x0000000000005be0      0x2e0 build/sam_e70_xult_freertos/production/_ext/762686499/sys_command.o
 .debug_frame   0x0000000000005ec0       0x6c build/sam_e70_xult_freertos/production/_ext/1552905064/freertos_hooks.o
 .debug_frame   0x0000000000005f2c       0x6c build/sam_e70_xult_freertos/production/_ext/404212886/list.o
 .debug_frame   0x0000000000005f98      0x280 build/sam_e70_xult_freertos/production/_ext/404212886/queue.o
 .debug_frame   0x0000000000006218      0x478 build/sam_e70_xult_freertos/production/_ext/404212886/FreeRTOS_tasks.o
 .debug_frame   0x0000000000006690       0x44 build/sam_e70_xult_freertos/production/_ext/1665200909/heap_3.o
 .debug_frame   0x00000000000066d4       0xe8 build/sam_e70_xult_freertos/production/_ext/977623654/port.o
 .debug_frame   0x00000000000067bc       0x2c /Applications/microchip/xc32/v2.15/bin/bin/../../lib/gcc/pic32c/6.2.1/../../../../pic32c/lib/v7e-m/fpv5/hard/libpic32c.a(data_init.o)
 .debug_frame   0x00000000000067e8       0x2c /Applications/microchip/xc32/v2.15/bin/bin/../../lib/gcc/pic32c/6.2.1/v7e-m/fpv5/hard/libgcc.a(_aeabi_uldivmod.o)
 .debug_frame   0x0000000000006814       0x34 /Applications/microchip/xc32/v2.15/bin/bin/../../lib/gcc/pic32c/6.2.1/v7e-m/fpv5/hard/libgcc.a(_udivmoddi4.o)
 .debug_frame   0x0000000000006848       0x20 /Applications/microchip/xc32/v2.15/bin/bin/../../lib/gcc/pic32c/6.2.1/../../../../pic32c/lib/v7e-m/fpv5/hard/libc.a(lib_a-atof.o)
 .debug_frame   0x0000000000006868       0x30 /Applications/microchip/xc32/v2.15/bin/bin/../../lib/gcc/pic32c/6.2.1/../../../../pic32c/lib/v7e-m/fpv5/hard/libc.a(lib_a-atoi.o)
 .debug_frame   0x0000000000006898       0x20 /Applications/microchip/xc32/v2.15/bin/bin/../../lib/gcc/pic32c/6.2.1/../../../../pic32c/lib/v7e-m/fpv5/hard/libc.a(lib_a-calloc.o)
 .debug_frame   0x00000000000068b8       0x28 /Applications/microchip/xc32/v2.15/bin/bin/../../lib/gcc/pic32c/6.2.1/../../../../pic32c/lib/v7e-m/fpv5/hard/libc.a(lib_a-callocr.o)
 .debug_frame   0x00000000000068e0       0x2c /Applications/microchip/xc32/v2.15/bin/bin/../../lib/gcc/pic32c/6.2.1/../../../../pic32c/lib/v7e-m/fpv5/hard/libc.a(lib_a-init.o)
 .debug_frame   0x000000000000690c       0x6c /Applications/microchip/xc32/v2.15/bin/bin/../../lib/gcc/pic32c/6.2.1/../../../../pic32c/lib/v7e-m/fpv5/hard/libc.a(lib_a-locale.o)
 .debug_frame   0x0000000000006978       0x30 /Applications/microchip/xc32/v2.15/bin/bin/../../lib/gcc/pic32c/6.2.1/../../../../pic32c/lib/v7e-m/fpv5/hard/libc.a(lib_a-malloc.o)
 .debug_frame   0x00000000000069a8       0x58 /Applications/microchip/xc32/v2.15/bin/bin/../../lib/gcc/pic32c/6.2.1/../../../../pic32c/lib/v7e-m/fpv5/hard/libc.a(lib_a-mallocr.o)
 .debug_frame   0x0000000000006a00       0x4c /Applications/microchip/xc32/v2.15/bin/bin/../../lib/gcc/pic32c/6.2.1/../../../../pic32c/lib/v7e-m/fpv5/hard/libc.a(lib_a-mbtowc_r.o)
 .debug_frame   0x0000000000006a4c       0x3c /Applications/microchip/xc32/v2.15/bin/bin/../../lib/gcc/pic32c/6.2.1/../../../../pic32c/lib/v7e-m/fpv5/hard/libc.a(lib_a-memcmp.o)
 .debug_frame   0x0000000000006a88       0x34 /Applications/microchip/xc32/v2.15/bin/bin/../../lib/gcc/pic32c/6.2.1/../../../../pic32c/lib/v7e-m/fpv5/hard/libc.a(lib_a-memset.o)
 .debug_frame   0x0000000000006abc       0x30 /Applications/microchip/xc32/v2.15/bin/bin/../../lib/gcc/pic32c/6.2.1/../../../../pic32c/lib/v7e-m/fpv5/hard/libc.a(lib_a-mlock.o)
 .debug_frame   0x0000000000006aec       0x3c /Applications/microchip/xc32/v2.15/bin/bin/../../lib/gcc/pic32c/6.2.1/../../../../pic32c/lib/v7e-m/fpv5/hard/libc.a(lib_a-rand.o)
 .debug_frame   0x0000000000006b28       0x2c /Applications/microchip/xc32/v2.15/bin/bin/../../lib/gcc/pic32c/6.2.1/../../../../pic32c/lib/v7e-m/fpv5/hard/libc.a(lib_a-sbrkr.o)
 .debug_frame   0x0000000000006b54       0xd0 /Applications/microchip/xc32/v2.15/bin/bin/../../lib/gcc/pic32c/6.2.1/../../../../pic32c/lib/v7e-m/fpv5/hard/libc.a(lib_a-snprintf.o)
 .debug_frame   0x0000000000006c24       0x84 /Applications/microchip/xc32/v2.15/bin/bin/../../lib/gcc/pic32c/6.2.1/../../../../pic32c/lib/v7e-m/fpv5/hard/libc.a(lib_a-sprintf.o)
 .debug_frame   0x0000000000006ca8       0x68 /Applications/microchip/xc32/v2.15/bin/bin/../../lib/gcc/pic32c/6.2.1/../../../../pic32c/lib/v7e-m/fpv5/hard/libc.a(lib_a-strcmp.o)
 .debug_frame   0x0000000000006d10       0x20 /Applications/microchip/xc32/v2.15/bin/bin/../../lib/gcc/pic32c/6.2.1/../../../../pic32c/lib/v7e-m/fpv5/hard/libc.a(lib_a-strcpy.o)
 .debug_frame   0x0000000000006d30       0x30 /Applications/microchip/xc32/v2.15/bin/bin/../../lib/gcc/pic32c/6.2.1/../../../../pic32c/lib/v7e-m/fpv5/hard/libc.a(lib_a-strncat.o)
 .debug_frame   0x0000000000006d60       0x34 /Applications/microchip/xc32/v2.15/bin/bin/../../lib/gcc/pic32c/6.2.1/../../../../pic32c/lib/v7e-m/fpv5/hard/libc.a(lib_a-strncpy.o)
 .debug_frame   0x0000000000006d94       0xd8 /Applications/microchip/xc32/v2.15/bin/bin/../../lib/gcc/pic32c/6.2.1/../../../../pic32c/lib/v7e-m/fpv5/hard/libc.a(lib_a-strstr.o)
 .debug_frame   0x0000000000006e6c      0x13c /Applications/microchip/xc32/v2.15/bin/bin/../../lib/gcc/pic32c/6.2.1/../../../../pic32c/lib/v7e-m/fpv5/hard/libc.a(lib_a-strtod.o)
 .debug_frame   0x0000000000006fa8       0x20 /Applications/microchip/xc32/v2.15/bin/bin/../../lib/gcc/pic32c/6.2.1/../../../../pic32c/lib/v7e-m/fpv5/hard/libc.a(lib_a-strtok.o)
 .debug_frame   0x0000000000006fc8       0x48 /Applications/microchip/xc32/v2.15/bin/bin/../../lib/gcc/pic32c/6.2.1/../../../../pic32c/lib/v7e-m/fpv5/hard/libc.a(lib_a-strtok_r.o)
 .debug_frame   0x0000000000007010       0x98 /Applications/microchip/xc32/v2.15/bin/bin/../../lib/gcc/pic32c/6.2.1/../../../../pic32c/lib/v7e-m/fpv5/hard/libc.a(lib_a-strtol.o)
 .debug_frame   0x00000000000070a8       0x68 /Applications/microchip/xc32/v2.15/bin/bin/../../lib/gcc/pic32c/6.2.1/../../../../pic32c/lib/v7e-m/fpv5/hard/libc.a(lib_a-svfprintf.o)
 .debug_frame   0x0000000000007110       0x60 /Applications/microchip/xc32/v2.15/bin/bin/../../lib/gcc/pic32c/6.2.1/../../../../pic32c/lib/v7e-m/fpv5/hard/libc.a(lib_a-vsnprintf.o)
 .debug_frame   0x0000000000007170       0x3c /Applications/microchip/xc32/v2.15/bin/bin/../../lib/gcc/pic32c/6.2.1/../../../../pic32c/lib/v7e-m/fpv5/hard/libc.a(lib_a-wctomb_r.o)
 .debug_frame   0x00000000000071ac       0x50 /Applications/microchip/xc32/v2.15/bin/bin/../../lib/gcc/pic32c/6.2.1/../../../../pic32c/lib/v7e-m/fpv5/hard/libc.a(lib_a-__call_atexit.o)
 .debug_frame   0x00000000000071fc       0x20 /Applications/microchip/xc32/v2.15/bin/bin/../../lib/gcc/pic32c/6.2.1/../../../../pic32c/lib/v7e-m/fpv5/hard/libc.a(lib_a-atexit.o)
 .debug_frame   0x000000000000721c       0x84 /Applications/microchip/xc32/v2.15/bin/bin/../../lib/gcc/pic32c/6.2.1/../../../../pic32c/lib/v7e-m/fpv5/hard/libc.a(lib_a-dtoa.o)
 .debug_frame   0x00000000000072a0       0x34 /Applications/microchip/xc32/v2.15/bin/bin/../../lib/gcc/pic32c/6.2.1/../../../../pic32c/lib/v7e-m/fpv5/hard/libc.a(lib_a-fini.o)
 .debug_frame   0x00000000000072d4       0x74 /Applications/microchip/xc32/v2.15/bin/bin/../../lib/gcc/pic32c/6.2.1/../../../../pic32c/lib/v7e-m/fpv5/hard/libc.a(lib_a-freer.o)
 .debug_frame   0x0000000000007348       0x70 /Applications/microchip/xc32/v2.15/bin/bin/../../lib/gcc/pic32c/6.2.1/../../../../pic32c/lib/v7e-m/fpv5/hard/libc.a(lib_a-gdtoa-gethex.o)
 .debug_frame   0x00000000000073b8       0x70 /Applications/microchip/xc32/v2.15/bin/bin/../../lib/gcc/pic32c/6.2.1/../../../../pic32c/lib/v7e-m/fpv5/hard/libc.a(lib_a-gdtoa-hexnan.o)
 .debug_frame   0x0000000000007428       0x40 /Applications/microchip/xc32/v2.15/bin/bin/../../lib/gcc/pic32c/6.2.1/../../../../pic32c/lib/v7e-m/fpv5/hard/libc.a(lib_a-localeconv.o)
 .debug_frame   0x0000000000007468      0x248 /Applications/microchip/xc32/v2.15/bin/bin/../../lib/gcc/pic32c/6.2.1/../../../../pic32c/lib/v7e-m/fpv5/hard/libc.a(lib_a-mprec.o)
 .debug_frame   0x00000000000076b0       0x58 /Applications/microchip/xc32/v2.15/bin/bin/../../lib/gcc/pic32c/6.2.1/../../../../pic32c/lib/v7e-m/fpv5/hard/libc.a(lib_a-reent.o)
 .debug_frame   0x0000000000007708       0x38 /Applications/microchip/xc32/v2.15/bin/bin/../../lib/gcc/pic32c/6.2.1/../../../../pic32c/lib/v7e-m/fpv5/hard/libc.a(lib_a-s_frexp.o)
 .debug_frame   0x0000000000007740       0x50 /Applications/microchip/xc32/v2.15/bin/bin/../../lib/gcc/pic32c/6.2.1/../../../../pic32c/lib/v7e-m/fpv5/hard/libc.a(lib_a-strchr.o)
 .debug_frame   0x0000000000007790       0x54 /Applications/microchip/xc32/v2.15/bin/bin/../../lib/gcc/pic32c/6.2.1/../../../../pic32c/lib/v7e-m/fpv5/hard/libc.a(lib_a-strncmp.o)
 .debug_frame   0x00000000000077e4       0x78 /Applications/microchip/xc32/v2.15/bin/bin/../../lib/gcc/pic32c/6.2.1/../../../../pic32c/lib/v7e-m/fpv5/hard/libc.a(lib_a-svfiprintf.o)
 .debug_frame   0x000000000000785c       0x34 /Applications/microchip/xc32/v2.15/bin/bin/../../lib/gcc/pic32c/6.2.1/../../../../pic32c/lib/v7e-m/fpv5/hard/libc.a(lib_a-__atexit.o)
 .debug_frame   0x0000000000007890       0x30 /Applications/microchip/xc32/v2.15/bin/bin/../../lib/gcc/pic32c/6.2.1/../../../../pic32c/lib/v7e-m/fpv5/hard/libc.a(lib_a-memmove.o)
 .debug_frame   0x00000000000078c0       0x68 /Applications/microchip/xc32/v2.15/bin/bin/../../lib/gcc/pic32c/6.2.1/../../../../pic32c/lib/v7e-m/fpv5/hard/libc.a(lib_a-reallocr.o)
 .debug_frame   0x0000000000007928       0x20 /Applications/microchip/xc32/v2.15/bin/bin/../../lib/gcc/pic32c/6.2.1/../../../../pic32c/lib/v7e-m/fpv5/hard/libpic32c.a(sbrk.o)

.stack          0x0000000020419730      0x100
 .stack         0x0000000020419730      0x100 stack

.bss.gmac_dcpt_array%1
                0x000000002045f000       0xf0
 .bss.gmac_dcpt_array
                0x000000002045f000       0xf0 build/sam_e70_xult_freertos/production/_ext/1619526243/drv_gmac_lib_samE7x_V7x.o
                0x000000002045f000                gmac_dcpt_array

.bss.printBuff%2
                0x000000002045f0f0      0xa00
 .bss.printBuff
                0x000000002045f0f0      0xa00 build/sam_e70_xult_freertos/production/_ext/762686499/sys_command.o

.data.impure_data%3
                0x000000002045faf0      0x428
 .data.impure_data
                0x000000002045faf0      0x428 /Applications/microchip/xc32/v2.15/bin/bin/../../lib/gcc/pic32c/6.2.1/../../../../pic32c/lib/v7e-m/fpv5/hard/libc.a(lib_a-impure.o)

.data.__malloc_av_%4
                0x000000002040060c      0x408
 .data.__malloc_av_
                0x000000002040060c      0x408 /Applications/microchip/xc32/v2.15/bin/bin/../../lib/gcc/pic32c/6.2.1/../../../../pic32c/lib/v7e-m/fpv5/hard/libc.a(lib_a-mallocr.o)
                0x000000002040060c                __malloc_av_

.data._gmac_drv_dcpt%5
                0x0000000020400a14      0x304
 .data._gmac_drv_dcpt
                0x0000000020400a14      0x304 build/sam_e70_xult_freertos/production/_ext/1619526243/drv_gmac.o

.bss.TCPIP_STACK_MODULE_SIGNAL_TBL%6
                0x0000000020400d18      0x250
 .bss.TCPIP_STACK_MODULE_SIGNAL_TBL
                0x0000000020400d18      0x250 build/sam_e70_xult_freertos/production/_ext/810785262/tcpip_manager.o

.bss.sysConsole0UARTWrQueueElements%7
                0x0000000020400f68      0x208
 .bss.sysConsole0UARTWrQueueElements
                0x0000000020400f68      0x208 build/sam_e70_xult_freertos/production/_ext/1552905064/initialization.o

.data.__global_locale%8
                0x0000000020401170      0x16c
 .data.__global_locale
                0x0000000020401170      0x16c /Applications/microchip/xc32/v2.15/bin/bin/../../lib/gcc/pic32c/6.2.1/../../../../pic32c/lib/v7e-m/fpv5/hard/libc.a(lib_a-locale.o)
                0x0000000020401170                __global_locale

.bss.printBuffer%9
                0x000000002045ff18       0xc8